usb_device_ehci.c:143:13:USB_DeviceEhciSetDefaultState	32	static
usb_device_ehci.c:215:21:USB_DeviceEhciEndpointInit	32	static
usb_device_ehci.c:300:21:USB_DeviceEhciEndpointDeinit	24	static
usb_device_ehci.c:348:21:USB_DeviceEhciEndpointStall	24	static
usb_device_ehci.c:383:21:USB_DeviceEhciEndpointUnstall	24	static
usb_device_ehci.c:415:13:USB_DeviceEhciFillSetupBuffer	24	static
usb_device_ehci.c:452:13:USB_DeviceEhciCancelControlPipe	40	static
usb_device_ehci.c:532:13:USB_DeviceEhciInterruptTokenDone	56	static
usb_device_ehci.c:748:13:USB_DeviceEhciInterruptPortChange	32	static
usb_device_ehci.c:798:13:USB_DeviceEhciInterruptReset	32	static
usb_device_ehci.c:840:13:USB_DeviceEhciInterruptSof	16	static
usb_device_ehci.c:886:21:USB_DeviceEhciTransfer	80	static
usb_device_ehci.c:1093:14:USB_EhciGetValidEhciState	24	static
usb_device_ehci.c:1178:14:USB_DeviceEhciInit	40	static
usb_device_ehci.c:1317:14:USB_DeviceEhciDeinit	24	static
usb_device_ehci.c:1371:14:USB_DeviceEhciSend	24	static
usb_device_ehci.c:1403:14:USB_DeviceEhciRecv	24	static
usb_device_ehci.c:1425:14:USB_DeviceEhciCancel	56	static
usb_device_ehci.c:1560:14:USB_DeviceEhciControl	48	static
usb_device_ehci.c:1842:6:USB_DeviceEhciIsrFunction	32	static
