router_eligible_device_app.c:251:13:i2c_release_bus_delay	0	static
router_eligible_device_app.c:1826:13:App_CounterCallback	8	static
router_eligible_device_app.c:736:13:APP_ThrNwkJoin	8	static
router_eligible_device_app.c:1008:13:APP_JoinEventsHandler	8	static
router_eligible_device_app.c:754:13:App_JoinTimerCallback	8	static
router_eligible_device_app.c:889:13:APP_AppModeHandleKeyboard	8	static
router_eligible_device_app.c:984:13:App_UpdateStateLeds	8	static
router_eligible_device_app.c:775:13:APP_ConfigModeSwShortPressHandler	8	static
router_eligible_device_app.c:846:13:APP_ConfigModeHandleKeyboard	8	static
router_eligible_device_app.c:958:13:App_HandleKeyboard	8	static
router_eligible_device_app.c:1611:13:App_RestoreLeaderLed	8	static
router_eligible_device_app.c:1344:13:APP_LocalDataSinkRelease	24	static
router_eligible_device_app.c:1143:20:APP_SendDataSinkCommand	32	static
router_eligible_device_app.c:1194:13:APP_SendDataSinkRelease	24	static
router_eligible_device_app.c:1056:13:APP_CoapGenericCallback	8	static
router_eligible_device_app.c:1572:13:APP_CoapSinkCb	16	static
router_eligible_device_app.c:1397:13:APP_ProcessLedCmd	24	static
router_eligible_device_app.c:1218:13:APP_SendLedCommand	24	static
router_eligible_device_app.c:1326:13:APP_SendLedColorWheel	32	static
router_eligible_device_app.c:1309:13:APP_SendLedFlash	16	static
router_eligible_device_app.c:1292:13:APP_SendLedRgbOff	40	static
router_eligible_device_app.c:1367:13:APP_CoapLedCb	16	static
router_eligible_device_app.c:1261:13:APP_SendLedRgbOn	56	static
router_eligible_device_app.c:1094:13:APP_ReportTemp	24	static
router_eligible_device_app.c:1172:13:APP_SendDataSinkCreate	16	static
router_eligible_device_app.c:708:13:APP_InitCoapDemo	96	static
router_eligible_device_app.c:1700:13:APP_CoapAccelCb	104	static
router_eligible_device_app.c:1501:13:APP_CoapTempCb	88	static
router_eligible_device_app.c:260:6:BOARD_I2C_ReleaseBus	24	static
router_eligible_device_app.c:338:6:APP_Init	24	static
router_eligible_device_app.c:463:6:APP_Handler	8	static
router_eligible_device_app.c:488:6:APP_NwkScanHandler	16	static
router_eligible_device_app.c:514:6:Stack_to_APP_Handler	16	static
router_eligible_device_app.c:622:6:APP_Commissioning_Handler	72	static
router_eligible_device_app.c:692:6:App_RestoreLeaderLedCb	8	static
router_eligible_device_app.c:1845:7:App_GetCounterDataString	32	static
router_eligible_device_app.c:1619:13:APP_CoapTeam4Cb	72	static
router_eligible_device_app.c:1876:7:App_GetAccelDataString	32	static
