Archive member included to satisfy reference by file (symbol)

/Applications/MCUXpressoIDE_11.3.0_5222/ide/plugins/com.nxp.mcuxpresso.tools.macosx_11.3.0.202011031536/tools/bin/../lib/gcc/arm-none-eabi/9.3.1/../../../../arm-none-eabi/lib/thumb/v7e-m+fp/hard/libcr_semihost_nf.a(_cr__main.o)
                              ./startup/startup_mk64f12.o (__main)
/Applications/MCUXpressoIDE_11.3.0_5222/ide/plugins/com.nxp.mcuxpresso.tools.macosx_11.3.0.202011031536/tools/bin/../lib/gcc/arm-none-eabi/9.3.1/../../../../arm-none-eabi/lib/thumb/v7e-m+fp/hard/libcr_semihost_nf.a(_cr_assert.o)
                              ./drivers/fsl_adc16.o (__assertion_failed)
/Applications/MCUXpressoIDE_11.3.0_5222/ide/plugins/com.nxp.mcuxpresso.tools.macosx_11.3.0.202011031536/tools/bin/../lib/gcc/arm-none-eabi/9.3.1/../../../../arm-none-eabi/lib/thumb/v7e-m+fp/hard/libcr_semihost_nf.a(__ciob.o)
                              /Applications/MCUXpressoIDE_11.3.0_5222/ide/plugins/com.nxp.mcuxpresso.tools.macosx_11.3.0.202011031536/tools/bin/../lib/gcc/arm-none-eabi/9.3.1/../../../../arm-none-eabi/lib/thumb/v7e-m+fp/hard/libcr_semihost_nf.a(_cr_assert.o) (__Ciob)
/Applications/MCUXpressoIDE_11.3.0_5222/ide/plugins/com.nxp.mcuxpresso.tools.macosx_11.3.0.202011031536/tools/bin/../lib/gcc/arm-none-eabi/9.3.1/../../../../arm-none-eabi/lib/thumb/v7e-m+fp/hard/libcr_semihost_nf.a(__sys_appexit.o)
                              /Applications/MCUXpressoIDE_11.3.0_5222/ide/plugins/com.nxp.mcuxpresso.tools.macosx_11.3.0.202011031536/tools/bin/../lib/gcc/arm-none-eabi/9.3.1/../../../../arm-none-eabi/lib/thumb/v7e-m+fp/hard/libcr_semihost_nf.a(_cr_assert.o) (__sys_appexit)
/Applications/MCUXpressoIDE_11.3.0_5222/ide/plugins/com.nxp.mcuxpresso.tools.macosx_11.3.0.202011031536/tools/bin/../lib/gcc/arm-none-eabi/9.3.1/../../../../arm-none-eabi/lib/thumb/v7e-m+fp/hard/libcr_c.a(memcpy.o)
                              ./utilities/fsl_str.o (memcpy)
/Applications/MCUXpressoIDE_11.3.0_5222/ide/plugins/com.nxp.mcuxpresso.tools.macosx_11.3.0.202011031536/tools/bin/../lib/gcc/arm-none-eabi/9.3.1/../../../../arm-none-eabi/lib/thumb/v7e-m+fp/hard/libcr_c.a(memset.o)
                              ./drivers/fsl_adc16.o (memset)
/Applications/MCUXpressoIDE_11.3.0_5222/ide/plugins/com.nxp.mcuxpresso.tools.macosx_11.3.0.202011031536/tools/bin/../lib/gcc/arm-none-eabi/9.3.1/../../../../arm-none-eabi/lib/thumb/v7e-m+fp/hard/libcr_c.a(_deferredlazyseek.o)
                              /Applications/MCUXpressoIDE_11.3.0_5222/ide/plugins/com.nxp.mcuxpresso.tools.macosx_11.3.0.202011031536/tools/bin/../lib/gcc/arm-none-eabi/9.3.1/../../../../arm-none-eabi/lib/thumb/v7e-m+fp/hard/libcr_semihost_nf.a(_cr_assert.o) (__flsbuf)
/Applications/MCUXpressoIDE_11.3.0_5222/ide/plugins/com.nxp.mcuxpresso.tools.macosx_11.3.0.202011031536/tools/bin/../lib/gcc/arm-none-eabi/9.3.1/../../../../arm-none-eabi/lib/thumb/v7e-m+fp/hard/libcr_c.a(_fflush.o)
                              /Applications/MCUXpressoIDE_11.3.0_5222/ide/plugins/com.nxp.mcuxpresso.tools.macosx_11.3.0.202011031536/tools/bin/../lib/gcc/arm-none-eabi/9.3.1/../../../../arm-none-eabi/lib/thumb/v7e-m+fp/hard/libcr_c.a(_deferredlazyseek.o) (_fflush)
/Applications/MCUXpressoIDE_11.3.0_5222/ide/plugins/com.nxp.mcuxpresso.tools.macosx_11.3.0.202011031536/tools/bin/../lib/gcc/arm-none-eabi/9.3.1/../../../../arm-none-eabi/lib/thumb/v7e-m+fp/hard/libcr_c.a(_writebuf.o)
                              /Applications/MCUXpressoIDE_11.3.0_5222/ide/plugins/com.nxp.mcuxpresso.tools.macosx_11.3.0.202011031536/tools/bin/../lib/gcc/arm-none-eabi/9.3.1/../../../../arm-none-eabi/lib/thumb/v7e-m+fp/hard/libcr_c.a(_deferredlazyseek.o) (_Cwritebuf)
/Applications/MCUXpressoIDE_11.3.0_5222/ide/plugins/com.nxp.mcuxpresso.tools.macosx_11.3.0.202011031536/tools/bin/../lib/gcc/arm-none-eabi/9.3.1/../../../../arm-none-eabi/lib/thumb/v7e-m+fp/hard/libcr_c.a(alloc.o)
                              ./drivers/fsl_common.o (malloc)
/Applications/MCUXpressoIDE_11.3.0_5222/ide/plugins/com.nxp.mcuxpresso.tools.macosx_11.3.0.202011031536/tools/bin/../lib/gcc/arm-none-eabi/9.3.1/../../../../arm-none-eabi/lib/thumb/v7e-m+fp/hard/libcr_c.a(errno.o)
                              ./utilities/fsl_str.o (errno)
/Applications/MCUXpressoIDE_11.3.0_5222/ide/plugins/com.nxp.mcuxpresso.tools.macosx_11.3.0.202011031536/tools/bin/../lib/gcc/arm-none-eabi/9.3.1/../../../../arm-none-eabi/lib/thumb/v7e-m+fp/hard/libcr_c.a(fputs.o)
                              /Applications/MCUXpressoIDE_11.3.0_5222/ide/plugins/com.nxp.mcuxpresso.tools.macosx_11.3.0.202011031536/tools/bin/../lib/gcc/arm-none-eabi/9.3.1/../../../../arm-none-eabi/lib/thumb/v7e-m+fp/hard/libcr_semihost_nf.a(_cr_assert.o) (fputs)
/Applications/MCUXpressoIDE_11.3.0_5222/ide/plugins/com.nxp.mcuxpresso.tools.macosx_11.3.0.202011031536/tools/bin/../lib/gcc/arm-none-eabi/9.3.1/../../../../arm-none-eabi/lib/thumb/v7e-m+fp/hard/libcr_c.a(fseek.o)
[...]
Memory Configuration

Name             Origin             Length             Attributes
PROGRAM_FLASH    0x0000000000000000 0x0000000000100000 xr
SRAM_UPPER       0x0000000020000000 0x0000000000030000 xrw
SRAM_LOWER       0x000000001fff0000 0x0000000000010000 xrw
FLEX_RAM         0x0000000014000000 0x0000000000001000 xrw
*default*        0x0000000000000000 0xffffffffffffffff

Linker script and memory map

LOAD ./utilities/fsl_debug_console.o
LOAD ./utilities/fsl_str.o
LOAD ./startup/startup_mk64f12.o
LOAD ./source/DAC.o
LOAD ./source/GPIO.o
LOAD ./source/Keypad4x4.o
LOAD ./source/NVIC.o
LOAD ./source/PIT.o
LOAD ./source/RGB_set.o
LOAD ./source/Wave_gen.o
LOAD ./source/main.o
LOAD ./source/motor_control.o
LOAD ./source/password.o
LOAD ./source/semihost_hardfault.o
LOAD ./drivers/fsl_adc16.o
LOAD ./drivers/fsl_clock.o
LOAD ./drivers/fsl_common.o
LOAD ./drivers/fsl_gpio.o
LOAD ./drivers/fsl_i2c.o
LOAD ./drivers/fsl_smc.o
LOAD ./drivers/fsl_uart.o
LOAD ./device/system_MK64F12.o
LOAD ./component/uart/fsl_adapter_uart.o
LOAD ./component/serial_manager/fsl_component_serial_manager.o
LOAD ./component/serial_manager/fsl_component_serial_port_uart.o
LOAD ./component/lists/fsl_component_generic_list.o
LOAD ./board/board.o
LOAD ./board/clock_config.o
LOAD ./board/peripherals.o
LOAD ./board/pin_mux.o
START GROUP
LOAD /Applications/MCUXpressoIDE_11.3.0_5222/ide/plugins/com.nxp.mcuxpresso.tools.macosx_11.3.0.202011031536/tools/bin/../lib/gcc/arm-none-eabi/9.3.1/../../../../arm-none-eabi/lib/thumb/v7e-m+fp/hard/libcr_semihost_nf.a
LOAD /Applications/MCUXpressoIDE_11.3.0_5222/ide/plugins/com.nxp.mcuxpresso.tools.macosx_11.3.0.202011031536/tools/bin/../lib/gcc/arm-none-eabi/9.3.1/../../../../arm-none-eabi/lib/thumb/v7e-m+fp/hard/libcr_c.a
LOAD /Applications/MCUXpressoIDE_11.3.0_5222/ide/plugins/com.nxp.mcuxpresso.tools.macosx_11.3.0.202011031536/tools/bin/../lib/gcc/arm-none-eabi/9.3.1/thumb/v7e-m+fp/hard/libcr_eabihelpers.a
LOAD /Applications/MCUXpressoIDE_11.3.0_5222/ide/plugins/com.nxp.mcuxpresso.tools.macosx_11.3.0.202011031536/tools/bin/../lib/gcc/arm-none-eabi/9.3.1/thumb/v7e-m+fp/hard/libgcc.a
END GROUP
                0x0000000000000000                __base_PROGRAM_FLASH = 0x0
                0x0000000000000000                __base_Flash = 0x0
                0x0000000000100000                __top_PROGRAM_FLASH = 0x100000
                0x0000000000100000                __top_Flash = 0x100000
                0x0000000020000000                __base_SRAM_UPPER = 0x20000000
                0x0000000020000000                __base_RAM = 0x20000000
                0x0000000020030000                __top_SRAM_UPPER = 0x20030000
                0x0000000020030000                __top_RAM = 0x20030000
                0x000000001fff0000                __base_SRAM_LOWER = 0x1fff0000
                0x000000001fff0000                __base_RAM2 = 0x1fff0000
                0x0000000020000000                __top_SRAM_LOWER = 0x20000000
                0x0000000020000000                __top_RAM2 = 0x20000000
                0x0000000014000000                __base_FLEX_RAM = 0x14000000
                0x0000000014000000                __base_RAM3 = 0x14000000
                0x0000000014001000                __top_FLEX_RAM = 0x14001000
                0x0000000014001000                __top_RAM3 = 0x14001000

.text           0x0000000000000000     0x3948
 FILL mask 0xff
                0x0000000000000000                __vectors_start__ = ABSOLUTE (.)
 *(SORT_BY_ALIGNMENT(.isr_vector))
 .isr_vector    0x0000000000000000      0x198 ./startup/startup_mk64f12.o
                0x0000000000000000                __Vectors
                0x0000000000000000                g_pfnVectors
                0x0000000000000198                . = ALIGN (0x4)
                0x0000000000000198                __section_table_start = .
                0x0000000000000198                __data_section_table = .
                0x0000000000000198        0x4 LONG 0x3948 LOADADDR (.data)
                0x000000000000019c        0x4 LONG 0x20000000 ADDR (.data)
                0x00000000000001a0        0x4 LONG 0x280 SIZEOF (.data)
                0x00000000000001a4        0x4 LONG 0x3948 LOADADDR (.data_RAM2)
                0x00000000000001a8        0x4 LONG 0x1fff0000 ADDR (.data_RAM2)
                0x00000000000001ac        0x4 LONG 0x0 SIZEOF (.data_RAM2)
                0x00000000000001b0        0x4 LONG 0x3948 LOADADDR (.data_RAM3)
                0x00000000000001b4        0x4 LONG 0x14000000 ADDR (.data_RAM3)
                0x00000000000001b8        0x4 LONG 0x0 SIZEOF (.data_RAM3)
                0x00000000000001bc                __data_section_table_end = .
                0x00000000000001bc                __bss_section_table = .
                0x00000000000001bc        0x4 LONG 0x20000280 ADDR (.bss)
                0x00000000000001c0        0x4 LONG 0x130 SIZEOF (.bss)
                0x00000000000001c4        0x4 LONG 0x1fff0000 ADDR (.bss_RAM2)
                0x00000000000001c8        0x4 LONG 0x0 SIZEOF (.bss_RAM2)
                0x00000000000001cc        0x4 LONG 0x14000000 ADDR (.bss_RAM3)
                0x00000000000001d0        0x4 LONG 0x0 SIZEOF (.bss_RAM3)
                0x00000000000001d4                __bss_section_table_end = .
                0x00000000000001d4                __section_table_end = .
 *(SORT_BY_ALIGNMENT(.after_vectors*))
 .after_vectors.reset
                0x00000000000001d4       0x4c ./startup/startup_mk64f12.o
                0x00000000000001d4                ResetISR
 .after_vectors.init_data
                0x0000000000000220       0x1e ./startup/startup_mk64f12.o
                0x0000000000000220                data_init
 .after_vectors.init_bss
                0x000000000000023e       0x12 ./startup/startup_mk64f12.o
                0x000000000000023e                bss_init
 .after_vectors
                0x0000000000000250       0x14 ./startup/startup_mk64f12.o
                0x0000000000000250                NMI_Handler
                0x0000000000000254                MemManage_Handler
                0x0000000000000256                BusFault_Handler
                0x0000000000000258                UsageFault_Handler
                0x000000000000025a                SVC_Handler
                0x000000000000025c                DebugMon_Handler
                0x000000000000025e                PendSV_Handler
                0x0000000000000260                SysTick_Handler
                0x0000000000000262                FTM2_DriverIRQHandler
                0x0000000000000262                PIT2_DriverIRQHandler
                0x0000000000000262                SDHC_DriverIRQHandler
                0x0000000000000262                I2S0_Tx_DriverIRQHandler
                0x0000000000000262                RTC_Seconds_DriverIRQHandler
                0x0000000000000262                DMA6_DriverIRQHandler
                0x0000000000000262                LLWU_DriverIRQHandler
                0x0000000000000262                MCM_DriverIRQHandler
                0x0000000000000262                MCG_DriverIRQHandler
                0x0000000000000262                ENET_1588_Timer_DriverIRQHandler
                0x0000000000000262                DAC1_DriverIRQHandler
                0x0000000000000262                CMP1_DriverIRQHandler
                0x0000000000000262                FTM0_DriverIRQHandler
                0x0000000000000262                IntDefaultHandler
                0x0000000000000262                USB0_DriverIRQHandler
                0x0000000000000262                UART5_ERR_DriverIRQHandler
                0x0000000000000262                PORTC_DriverIRQHandler
                0x0000000000000262                DMA11_DriverIRQHandler
                0x0000000000000262                DAC0_DriverIRQHandler
                0x0000000000000262                DMA10_DriverIRQHandler
                0x0000000000000262                CMP2_DriverIRQHandler
                0x0000000000000262                UART2_ERR_DriverIRQHandler
                0x0000000000000262                SPI2_DriverIRQHandler
                0x0000000000000262                LVD_LVW_DriverIRQHandler
                0x0000000000000262                PIT0_DriverIRQHandler
                0x0000000000000262                RNG_DriverIRQHandler
                0x0000000000000262                DMA5_DriverIRQHandler
                0x0000000000000262                DMA4_DriverIRQHandler
                0x0000000000000262                USBDCD_DriverIRQHandler
                0x0000000000000262                UART3_ERR_DriverIRQHandler
                0x0000000000000262                DMA3_DriverIRQHandler
                0x0000000000000262                DMA8_DriverIRQHandler
                0x0000000000000262                DMA9_DriverIRQHandler
                0x0000000000000262                UART0_ERR_DriverIRQHandler
                0x0000000000000262                CMT_DriverIRQHandler
                0x0000000000000262                Reserved71_DriverIRQHandler
                0x0000000000000262                ADC1_DriverIRQHandler
                0x0000000000000262                PORTA_DriverIRQHandler
                0x0000000000000262                DMA14_DriverIRQHandler
                0x0000000000000262                PIT3_DriverIRQHandler
                0x0000000000000262                PIT1_DriverIRQHandler
                0x0000000000000262                WDOG_EWM_DriverIRQHandler
                0x0000000000000262                PDB0_DriverIRQHandler
                0x0000000000000262                RTC_DriverIRQHandler
                0x0000000000000262                I2S0_Rx_DriverIRQHandler
                0x0000000000000262                Read_Collision_DriverIRQHandler
                0x0000000000000262                SWI_DriverIRQHandler
                0x0000000000000262                UART4_ERR_DriverIRQHandler
                0x0000000000000262                UART0_LON_DriverIRQHandler
                0x0000000000000262                DMA1_DriverIRQHandler
                0x0000000000000262                ENET_Receive_DriverIRQHandler
                0x0000000000000262                DMA13_DriverIRQHandler
                0x0000000000000262                ENET_Error_DriverIRQHandler
                0x0000000000000262                DMA15_DriverIRQHandler
                0x0000000000000262                SPI0_DriverIRQHandler
                0x0000000000000262                ADC0_DriverIRQHandler
                0x0000000000000262                CMP0_DriverIRQHandler
                0x0000000000000262                CAN0_DriverIRQHandler
                0x0000000000000262                FTM3_DriverIRQHandler
                0x0000000000000262                UART1_ERR_DriverIRQHandler
                0x0000000000000262                DMA2_DriverIRQHandler
                0x0000000000000262                ENET_Transmit_DriverIRQHandler
                0x0000000000000262                PORTD_DriverIRQHandler
                0x0000000000000262                PORTE_DriverIRQHandler
                0x0000000000000262                FTFE_DriverIRQHandler
                0x0000000000000262                DMA7_DriverIRQHandler
                0x0000000000000262                DMA0_DriverIRQHandler
                0x0000000000000262                PORTB_DriverIRQHandler
                0x0000000000000262                DMA12_DriverIRQHandler
                0x0000000000000262                SPI1_DriverIRQHandler
                0x0000000000000262                LPTMR0_DriverIRQHandler
                0x0000000000000262                DMA_Error_DriverIRQHandler
                0x0000000000000262                FTM1_DriverIRQHandler
                0x0000000000000400                . = 0x400
 *fill*         0x0000000000000264      0x19c ff
                0x0000000000000400                PROVIDE (__FLASH_CONFIG_START__ = .)
 *(SORT_BY_ALIGNMENT(.FlashConfig))
 .FlashConfig   0x0000000000000400       0x10 ./startup/startup_mk64f12.o
                0x0000000000000400                Flash_Config
                0x0000000000000410                PROVIDE (__FLASH_CONFIG_END__ = .)
                0x0000000000000001                ASSERT (! ((__FLASH_CONFIG_START__ == __FLASH_CONFIG_END__)), Linker Flash Config Support Enabled, but no .FlashConfig section provided within application)
 *(SORT_BY_ALIGNMENT(.text*))
 .text.DAC_clock_gating
                0x0000000000000410       0x5c ./source/DAC.o
                0x0000000000000410                DAC_clock_gating
 .text.DAC_enable
                0x000000000000046c       0x58 ./source/DAC.o
                0x000000000000046c                DAC_enable
 .text.DAC_set_value
                0x00000000000004c4       0x48 ./source/DAC.o
                0x00000000000004c4                DAC_set_value
 .text.GPIO_callback_init
                0x000000000000050c       0x70 ./source/GPIO.o
                0x000000000000050c                GPIO_callback_init
 .text.PORTA_IRQHandler
                0x000000000000057c       0x30 ./source/GPIO.o
                0x000000000000057c                PORTA_IRQHandler
 .text.PORTB_IRQHandler
                0x00000000000005ac       0x30 ./source/GPIO.o
                0x00000000000005ac                PORTB_IRQHandler
 .text.PORTC_IRQHandler
                0x00000000000005dc       0x30 ./source/GPIO.o
                0x00000000000005dc                PORTC_IRQHandler
 .text.GPIO_clear_irq_status
                0x000000000000060c       0x74 ./source/GPIO.o
                0x000000000000060c                GPIO_clear_irq_status
 .text.GPIO_get_irq_status
                0x0000000000000680       0x84 ./source/GPIO.o
                0x0000000000000680                GPIO_get_irq_status
 .text.GPIO_clear_interrupt
                0x0000000000000704       0x84 ./source/GPIO.o
                0x0000000000000704                GPIO_clear_interrupt
 .text.GPIO_clock_gating
                0x0000000000000788       0xc4 ./source/GPIO.o
                0x0000000000000788                GPIO_clock_gating
 .text.GPIO_pin_control_register
                0x000000000000084c       0x9c ./source/GPIO.o
                0x000000000000084c                GPIO_pin_control_register
 .text.GPIO_write_port
                0x00000000000008e8       0x78 ./source/GPIO.o
                0x00000000000008e8                GPIO_write_port
 .text.GPIO_read_pin
                0x0000000000000960       0xdc ./source/GPIO.o
                0x0000000000000960                GPIO_read_pin
 .text.GPIO_set_pin
                0x0000000000000a3c       0x9c ./source/GPIO.o
                0x0000000000000a3c                GPIO_set_pin
 .text.GPIO_clear_pin
                0x0000000000000ad8       0x9c ./source/GPIO.o
                0x0000000000000ad8                GPIO_clear_pin
 .text.GPIO_toogle_pin
                0x0000000000000b74       0x9c ./source/GPIO.o
                0x0000000000000b74                GPIO_toogle_pin
 .text.GPIO_data_direction_pin
                0x0000000000000c10      0x118 ./source/GPIO.o
                0x0000000000000c10                GPIO_data_direction_pin
 .text.keypad_init
                0x0000000000000d28       0xd0 ./source/Keypad4x4.o
                0x0000000000000d28                keypad_init
 .text.read_key
                0x0000000000000df8       0xd8 ./source/Keypad4x4.o
                0x0000000000000df8                read_key
 .text.get_last_key
                0x0000000000000ed0       0x3c ./source/Keypad4x4.o
                0x0000000000000ed0                get_last_key
 .text.get_last_key_delay
                0x0000000000000f0c       0x20 ./source/Keypad4x4.o
                0x0000000000000f0c                get_last_key_delay
 .text.__NVIC_EnableIRQ
                0x0000000000000f2c       0x3c ./source/NVIC.o
 .text.__NVIC_SetPriority
                0x0000000000000f68       0x54 ./source/NVIC.o
 .text.PIT_callback_init
                0x0000000000000fbc       0x5c ./source/PIT.o
                0x0000000000000fbc                PIT_callback_init
 .text.PIT0_IRQHandler
                0x0000000000001018       0x4c ./source/PIT.o
                0x0000000000001018                PIT0_IRQHandler
 .text.PIT1_IRQHandler
                0x0000000000001064       0x4c ./source/PIT.o
                0x0000000000001064                PIT1_IRQHandler
 .text.PIT2_IRQHandler
                0x00000000000010b0       0x4c ./source/PIT.o
                0x00000000000010b0                PIT2_IRQHandler
 .text.PIT3_IRQHandler
                0x00000000000010fc       0x4c ./source/PIT.o
                0x00000000000010fc                PIT3_IRQHandler
 .text.PIT_delay
                0x0000000000001148       0x6c ./source/PIT.o
                0x0000000000001148                PIT_delay
 .text.PIT_clock_gating
                0x00000000000011b4       0x2c ./source/PIT.o
                0x00000000000011b4                PIT_clock_gating
 .text.PIT_clear_interrupt_flag
                0x00000000000011e0       0x68 ./source/PIT.o
                0x00000000000011e0                PIT_clear_interrupt_flag
 .text.PIT_enable
                0x0000000000001248       0x20 ./source/PIT.o
                0x0000000000001248                PIT_enable
 .text.PIT_enable_interrupt
                0x0000000000001268       0x3c ./source/PIT.o
                0x0000000000001268                PIT_enable_interrupt
 .text.PIT_stop
                0x00000000000012a4       0x3c ./source/PIT.o
                0x00000000000012a4                PIT_stop
 .text.square_wave
                0x00000000000012e0       0x3c ./source/Wave_gen.o
                0x00000000000012e0                square_wave
 .text.sine_wave
                0x000000000000131c       0x3c ./source/Wave_gen.o
                0x000000000000131c                sine_wave
 .text.triangle_wave
                0x0000000000001358       0x3c ./source/Wave_gen.o
                0x0000000000001358                triangle_wave
 .text.wave_mngr
                0x0000000000001394       0xb0 ./source/Wave_gen.o
                0x0000000000001394                wave_mngr
 .text.wave_gen_password
                0x0000000000001444       0x54 ./source/Wave_gen.o
                0x0000000000001444                wave_gen_password
 .text.wave_gen_set_flag
                0x0000000000001498       0x20 ./source/Wave_gen.o
                0x0000000000001498                wave_gen_set_flag
 .text.wave_gen_set_state
                0x00000000000014b8       0x20 ./source/Wave_gen.o
                0x00000000000014b8                wave_gen_set_state
 .text.main     0x00000000000014d8      0x364 ./source/main.o
                0x00000000000014d8                main
 .text.motor_init
                0x000000000000183c       0x8c ./source/motor_control.o
                0x000000000000183c                motor_init
 .text.motor_enable
                0x00000000000018c8       0xf4 ./source/motor_control.o
                0x00000000000018c8                motor_enable
 .text.set_state
                0x00000000000019bc       0x20 ./source/motor_control.o
                0x00000000000019bc                set_state
 .text.motor_sequence_one_press
                0x00000000000019dc       0x7c ./source/motor_control.o
                0x00000000000019dc                motor_sequence_one_press
 .text.motor_sequence_two_press
                0x0000000000001a58       0x24 ./source/motor_control.o
                0x0000000000001a58                motor_sequence_two_press
 .text.check_password
                0x0000000000001a7c       0xd0 ./source/password.o
                0x0000000000001a7c                check_password
 .text.correct_blink
                0x0000000000001b4c       0x6c ./source/password.o
                0x0000000000001b4c                correct_blink
 .text.incorrect_blink
                0x0000000000001bb8       0x6c ./source/password.o
                0x0000000000001bb8                incorrect_blink
 .text.blink_delay
                0x0000000000001c24       0x20 ./source/password.o
                0x0000000000001c24                blink_delay
 .text.I2C_TransferCommonIRQHandler
                0x0000000000001c44       0x58 ./drivers/fsl_i2c.o
 .text.I2C0_DriverIRQHandler
                0x0000000000001c9c       0x1c ./drivers/fsl_i2c.o
                0x0000000000001c9c                I2C0_DriverIRQHandler
 .text.I2C1_DriverIRQHandler
                0x0000000000001cb8       0x1c ./drivers/fsl_i2c.o
                0x0000000000001cb8                I2C1_DriverIRQHandler
 .text.I2C2_DriverIRQHandler
                0x0000000000001cd4       0x1c ./drivers/fsl_i2c.o
                0x0000000000001cd4                I2C2_DriverIRQHandler
 .text.UART0_DriverIRQHandler
                0x0000000000001cf0       0x28 ./drivers/fsl_uart.o
                0x0000000000001cf0                UART0_DriverIRQHandler
 .text.UART1_DriverIRQHandler
                0x0000000000001d18       0x28 ./drivers/fsl_uart.o
                0x0000000000001d18                UART1_DriverIRQHandler
 .text.UART2_DriverIRQHandler
                0x0000000000001d40       0x28 ./drivers/fsl_uart.o
                0x0000000000001d40                UART2_DriverIRQHandler
 .text.UART3_DriverIRQHandler
                0x0000000000001d68       0x28 ./drivers/fsl_uart.o
                0x0000000000001d68                UART3_DriverIRQHandler
 .text.UART4_DriverIRQHandler
                0x0000000000001d90       0x28 ./drivers/fsl_uart.o
                0x0000000000001d90                UART4_DriverIRQHandler
 .text.UART5_DriverIRQHandler
                0x0000000000001db8       0x28 ./drivers/fsl_uart.o
                0x0000000000001db8                UART5_DriverIRQHandler
 .text.SystemInit
                0x0000000000001de0       0x3c ./device/system_MK64F12.o
                0x0000000000001de0                SystemInit
 .text.__sys_appexit
                0x0000000000001e1c        0xc /Applications/MCUXpressoIDE_11.3.0_5222/ide/plugins/com.nxp.mcuxpresso.tools.macosx_11.3.0.202011031536/tools/bin/../lib/gcc/arm-none-eabi/9.3.1/../../../../arm-none-eabi/lib/thumb/v7e-m+fp/hard/libcr_semihost_nf.a(__sys_appexit.o)
                0x0000000000001e1c                __exit
                0x0000000000001e1c                __sys_appexit
 .text._Cwritebuf
                0x0000000000001e28       0x6c /Applications/MCUXpressoIDE_11.3.0_5222/ide/plugins/com.nxp.mcuxpresso.tools.macosx_11.3.0.202011031536/tools/bin/../lib/gcc/arm-none-eabi/9.3.1/../../../../arm-none-eabi/lib/thumb/v7e-m+fp/hard/libcr_c.a(_writebuf.o)
                0x0000000000001e28                _Cwritebuf
 .text.malloc   0x0000000000001e94       0xc8 /Applications/MCUXpressoIDE_11.3.0_5222/ide/plugins/com.nxp.mcuxpresso.tools.macosx_11.3.0.202011031536/tools/bin/../lib/gcc/arm-none-eabi/9.3.1/../../../../arm-none-eabi/lib/thumb/v7e-m+fp/hard/libcr_c.a(alloc.o)
                0x0000000000001e94                malloc
 .text._Csys_alloc
                0x0000000000001f5c       0x20 /Applications/MCUXpressoIDE_11.3.0_5222/ide/plugins/com.nxp.mcuxpresso.tools.macosx_11.3.0.202011031536/tools/bin/../lib/gcc/arm-none-eabi/9.3.1/../../../../arm-none-eabi/lib/thumb/v7e-m+fp/hard/libcr_c.a(alloc.o)
                0x0000000000001f5c                _Csys_alloc
 .text.fseek    0x0000000000001f7c      0x100 /Applications/MCUXpressoIDE_11.3.0_5222/ide/plugins/com.nxp.mcuxpresso.tools.macosx_11.3.0.202011031536/tools/bin/../lib/gcc/arm-none-eabi/9.3.1/../../../../arm-none-eabi/lib/thumb/v7e-m+fp/hard/libcr_c.a(fseek.o)
                0x0000000000001f7c                fseek
 .text.ftell    0x000000000000207c       0x44 /Applications/MCUXpressoIDE_11.3.0_5222/ide/plugins/com.nxp.mcuxpresso.tools.macosx_11.3.0.202011031536/tools/bin/../lib/gcc/arm-none-eabi/9.3.1/../../../../arm-none-eabi/lib/thumb/v7e-m+fp/hard/libcr_c.a(ftell.o)
                0x000000000000207c                ftell
 .text._initio  0x00000000000020c0       0x78 /Applications/MCUXpressoIDE_11.3.0_5222/ide/plugins/com.nxp.mcuxpresso.tools.macosx_11.3.0.202011031536/tools/bin/../lib/gcc/arm-none-eabi/9.3.1/../../../../arm-none-eabi/lib/thumb/v7e-m+fp/hard/libcr_c.a(initio.o)
                0x00000000000020c0                _initio
 .text.__vfprintf
                0x0000000000002138      0xce8 /Applications/MCUXpressoIDE_11.3.0_5222/ide/plugins/com.nxp.mcuxpresso.tools.macosx_11.3.0.202011031536/tools/bin/../lib/gcc/arm-none-eabi/9.3.1/../../../../arm-none-eabi/lib/thumb/v7e-m+fp/hard/libcr_c.a(printf.o)
                0x0000000000002138                __vfprintf
 .text._vsnprintf
                0x0000000000002e20       0x68 /Applications/MCUXpressoIDE_11.3.0_5222/ide/plugins/com.nxp.mcuxpresso.tools.macosx_11.3.0.202011031536/tools/bin/../lib/gcc/arm-none-eabi/9.3.1/../../../../arm-none-eabi/lib/thumb/v7e-m+fp/hard/libcr_c.a(printf.o)
                0x0000000000002e20                _vsnprintf
 .text._printf  0x0000000000002e88       0x54 /Applications/MCUXpressoIDE_11.3.0_5222/ide/plugins/com.nxp.mcuxpresso.tools.macosx_11.3.0.202011031536/tools/bin/../lib/gcc/arm-none-eabi/9.3.1/../../../../arm-none-eabi/lib/thumb/v7e-m+fp/hard/libcr_c.a(printf.o)
                0x0000000000002e88                _printf
 .text._sbrk    0x0000000000002edc       0x3c /Applications/MCUXpressoIDE_11.3.0_5222/ide/plugins/com.nxp.mcuxpresso.tools.macosx_11.3.0.202011031536/tools/bin/../lib/gcc/arm-none-eabi/9.3.1/../../../../arm-none-eabi/lib/thumb/v7e-m+fp/hard/libcr_c.a(_cr_sbrk.o)
                0x0000000000002edc                _sbrk
 .text.fflush   0x0000000000002f18       0x44 /Applications/MCUXpressoIDE_11.3.0_5222/ide/plugins/com.nxp.mcuxpresso.tools.macosx_11.3.0.202011031536/tools/bin/../lib/gcc/arm-none-eabi/9.3.1/../../../../arm-none-eabi/lib/thumb/v7e-m+fp/hard/libcr_c.a(fflush.o)
                0x0000000000002f18                fflush
 .text.__check_heap_overflow
                0x0000000000002f5c       0x18 /Applications/MCUXpressoIDE_11.3.0_5222/ide/plugins/com.nxp.mcuxpresso.tools.macosx_11.3.0.202011031536/tools/bin/../lib/gcc/arm-none-eabi/9.3.1/../../../../arm-none-eabi/lib/thumb/v7e-m+fp/hard/libcr_c.a(_cr_check_heap.o)
                0x0000000000002f5c                __check_heap_overflow
 .text.DMA0_IRQHandler
                0x0000000000002f74        0x8 ./startup/startup_mk64f12.o
                0x0000000000002f74                DMA0_IRQHandler
 .text.DMA1_IRQHandler
                0x0000000000002f7c        0x8 ./startup/startup_mk64f12.o
                0x0000000000002f7c                DMA1_IRQHandler
 .text.DMA2_IRQHandler
                0x0000000000002f84        0x8 ./startup/startup_mk64f12.o
                0x0000000000002f84                DMA2_IRQHandler
 .text.DMA3_IRQHandler
                0x0000000000002f8c        0x8 ./startup/startup_mk64f12.o
                0x0000000000002f8c                DMA3_IRQHandler
 .text.DMA4_IRQHandler
                0x0000000000002f94        0x8 ./startup/startup_mk64f12.o
                0x0000000000002f94                DMA4_IRQHandler
 .text.DMA5_IRQHandler
                0x0000000000002f9c        0x8 ./startup/startup_mk64f12.o
                0x0000000000002f9c                DMA5_IRQHandler
 .text.DMA6_IRQHandler
                0x0000000000002fa4        0x8 ./startup/startup_mk64f12.o
                0x0000000000002fa4                DMA6_IRQHandler
 .text.DMA7_IRQHandler
                0x0000000000002fac        0x8 ./startup/startup_mk64f12.o
                0x0000000000002fac                DMA7_IRQHandler
 .text.DMA8_IRQHandler
                0x0000000000002fb4        0x8 ./startup/startup_mk64f12.o
                0x0000000000002fb4                DMA8_IRQHandler
 .text.DMA9_IRQHandler
                0x0000000000002fbc        0x8 ./startup/startup_mk64f12.o
                0x0000000000002fbc                DMA9_IRQHandler
 .text.DMA10_IRQHandler
                0x0000000000002fc4        0x8 ./startup/startup_mk64f12.o
                0x0000000000002fc4                DMA10_IRQHandler
 .text.DMA11_IRQHandler
                0x0000000000002fcc        0x8 ./startup/startup_mk64f12.o
                0x0000000000002fcc                DMA11_IRQHandler
 .text.DMA12_IRQHandler
                0x0000000000002fd4        0x8 ./startup/startup_mk64f12.o
                0x0000000000002fd4                DMA12_IRQHandler
 .text.DMA13_IRQHandler
                0x0000000000002fdc        0x8 ./startup/startup_mk64f12.o
                0x0000000000002fdc                DMA13_IRQHandler
 .text.DMA14_IRQHandler
                0x0000000000002fe4        0x8 ./startup/startup_mk64f12.o
                0x0000000000002fe4                DMA14_IRQHandler
 .text.DMA15_IRQHandler
                0x0000000000002fec        0x8 ./startup/startup_mk64f12.o
                0x0000000000002fec                DMA15_IRQHandler
 .text.DMA_Error_IRQHandler
                0x0000000000002ff4        0x8 ./startup/startup_mk64f12.o
                0x0000000000002ff4                DMA_Error_IRQHandler
 .text.MCM_IRQHandler
                0x0000000000002ffc        0x8 ./startup/startup_mk64f12.o
                0x0000000000002ffc                MCM_IRQHandler
 .text.FTFE_IRQHandler
                0x0000000000003004        0x8 ./startup/startup_mk64f12.o
                0x0000000000003004                FTFE_IRQHandler
 .text.Read_Collision_IRQHandler
                0x000000000000300c        0x8 ./startup/startup_mk64f12.o
                0x000000000000300c                Read_Collision_IRQHandler
 .text.LVD_LVW_IRQHandler
                0x0000000000003014        0x8 ./startup/startup_mk64f12.o
                0x0000000000003014                LVD_LVW_IRQHandler
 .text.LLWU_IRQHandler
                0x000000000000301c        0x8 ./startup/startup_mk64f12.o
                0x000000000000301c                LLWU_IRQHandler
 .text.WDOG_EWM_IRQHandler
                0x0000000000003024        0x8 ./startup/startup_mk64f12.o
                0x0000000000003024                WDOG_EWM_IRQHandler
 .text.RNG_IRQHandler
                0x000000000000302c        0x8 ./startup/startup_mk64f12.o
                0x000000000000302c                RNG_IRQHandler
 .text.I2C0_IRQHandler
                0x0000000000003034        0x8 ./startup/startup_mk64f12.o
                0x0000000000003034                I2C0_IRQHandler
 .text.I2C1_IRQHandler
                0x000000000000303c        0x8 ./startup/startup_mk64f12.o
                0x000000000000303c                I2C1_IRQHandler
 .text.SPI0_IRQHandler
                0x0000000000003044        0x8 ./startup/startup_mk64f12.o
                0x0000000000003044                SPI0_IRQHandler
 .text.SPI1_IRQHandler
                0x000000000000304c        0x8 ./startup/startup_mk64f12.o
                0x000000000000304c                SPI1_IRQHandler
 .text.I2S0_Tx_IRQHandler
                0x0000000000003054        0x8 ./startup/startup_mk64f12.o
                0x0000000000003054                I2S0_Tx_IRQHandler
 .text.I2S0_Rx_IRQHandler
                0x000000000000305c        0x8 ./startup/startup_mk64f12.o
                0x000000000000305c                I2S0_Rx_IRQHandler
 .text.UART0_LON_IRQHandler
                0x0000000000003064        0x8 ./startup/startup_mk64f12.o
                0x0000000000003064                UART0_LON_IRQHandler
 .text.UART0_RX_TX_IRQHandler
                0x000000000000306c        0x8 ./startup/startup_mk64f12.o
                0x000000000000306c                UART0_RX_TX_IRQHandler
 .text.UART0_ERR_IRQHandler
                0x0000000000003074        0x8 ./startup/startup_mk64f12.o
                0x0000000000003074                UART0_ERR_IRQHandler
 .text.UART1_RX_TX_IRQHandler
                0x000000000000307c        0x8 ./startup/startup_mk64f12.o
                0x000000000000307c                UART1_RX_TX_IRQHandler
 .text.UART1_ERR_IRQHandler
                0x0000000000003084        0x8 ./startup/startup_mk64f12.o
                0x0000000000003084                UART1_ERR_IRQHandler
 .text.UART2_RX_TX_IRQHandler
                0x000000000000308c        0x8 ./startup/startup_mk64f12.o
                0x000000000000308c                UART2_RX_TX_IRQHandler
 .text.UART2_ERR_IRQHandler
                0x0000000000003094        0x8 ./startup/startup_mk64f12.o
                0x0000000000003094                UART2_ERR_IRQHandler
 .text.UART3_RX_TX_IRQHandler
                0x000000000000309c        0x8 ./startup/startup_mk64f12.o
                0x000000000000309c                UART3_RX_TX_IRQHandler
 .text.UART3_ERR_IRQHandler
                0x00000000000030a4        0x8 ./startup/startup_mk64f12.o
                0x00000000000030a4                UART3_ERR_IRQHandler
 .text.ADC0_IRQHandler
                0x00000000000030ac        0x8 ./startup/startup_mk64f12.o
                0x00000000000030ac                ADC0_IRQHandler
 .text.CMP0_IRQHandler
                0x00000000000030b4        0x8 ./startup/startup_mk64f12.o
                0x00000000000030b4                CMP0_IRQHandler
 .text.CMP1_IRQHandler
                0x00000000000030bc        0x8 ./startup/startup_mk64f12.o
                0x00000000000030bc                CMP1_IRQHandler
 .text.FTM0_IRQHandler
                0x00000000000030c4        0x8 ./startup/startup_mk64f12.o
                0x00000000000030c4                FTM0_IRQHandler
 .text.FTM1_IRQHandler
                0x00000000000030cc        0x8 ./startup/startup_mk64f12.o
                0x00000000000030cc                FTM1_IRQHandler
 .text.FTM2_IRQHandler
                0x00000000000030d4        0x8 ./startup/startup_mk64f12.o
                0x00000000000030d4                FTM2_IRQHandler
 .text.CMT_IRQHandler
                0x00000000000030dc        0x8 ./startup/startup_mk64f12.o
                0x00000000000030dc                CMT_IRQHandler
 .text.RTC_IRQHandler
                0x00000000000030e4        0x8 ./startup/startup_mk64f12.o
                0x00000000000030e4                RTC_IRQHandler
 .text.RTC_Seconds_IRQHandler
                0x00000000000030ec        0x8 ./startup/startup_mk64f12.o
                0x00000000000030ec                RTC_Seconds_IRQHandler
 .text.PDB0_IRQHandler
                0x00000000000030f4        0x8 ./startup/startup_mk64f12.o
                0x00000000000030f4                PDB0_IRQHandler
 .text.USB0_IRQHandler
                0x00000000000030fc        0x8 ./startup/startup_mk64f12.o
                0x00000000000030fc                USB0_IRQHandler
 .text.USBDCD_IRQHandler
                0x0000000000003104        0x8 ./startup/startup_mk64f12.o
                0x0000000000003104                USBDCD_IRQHandler
 .text.Reserved71_IRQHandler
                0x000000000000310c        0x8 ./startup/startup_mk64f12.o
                0x000000000000310c                Reserved71_IRQHandler
 .text.DAC0_IRQHandler
                0x0000000000003114        0x8 ./startup/startup_mk64f12.o
                0x0000000000003114                DAC0_IRQHandler
 .text.MCG_IRQHandler
                0x000000000000311c        0x8 ./startup/startup_mk64f12.o
                0x000000000000311c                MCG_IRQHandler
 .text.LPTMR0_IRQHandler
                0x0000000000003124        0x8 ./startup/startup_mk64f12.o
                0x0000000000003124                LPTMR0_IRQHandler
 .text.PORTD_IRQHandler
                0x000000000000312c        0x8 ./startup/startup_mk64f12.o
                0x000000000000312c                PORTD_IRQHandler
 .text.PORTE_IRQHandler
                0x0000000000003134        0x8 ./startup/startup_mk64f12.o
                0x0000000000003134                PORTE_IRQHandler
 .text.SWI_IRQHandler
                0x000000000000313c        0x8 ./startup/startup_mk64f12.o
                0x000000000000313c                SWI_IRQHandler
 .text.SPI2_IRQHandler
                0x0000000000003144        0x8 ./startup/startup_mk64f12.o
                0x0000000000003144                SPI2_IRQHandler
 .text.UART4_RX_TX_IRQHandler
                0x000000000000314c        0x8 ./startup/startup_mk64f12.o
                0x000000000000314c                UART4_RX_TX_IRQHandler
 .text.UART4_ERR_IRQHandler
                0x0000000000003154        0x8 ./startup/startup_mk64f12.o
                0x0000000000003154                UART4_ERR_IRQHandler
 .text.UART5_RX_TX_IRQHandler
                0x000000000000315c        0x8 ./startup/startup_mk64f12.o
                0x000000000000315c                UART5_RX_TX_IRQHandler
 .text.UART5_ERR_IRQHandler
                0x0000000000003164        0x8 ./startup/startup_mk64f12.o
                0x0000000000003164                UART5_ERR_IRQHandler
 .text.CMP2_IRQHandler
                0x000000000000316c        0x8 ./startup/startup_mk64f12.o
                0x000000000000316c                CMP2_IRQHandler
 .text.FTM3_IRQHandler
                0x0000000000003174        0x8 ./startup/startup_mk64f12.o
                0x0000000000003174                FTM3_IRQHandler
 .text.DAC1_IRQHandler
                0x000000000000317c        0x8 ./startup/startup_mk64f12.o
                0x000000000000317c                DAC1_IRQHandler
 .text.ADC1_IRQHandler
                0x0000000000003184        0x8 ./startup/startup_mk64f12.o
                0x0000000000003184                ADC1_IRQHandler
 .text.I2C2_IRQHandler
                0x000000000000318c        0x8 ./startup/startup_mk64f12.o
                0x000000000000318c                I2C2_IRQHandler
 .text.CAN0_ORed_Message_buffer_IRQHandler
                0x0000000000003194        0x8 ./startup/startup_mk64f12.o
                0x0000000000003194                CAN0_ORed_Message_buffer_IRQHandler
 .text.CAN0_Bus_Off_IRQHandler
                0x000000000000319c        0x8 ./startup/startup_mk64f12.o
                0x000000000000319c                CAN0_Bus_Off_IRQHandler
 .text.CAN0_Error_IRQHandler
                0x00000000000031a4        0x8 ./startup/startup_mk64f12.o
                0x00000000000031a4                CAN0_Error_IRQHandler
 .text.CAN0_Tx_Warning_IRQHandler
                0x00000000000031ac        0x8 ./startup/startup_mk64f12.o
                0x00000000000031ac                CAN0_Tx_Warning_IRQHandler
 .text.CAN0_Rx_Warning_IRQHandler
                0x00000000000031b4        0x8 ./startup/startup_mk64f12.o
                0x00000000000031b4                CAN0_Rx_Warning_IRQHandler
 .text.CAN0_Wake_Up_IRQHandler
                0x00000000000031bc        0x8 ./startup/startup_mk64f12.o
                0x00000000000031bc                CAN0_Wake_Up_IRQHandler
 .text.SDHC_IRQHandler
                0x00000000000031c4        0x8 ./startup/startup_mk64f12.o
                0x00000000000031c4                SDHC_IRQHandler
 .text.ENET_1588_Timer_IRQHandler
                0x00000000000031cc        0x8 ./startup/startup_mk64f12.o
                0x00000000000031cc                ENET_1588_Timer_IRQHandler
 .text.ENET_Transmit_IRQHandler
                0x00000000000031d4        0x8 ./startup/startup_mk64f12.o
                0x00000000000031d4                ENET_Transmit_IRQHandler
 .text.ENET_Receive_IRQHandler
                0x00000000000031dc        0x8 ./startup/startup_mk64f12.o
                0x00000000000031dc                ENET_Receive_IRQHandler
 .text.ENET_Error_IRQHandler
                0x00000000000031e4        0x8 ./startup/startup_mk64f12.o
                0x00000000000031e4                ENET_Error_IRQHandler
 .text.DAC_init
                0x00000000000031ec       0x28 ./source/DAC.o
                0x00000000000031ec                DAC_init
 .text.NVIC_enable_interrupt_and_priotity
                0x0000000000003214       0x30 ./source/NVIC.o
                0x0000000000003214                NVIC_enable_interrupt_and_priotity
 .text.NVIC_set_basepri_threshold
                0x0000000000003244       0x24 ./source/NVIC.o
                0x0000000000003244                NVIC_set_basepri_threshold
 .text.RGB_set_GREEN
                0x0000000000003268       0x20 ./source/RGB_set.o
                0x0000000000003268                RGB_set_GREEN
 .text.RGB_set_BLUE
                0x0000000000003288       0x20 ./source/RGB_set.o
                0x0000000000003288                RGB_set_BLUE
 .text.RGB_set_RED
                0x00000000000032a8       0x20 ./source/RGB_set.o
                0x00000000000032a8                RGB_set_RED
 .text.motor_disable
                0x00000000000032c8       0x26 ./source/motor_control.o
                0x00000000000032c8                motor_disable
 .text.HardFault_Handler
                0x00000000000032ee       0x2c ./source/semihost_hardfault.o
                0x00000000000032ee                HardFault_Handler
 .text.UART0_RX_TX_DriverIRQHandler
                0x000000000000331a       0x12 ./drivers/fsl_uart.o
                0x000000000000331a                UART0_RX_TX_DriverIRQHandler
 .text.UART1_RX_TX_DriverIRQHandler
                0x000000000000332c       0x12 ./drivers/fsl_uart.o
                0x000000000000332c                UART1_RX_TX_DriverIRQHandler
 .text.UART2_RX_TX_DriverIRQHandler
                0x000000000000333e       0x12 ./drivers/fsl_uart.o
                0x000000000000333e                UART2_RX_TX_DriverIRQHandler
 .text.UART3_RX_TX_DriverIRQHandler
                0x0000000000003350       0x12 ./drivers/fsl_uart.o
                0x0000000000003350                UART3_RX_TX_DriverIRQHandler
 .text.UART4_RX_TX_DriverIRQHandler
                0x0000000000003362       0x12 ./drivers/fsl_uart.o
                0x0000000000003362                UART4_RX_TX_DriverIRQHandler
 .text.UART5_RX_TX_DriverIRQHandler
                0x0000000000003374       0x12 ./drivers/fsl_uart.o
                0x0000000000003374                UART5_RX_TX_DriverIRQHandler
 .text.SystemInitHook
                0x0000000000003386        0xe ./device/system_MK64F12.o
                0x0000000000003386                SystemInitHook
 .text.__main   0x0000000000003394        0xe /Applications/MCUXpressoIDE_11.3.0_5222/ide/plugins/com.nxp.mcuxpresso.tools.macosx_11.3.0.202011031536/tools/bin/../lib/gcc/arm-none-eabi/9.3.1/../../../../arm-none-eabi/lib/thumb/v7e-m+fp/hard/libcr_semihost_nf.a(_cr__main.o)
                0x0000000000003394                __main
                0x0000000000003394                __CR_SEMIHOST
 .text.memset   0x00000000000033a2        0x4 /Applications/MCUXpressoIDE_11.3.0_5222/ide/plugins/com.nxp.mcuxpresso.tools.macosx_11.3.0.202011031536/tools/bin/../lib/gcc/arm-none-eabi/9.3.1/../../../../arm-none-eabi/lib/thumb/v7e-m+fp/hard/libcr_c.a(memset.o)
                0x00000000000033a2                memset
 .text._deferredlazyseek
                0x00000000000033a6       0x40 /Applications/MCUXpressoIDE_11.3.0_5222/ide/plugins/com.nxp.mcuxpresso.tools.macosx_11.3.0.202011031536/tools/bin/../lib/gcc/arm-none-eabi/9.3.1/../../../../arm-none-eabi/lib/thumb/v7e-m+fp/hard/libcr_c.a(_deferredlazyseek.o)
                0x00000000000033a6                _deferredlazyseek
 .text.__flsbuf
                0x00000000000033e6      0x140 /Applications/MCUXpressoIDE_11.3.0_5222/ide/plugins/com.nxp.mcuxpresso.tools.macosx_11.3.0.202011031536/tools/bin/../lib/gcc/arm-none-eabi/9.3.1/../../../../arm-none-eabi/lib/thumb/v7e-m+fp/hard/libcr_c.a(_deferredlazyseek.o)
                0x00000000000033e6                __flsbuf
 .text._fflush  0x0000000000003526       0x52 /Applications/MCUXpressoIDE_11.3.0_5222/ide/plugins/com.nxp.mcuxpresso.tools.macosx_11.3.0.202011031536/tools/bin/../lib/gcc/arm-none-eabi/9.3.1/../../../../arm-none-eabi/lib/thumb/v7e-m+fp/hard/libcr_c.a(_fflush.o)
                0x0000000000003526                _fflush
 .text.free     0x0000000000003578       0x30 /Applications/MCUXpressoIDE_11.3.0_5222/ide/plugins/com.nxp.mcuxpresso.tools.macosx_11.3.0.202011031536/tools/bin/../lib/gcc/arm-none-eabi/9.3.1/../../../../arm-none-eabi/lib/thumb/v7e-m+fp/hard/libcr_c.a(alloc.o)
                0x0000000000003578                free
 .text.no_fp_display
                0x00000000000035a8        0x4 /Applications/MCUXpressoIDE_11.3.0_5222/ide/plugins/com.nxp.mcuxpresso.tools.macosx_11.3.0.202011031536/tools/bin/../lib/gcc/arm-none-eabi/9.3.1/../../../../arm-none-eabi/lib/thumb/v7e-m+fp/hard/libcr_c.a(printf.o)
 .text.setvbuf  0x00000000000035ac       0x3e /Applications/MCUXpressoIDE_11.3.0_5222/ide/plugins/com.nxp.mcuxpresso.tools.macosx_11.3.0.202011031536/tools/bin/../lib/gcc/arm-none-eabi/9.3.1/../../../../arm-none-eabi/lib/thumb/v7e-m+fp/hard/libcr_c.a(setvbuf.o)
                0x00000000000035ac                setvbuf
 .text.strlen   0x00000000000035ea       0x4c /Applications/MCUXpressoIDE_11.3.0_5222/ide/plugins/com.nxp.mcuxpresso.tools.macosx_11.3.0.202011031536/tools/bin/../lib/gcc/arm-none-eabi/9.3.1/../../../../arm-none-eabi/lib/thumb/v7e-m+fp/hard/libcr_c.a(strlen.o)
                0x00000000000035ea                strlen
 .text._fdopen  0x0000000000003636       0x68 /Applications/MCUXpressoIDE_11.3.0_5222/ide/plugins/com.nxp.mcuxpresso.tools.macosx_11.3.0.202011031536/tools/bin/../lib/gcc/arm-none-eabi/9.3.1/../../../../arm-none-eabi/lib/thumb/v7e-m+fp/hard/libcr_c.a(_fdopen.o)
                0x0000000000003636                _fdopen
 .text.fclose   0x000000000000369e       0x58 /Applications/MCUXpressoIDE_11.3.0_5222/ide/plugins/com.nxp.mcuxpresso.tools.macosx_11.3.0.202011031536/tools/bin/../lib/gcc/arm-none-eabi/9.3.1/../../../../arm-none-eabi/lib/thumb/v7e-m+fp/hard/libcr_c.a(fclose.o)
                0x000000000000369e                fclose
 .text.remove   0x00000000000036f6       0x14 /Applications/MCUXpressoIDE_11.3.0_5222/ide/plugins/com.nxp.mcuxpresso.tools.macosx_11.3.0.202011031536/tools/bin/../lib/gcc/arm-none-eabi/9.3.1/../../../../arm-none-eabi/lib/thumb/v7e-m+fp/hard/libcr_c.a(remove.o)
                0x00000000000036f6                remove
 .text._do_fflush
                0x000000000000370a       0x40 /Applications/MCUXpressoIDE_11.3.0_5222/ide/plugins/com.nxp.mcuxpresso.tools.macosx_11.3.0.202011031536/tools/bin/../lib/gcc/arm-none-eabi/9.3.1/../../../../arm-none-eabi/lib/thumb/v7e-m+fp/hard/libcr_c.a(_do_fflush.o)
                0x000000000000370a                _do_fflush
 .text.__aeabi_memset_lowlevel
                0x000000000000374a       0x32 /Applications/MCUXpressoIDE_11.3.0_5222/ide/plugins/com.nxp.mcuxpresso.tools.macosx_11.3.0.202011031536/tools/bin/../lib/gcc/arm-none-eabi/9.3.1/thumb/v7e-m+fp/hard/libcr_eabihelpers.a(memcpy.o)
                0x000000000000374a                __aeabi_lowlevel_memset
 .text.__sys_close
                0x000000000000377c        0xc /Applications/MCUXpressoIDE_11.3.0_5222/ide/plugins/com.nxp.mcuxpresso.tools.macosx_11.3.0.202011031536/tools/bin/../lib/gcc/arm-none-eabi/9.3.1/../../../../arm-none-eabi/lib/thumb/v7e-m+fp/hard/libcr_semihost_nf.a(__sys_close.o)
                0x000000000000377c                __sys_close
 .text.__sys_flen
                0x0000000000003788        0xc /Applications/MCUXpressoIDE_11.3.0_5222/ide/plugins/com.nxp.mcuxpresso.tools.macosx_11.3.0.202011031536/tools/bin/../lib/gcc/arm-none-eabi/9.3.1/../../../../arm-none-eabi/lib/thumb/v7e-m+fp/hard/libcr_semihost_nf.a(__sys_flen.o)
                0x0000000000003788                __sys_flen
 .text.__sys_istty
                0x0000000000003794        0xc /Applications/MCUXpressoIDE_11.3.0_5222/ide/plugins/com.nxp.mcuxpresso.tools.macosx_11.3.0.202011031536/tools/bin/../lib/gcc/arm-none-eabi/9.3.1/../../../../arm-none-eabi/lib/thumb/v7e-m+fp/hard/libcr_semihost_nf.a(__sys_istty.o)
                0x0000000000003794                __sys_istty
 .text.__sys_remove
                0x00000000000037a0        0xc /Applications/MCUXpressoIDE_11.3.0_5222/ide/plugins/com.nxp.mcuxpresso.tools.macosx_11.3.0.202011031536/tools/bin/../lib/gcc/arm-none-eabi/9.3.1/../../../../arm-none-eabi/lib/thumb/v7e-m+fp/hard/libcr_semihost_nf.a(__sys_remove.o)
                0x00000000000037a0                __sys_remove
 .text.__sys_seek
                0x00000000000037ac        0xc /Applications/MCUXpressoIDE_11.3.0_5222/ide/plugins/com.nxp.mcuxpresso.tools.macosx_11.3.0.202011031536/tools/bin/../lib/gcc/arm-none-eabi/9.3.1/../../../../arm-none-eabi/lib/thumb/v7e-m+fp/hard/libcr_semihost_nf.a(__sys_seek.o)
                0x00000000000037ac                __sys_seek
 .text.__sys_tmpnam
                0x00000000000037b8        0xc /Applications/MCUXpressoIDE_11.3.0_5222/ide/plugins/com.nxp.mcuxpresso.tools.macosx_11.3.0.202011031536/tools/bin/../lib/gcc/arm-none-eabi/9.3.1/../../../../arm-none-eabi/lib/thumb/v7e-m+fp/hard/libcr_semihost_nf.a(__sys_tmpnam.o)
                0x00000000000037b8                __sys_tmpnam
 .text.__sys_write
                0x00000000000037c4        0xc /Applications/MCUXpressoIDE_11.3.0_5222/ide/plugins/com.nxp.mcuxpresso.tools.macosx_11.3.0.202011031536/tools/bin/../lib/gcc/arm-none-eabi/9.3.1/../../../../arm-none-eabi/lib/thumb/v7e-m+fp/hard/libcr_semihost_nf.a(__sys_write.o)
                0x00000000000037c4                __sys_write
 *(SORT_BY_ALIGNMENT(.rodata) SORT_BY_ALIGNMENT(.rodata.*) SORT_BY_ALIGNMENT(.constdata) SORT_BY_ALIGNMENT(.constdata.*))
 .rodata.g_pcr_gpiob_pin_2
                0x00000000000037d0        0x4 ./source/Keypad4x4.o
                0x00000000000037d0                g_pcr_gpiob_pin_2
 .rodata.g_pcr_gpiob_pin_3
                0x00000000000037d4        0x4 ./source/Keypad4x4.o
                0x00000000000037d4                g_pcr_gpiob_pin_3
 .rodata.g_pcr_gpiob_pin_10
                0x00000000000037d8        0x4 ./source/Keypad4x4.o
                0x00000000000037d8                g_pcr_gpiob_pin_10
 .rodata.g_pcr_gpiob_pin_11
                0x00000000000037dc        0x4 ./source/Keypad4x4.o
                0x00000000000037dc                g_pcr_gpiob_pin_11
 .rodata.g_pcr_gpiod_pin_0
                0x00000000000037e0        0x4 ./source/Keypad4x4.o
                0x00000000000037e0                g_pcr_gpiod_pin_0
 .rodata.g_pcr_gpiod_pin_2
                0x00000000000037e4        0x4 ./source/Keypad4x4.o
                0x00000000000037e4                g_pcr_gpiod_pin_2
 .rodata.g_pcr_gpiod_pin_3
                0x00000000000037e8        0x4 ./source/Keypad4x4.o
                0x00000000000037e8                g_pcr_gpiod_pin_3
 .rodata.g_pcr_gpiod_pin_1
                0x00000000000037ec        0x4 ./source/Keypad4x4.o
                0x00000000000037ec                g_pcr_gpiod_pin_1
 .rodata.g_columns_pins
                0x00000000000037f0        0x4 ./source/Keypad4x4.o
                0x00000000000037f0                g_columns_pins
 .rodata.g_rows_pins
                0x00000000000037f4        0x4 ./source/Keypad4x4.o
                0x00000000000037f4                g_rows_pins
 .rodata.main.str1.4
                0x00000000000037f8       0x83 ./source/main.o
 *fill*         0x000000000000387b        0x1 ff
 .rodata.motor_enable.str1.4
                0x000000000000387c       0x29 ./source/motor_control.o
 *fill*         0x00000000000038a5        0x3 ff
 .rodata.FSM_Moore
                0x00000000000038a8       0x19 ./source/password.o
                0x00000000000038a8                FSM_Moore
 *fill*         0x00000000000038c1        0x3 ff
 .rodata.check_password.str1.4
                0x00000000000038c4       0x29 ./source/password.o
                                         0x51 (size before relaxing)
 *fill*         0x00000000000038ed        0x3 ff
 .rodata.__num_Ciob_streams
                0x00000000000038f0        0x4 /Applications/MCUXpressoIDE_11.3.0_5222/ide/plugins/com.nxp.mcuxpresso.tools.macosx_11.3.0.202011031536/tools/bin/../lib/gcc/arm-none-eabi/9.3.1/../../../../arm-none-eabi/lib/thumb/v7e-m+fp/hard/libcr_semihost_nf.a(__ciob.o)
                0x00000000000038f0                __num_Ciob_streams
 .rodata._Csys_alloc.str1.1
                0x00000000000038f4       0x18 /Applications/MCUXpressoIDE_11.3.0_5222/ide/plugins/com.nxp.mcuxpresso.tools.macosx_11.3.0.202011031536/tools/bin/../lib/gcc/arm-none-eabi/9.3.1/../../../../arm-none-eabi/lib/thumb/v7e-m+fp/hard/libcr_c.a(alloc.o)
 .rodata._initio.str1.1
                0x000000000000390c        0x4 /Applications/MCUXpressoIDE_11.3.0_5222/ide/plugins/com.nxp.mcuxpresso.tools.macosx_11.3.0.202011031536/tools/bin/../lib/gcc/arm-none-eabi/9.3.1/../../../../arm-none-eabi/lib/thumb/v7e-m+fp/hard/libcr_c.a(initio.o)
 .rodata.__vfprintf.str1.1
                0x0000000000003910       0x37 /Applications/MCUXpressoIDE_11.3.0_5222/ide/plugins/com.nxp.mcuxpresso.tools.macosx_11.3.0.202011031536/tools/bin/../lib/gcc/arm-none-eabi/9.3.1/../../../../arm-none-eabi/lib/thumb/v7e-m+fp/hard/libcr_c.a(printf.o)
                                         0x38 (size before relaxing)
                0x0000000000003948                . = ALIGN (0x8)
 *fill*         0x0000000000003947        0x1 ff

.glue_7         0x0000000000003948        0x0
 .glue_7        0x0000000000003948        0x0 linker stubs

.glue_7t        0x0000000000003948        0x0
 .glue_7t       0x0000000000003948        0x0 linker stubs

.vfp11_veneer   0x0000000000003948        0x0
 .vfp11_veneer  0x0000000000003948        0x0 linker stubs

.v4_bx          0x0000000000003948        0x0
 .v4_bx         0x0000000000003948        0x0 linker stubs

.iplt           0x0000000000003948        0x0
 .iplt          0x0000000000003948        0x0 ./startup/startup_mk64f12.o

.rel.dyn        0x0000000000003948        0x0
 .rel.iplt      0x0000000000003948        0x0 ./startup/startup_mk64f12.o

.ARM.extab
 *(SORT_BY_ALIGNMENT(.ARM.extab*) SORT_BY_ALIGNMENT(.gnu.linkonce.armextab.*))

.ARM.exidx      0x0000000000003948        0x0
                0x0000000000003948                __exidx_start = .
 *(SORT_BY_ALIGNMENT(.ARM.exidx*) SORT_BY_ALIGNMENT(.gnu.linkonce.armexidx.*))
                0x0000000000003948                __exidx_end = .
                0x0000000000003948                _etext = .

.m_usb_data
 *(SORT_BY_ALIGNMENT(m_usb_bdt))

.data_RAM2      0x000000001fff0000        0x0 load address 0x0000000000003948
 FILL mask 0xff
                [!provide]                        PROVIDE (__start_data_RAM2 = .)
                [!provide]                        PROVIDE (__start_data_SRAM_LOWER = .)
 *(SORT_BY_ALIGNMENT(.ramfunc.$RAM2))
 *(SORT_BY_ALIGNMENT(.ramfunc.$SRAM_LOWER))
 *(SORT_BY_ALIGNMENT(.data.$RAM2))
 *(SORT_BY_ALIGNMENT(.data.$SRAM_LOWER))
 *(SORT_BY_ALIGNMENT(.data.$RAM2.*))
 *(SORT_BY_ALIGNMENT(.data.$SRAM_LOWER.*))
                0x000000001fff0000                . = ALIGN (0x8)
                [!provide]                        PROVIDE (__end_data_RAM2 = .)
                [!provide]                        PROVIDE (__end_data_SRAM_LOWER = .)

.data_RAM3      0x0000000014000000        0x0 load address 0x0000000000003948
 FILL mask 0xff
                [!provide]                        PROVIDE (__start_data_RAM3 = .)
                [!provide]                        PROVIDE (__start_data_FLEX_RAM = .)
 *(SORT_BY_ALIGNMENT(.ramfunc.$RAM3))
 *(SORT_BY_ALIGNMENT(.ramfunc.$FLEX_RAM))
 *(SORT_BY_ALIGNMENT(.data.$RAM3))
 *(SORT_BY_ALIGNMENT(.data.$FLEX_RAM))
 *(SORT_BY_ALIGNMENT(.data.$RAM3.*))
 *(SORT_BY_ALIGNMENT(.data.$FLEX_RAM.*))
                0x0000000014000000                . = ALIGN (0x8)
                [!provide]                        PROVIDE (__end_data_RAM3 = .)
                [!provide]                        PROVIDE (__end_data_FLEX_RAM = .)

.uninit_RESERVED
                0x0000000020000000        0x0
                0x0000000020000000                _start_uninit_RESERVED = .
 *(SORT_BY_ALIGNMENT(.bss.$RESERVED*))
                0x0000000020000000                . = ALIGN (0x8)
                0x0000000020000000                _end_uninit_RESERVED = .

.data           0x0000000020000000      0x280 load address 0x0000000000003948
 FILL mask 0xff
                0x0000000020000000                _data = .
                [!provide]                        PROVIDE (__start_data_RAM = .)
                [!provide]                        PROVIDE (__start_data_SRAM_UPPER = .)
 *(SORT_BY_ALIGNMENT(vtable))
 *(SORT_BY_ALIGNMENT(.ramfunc*))
 *(SORT_BY_ALIGNMENT(CodeQuickAccess))
 *(SORT_BY_ALIGNMENT(DataQuickAccess))
 *(SORT_BY_ALIGNMENT(RamFunction))
 *(SORT_BY_ALIGNMENT(.data*))
 .data.keys     0x0000000020000000       0x10 ./source/Keypad4x4.o
                0x0000000020000000                keys
 .data.square_wave_table
                0x0000000020000010       0xc8 ./source/Wave_gen.o
                0x0000000020000010                square_wave_table
 .data.sine_wave_table
                0x00000000200000d8       0xc8 ./source/Wave_gen.o
                0x00000000200000d8                sine_wave_table
 .data.triangle_wave_table
                0x00000000200001a0       0xc8 ./source/Wave_gen.o
                0x00000000200001a0                triangle_wave_table
 .data.wave_select
                0x0000000020000268        0xc ./source/Wave_gen.o
                0x0000000020000268                wave_select
 .data.master_key_password
                0x0000000020000274        0x4 ./source/main.o
                0x0000000020000274                master_key_password
 .data.motor_control_password
                0x0000000020000278        0x4 ./source/main.o
                0x0000000020000278                motor_control_password
 .data.signal_generator_password
                0x000000002000027c        0x4 ./source/main.o
                0x000000002000027c                signal_generator_password
                0x0000000020000280                . = ALIGN (0x8)
                0x0000000020000280                _edata = .
                [!provide]                        PROVIDE (__end_data_RAM = .)
                [!provide]                        PROVIDE (__end_data_SRAM_UPPER = .)

.igot.plt       0x0000000020000280        0x0 load address 0x0000000000003bc8
 .igot.plt      0x0000000020000280        0x0 ./startup/startup_mk64f12.o

.bss_RAM2       0x000000001fff0000        0x0
                [!provide]                        PROVIDE (__start_bss_RAM2 = .)
                [!provide]                        PROVIDE (__start_bss_SRAM_LOWER = .)
 *(SORT_BY_ALIGNMENT(.bss.$RAM2))
 *(SORT_BY_ALIGNMENT(.bss.$SRAM_LOWER))
 *(SORT_BY_ALIGNMENT(.bss.$RAM2.*))
 *(SORT_BY_ALIGNMENT(.bss.$SRAM_LOWER.*))
                0x000000001fff0000                . = ALIGN ((. != 0x0)?0x8:0x1)
                [!provide]                        PROVIDE (__end_bss_RAM2 = .)
                [!provide]                        PROVIDE (__end_bss_SRAM_LOWER = .)

.bss_RAM3       0x0000000014000000        0x0
                [!provide]                        PROVIDE (__start_bss_RAM3 = .)
                [!provide]                        PROVIDE (__start_bss_FLEX_RAM = .)
 *(SORT_BY_ALIGNMENT(.bss.$RAM3))
 *(SORT_BY_ALIGNMENT(.bss.$FLEX_RAM))
 *(SORT_BY_ALIGNMENT(.bss.$RAM3.*))
 *(SORT_BY_ALIGNMENT(.bss.$FLEX_RAM.*))
                0x0000000014000000                . = ALIGN ((. != 0x0)?0x8:0x1)
                [!provide]                        PROVIDE (__end_bss_RAM3 = .)
                [!provide]                        PROVIDE (__end_bss_FLEX_RAM = .)

.bss            0x0000000020000280      0x130
                0x0000000020000280                _bss = .
                [!provide]                        PROVIDE (__start_bss_RAM = .)
                [!provide]                        PROVIDE (__start_bss_SRAM_UPPER = .)
 *(SORT_BY_ALIGNMENT(.bss*))
 .bss.gpio_A_callback
                0x0000000020000280        0x4 ./source/GPIO.o
 .bss.gpio_B_callback
                0x0000000020000284        0x4 ./source/GPIO.o
 .bss.gpio_C_callback
                0x0000000020000288        0x4 ./source/GPIO.o
 .bss.gpio_D_callback
                0x000000002000028c        0x4 ./source/GPIO.o
 .bss.gpio_E_callback
                0x0000000020000290        0x4 ./source/GPIO.o
 .bss.g_intr_status_flag
                0x0000000020000294        0x1 ./source/GPIO.o
 *fill*         0x0000000020000295        0x3 
 .bss.dummyRead
                0x0000000020000298        0x4 ./source/PIT.o
                0x0000000020000298                dummyRead
 .bss.pit_0_callback
                0x000000002000029c        0x4 ./source/PIT.o
 .bss.pit_1_callback
                0x00000000200002a0        0x4 ./source/PIT.o
 .bss.pit_2_callback
                0x00000000200002a4        0x4 ./source/PIT.o
 .bss.pit_3_callback
                0x00000000200002a8        0x4 ./source/PIT.o
 .bss.g_PIT_intr_status_flag
                0x00000000200002ac        0x1 ./source/PIT.o
 *fill*         0x00000000200002ad        0x3 
 .bss.s_i2cHandle
                0x00000000200002b0        0xc ./drivers/fsl_i2c.o
 .bss.s_i2cMasterIsr
                0x00000000200002bc        0x4 ./drivers/fsl_i2c.o
 .bss.s_i2cSlaveIsr
                0x00000000200002c0        0x4 ./drivers/fsl_i2c.o
 .bss.s_uartHandle
                0x00000000200002c4       0x18 ./drivers/fsl_uart.o
 .bss.s_uartIsr
                0x00000000200002dc        0x4 ./drivers/fsl_uart.o
 .bss.__Ciob    0x00000000200002e0       0xb4 /Applications/MCUXpressoIDE_11.3.0_5222/ide/plugins/com.nxp.mcuxpresso.tools.macosx_11.3.0.202011031536/tools/bin/../lib/gcc/arm-none-eabi/9.3.1/../../../../arm-none-eabi/lib/thumb/v7e-m+fp/hard/libcr_semihost_nf.a(__ciob.o)
                0x00000000200002e0                __Ciob
 .bss.errno     0x0000000020000394        0x4 /Applications/MCUXpressoIDE_11.3.0_5222/ide/plugins/com.nxp.mcuxpresso.tools.macosx_11.3.0.202011031536/tools/bin/../lib/gcc/arm-none-eabi/9.3.1/../../../../arm-none-eabi/lib/thumb/v7e-m+fp/hard/libcr_c.a(errno.o)
                0x0000000020000394                errno
 .bss.__end_of_heap
                0x0000000020000398        0x4 /Applications/MCUXpressoIDE_11.3.0_5222/ide/plugins/com.nxp.mcuxpresso.tools.macosx_11.3.0.202011031536/tools/bin/../lib/gcc/arm-none-eabi/9.3.1/../../../../arm-none-eabi/lib/thumb/v7e-m+fp/hard/libcr_c.a(__init_alloc.o)
                0x0000000020000398                __end_of_heap
 .bss.__heaps   0x000000002000039c        0x4 /Applications/MCUXpressoIDE_11.3.0_5222/ide/plugins/com.nxp.mcuxpresso.tools.macosx_11.3.0.202011031536/tools/bin/../lib/gcc/arm-none-eabi/9.3.1/../../../../arm-none-eabi/lib/thumb/v7e-m+fp/hard/libcr_c.a(__init_alloc.o)
                0x000000002000039c                __heaps
 .bss.g_wave_counter
                0x00000000200003a0        0x2 ./source/Wave_gen.o
                0x00000000200003a0                g_wave_counter
 .bss.g_column  0x00000000200003a2        0x1 ./source/Keypad4x4.o
                0x00000000200003a2                g_column
 .bss.g_row     0x00000000200003a3        0x1 ./source/Keypad4x4.o
                0x00000000200003a3                g_row
 .bss.g_last_pressed
                0x00000000200003a4        0x1 ./source/Keypad4x4.o
                0x00000000200003a4                g_last_pressed
 .bss.g_delay_completion
                0x00000000200003a5        0x1 ./source/Keypad4x4.o
                0x00000000200003a5                g_delay_completion
 .bss.g_wave_select
                0x00000000200003a6        0x1 ./source/Wave_gen.o
                0x00000000200003a6                g_wave_select
 .bss.g_wave_gen_flag
                0x00000000200003a7        0x1 ./source/Wave_gen.o
                0x00000000200003a7                g_wave_gen_flag
 .bss.g_current_state
                0x00000000200003a8        0x1 ./source/motor_control.o
                0x00000000200003a8                g_current_state
 .bss.g_timer_sequence
                0x00000000200003a9        0x1 ./source/motor_control.o
                0x00000000200003a9                g_timer_sequence
 .bss.g_different_period_flag
                0x00000000200003aa        0x1 ./source/motor_control.o
                0x00000000200003aa                g_different_period_flag
 .bss.g_period_completed
                0x00000000200003ab        0x1 ./source/password.o
                0x00000000200003ab                g_period_completed
 .bss.g_blink   0x00000000200003ac        0x1 ./source/password.o
                0x00000000200003ac                g_blink
 *(SORT_BY_ALIGNMENT(COMMON))
                0x00000000200003b0                . = ALIGN (0x8)
 *fill*         0x00000000200003ad        0x3 
                0x00000000200003b0                _ebss = .
                [!provide]                        PROVIDE (__end_bss_RAM = .)
                [!provide]                        PROVIDE (__end_bss_SRAM_UPPER = .)
                [!provide]                        PROVIDE (end = .)

.noinit_RAM2    0x000000001fff0000        0x0
                [!provide]                        PROVIDE (__start_noinit_RAM2 = .)
                [!provide]                        PROVIDE (__start_noinit_SRAM_LOWER = .)
 *(SORT_BY_ALIGNMENT(.noinit.$RAM2))
 *(SORT_BY_ALIGNMENT(.noinit.$SRAM_LOWER))
 *(SORT_BY_ALIGNMENT(.noinit.$RAM2.*))
 *(SORT_BY_ALIGNMENT(.noinit.$SRAM_LOWER.*))
                0x000000001fff0000                . = ALIGN (0x8)
                [!provide]                        PROVIDE (__end_noinit_RAM2 = .)
                [!provide]                        PROVIDE (__end_noinit_SRAM_LOWER = .)

.noinit_RAM3    0x0000000014000000        0x0
                [!provide]                        PROVIDE (__start_noinit_RAM3 = .)
                [!provide]                        PROVIDE (__start_noinit_FLEX_RAM = .)
 *(SORT_BY_ALIGNMENT(.noinit.$RAM3))
 *(SORT_BY_ALIGNMENT(.noinit.$FLEX_RAM))
 *(SORT_BY_ALIGNMENT(.noinit.$RAM3.*))
 *(SORT_BY_ALIGNMENT(.noinit.$FLEX_RAM.*))
                0x0000000014000000                . = ALIGN (0x8)
                [!provide]                        PROVIDE (__end_noinit_RAM3 = .)
                [!provide]                        PROVIDE (__end_noinit_FLEX_RAM = .)

.noinit         0x00000000200003b0        0x0
                0x00000000200003b0                _noinit = .
                [!provide]                        PROVIDE (__start_noinit_RAM = .)
                [!provide]                        PROVIDE (__start_noinit_SRAM_UPPER = .)
 *(SORT_BY_ALIGNMENT(.noinit*))
                0x00000000200003b0                . = ALIGN (0x8)
                0x00000000200003b0                _end_noinit = .
                [!provide]                        PROVIDE (__end_noinit_RAM = .)
                [!provide]                        PROVIDE (__end_noinit_SRAM_UPPER = .)
                0x0000000000001000                _HeapSize = 0x1000

.heap           0x00000000200003b0     0x1000
                0x00000000200003b0                _pvHeapStart = .
                0x00000000200013b0                . = (. + _HeapSize)
 *fill*         0x00000000200003b0     0x1000 
                0x00000000200013b0                . = ALIGN (0x8)
                0x00000000200013b0                _pvHeapLimit = .
                0x0000000000001000                _StackSize = 0x1000

.heap2stackfill
                0x00000000200013b0     0x1000
                0x00000000200023b0                . = (. + _StackSize)
 *fill*         0x00000000200013b0     0x1000 

.stack          0x000000002002f000        0x0
                0x000000002002f000                _vStackBase = .
                0x000000002002f000                . = ALIGN (0x8)
                0x0000000020030000                _vStackTop = (. + _StackSize)
                0x0000000000000000                _image_start = LOADADDR (.text)
                0x0000000000003bc8                _image_end = (LOADADDR (.data) + SIZEOF (.data))
                0x0000000000003bc8                _image_size = (_image_end - _image_start)
OUTPUT(Practica1.axf elf32-littlearm)
LOAD linker stubs

.debug_info     0x0000000000000000     0x8f41
 .debug_info    0x0000000000000000      0x92e ./startup/startup_mk64f12.o
 .debug_info    0x000000000000092e      0x526 ./source/DAC.o
 .debug_info    0x0000000000000e54      0x9ec ./source/GPIO.o
 .debug_info    0x0000000000001840      0x50e ./source/Keypad4x4.o
 .debug_info    0x0000000000001d4e      0x9c2 ./source/NVIC.o
 .debug_info    0x0000000000002710      0x719 ./source/PIT.o
 .debug_info    0x0000000000002e29      0x25e ./source/RGB_set.o
 .debug_info    0x0000000000003087      0x3bf ./source/Wave_gen.o
 .debug_info    0x0000000000003446      0xdb7 ./source/main.o
 .debug_info    0x00000000000041fd      0x49c ./source/motor_control.o
 .debug_info    0x0000000000004699      0x4b6 ./source/password.o
 .debug_info    0x0000000000004b4f       0x3c ./source/semihost_hardfault.o
 .debug_info    0x0000000000004b8b     0x1f30 ./drivers/fsl_i2c.o
 .debug_info    0x0000000000006abb     0x1de7 ./drivers/fsl_uart.o
 .debug_info    0x00000000000088a2      0x69f ./device/system_MK64F12.o

.debug_abbrev   0x0000000000000000     0x1989
 .debug_abbrev  0x0000000000000000      0x17a ./startup/startup_mk64f12.o
 .debug_abbrev  0x000000000000017a      0x174 ./source/DAC.o
 .debug_abbrev  0x00000000000002ee      0x272 ./source/GPIO.o
 .debug_abbrev  0x0000000000000560      0x11e ./source/Keypad4x4.o
 .debug_abbrev  0x000000000000067e      0x1f9 ./source/NVIC.o
 .debug_abbrev  0x0000000000000877      0x232 ./source/PIT.o
 .debug_abbrev  0x0000000000000aa9       0xbb ./source/RGB_set.o
 .debug_abbrev  0x0000000000000b64      0x11b ./source/Wave_gen.o
 .debug_abbrev  0x0000000000000c7f      0x1b5 ./source/main.o
 .debug_abbrev  0x0000000000000e34      0x176 ./source/motor_control.o
 .debug_abbrev  0x0000000000000faa      0x151 ./source/password.o
 .debug_abbrev  0x00000000000010fb       0x31 ./source/semihost_hardfault.o
 .debug_abbrev  0x000000000000112c      0x395 ./drivers/fsl_i2c.o
 .debug_abbrev  0x00000000000014c1      0x358 ./drivers/fsl_uart.o
 .debug_abbrev  0x0000000000001819      0x170 ./device/system_MK64F12.o

.debug_aranges  0x0000000000000000      0x9b0
 .debug_aranges
                0x0000000000000000      0x330 ./startup/startup_mk64f12.o
 .debug_aranges
                0x0000000000000330       0x38 ./source/DAC.o
 .debug_aranges
                0x0000000000000368       0xa0 ./source/GPIO.o
 .debug_aranges
                0x0000000000000408       0x38 ./source/Keypad4x4.o
 .debug_aranges
                0x0000000000000440       0x38 ./source/NVIC.o
 .debug_aranges
                0x0000000000000478       0x78 ./source/PIT.o
 .debug_aranges
                0x00000000000004f0       0x50 ./source/RGB_set.o
 .debug_aranges
                0x0000000000000540       0x50 ./source/Wave_gen.o
 .debug_aranges
                0x0000000000000590       0x20 ./source/main.o
 .debug_aranges
                0x00000000000005b0       0x50 ./source/motor_control.o
 .debug_aranges
                0x0000000000000600       0x38 ./source/password.o
 .debug_aranges
                0x0000000000000638       0x20 ./source/semihost_hardfault.o
 .debug_aranges
                0x0000000000000658      0x180 ./drivers/fsl_i2c.o
 .debug_aranges
                0x00000000000007d8      0x1a8 ./drivers/fsl_uart.o
 .debug_aranges
                0x0000000000000980       0x30 ./device/system_MK64F12.o

.debug_ranges   0x0000000000000000      0x8c0
 .debug_ranges  0x0000000000000000      0x320 ./startup/startup_mk64f12.o
 .debug_ranges  0x0000000000000320       0x28 ./source/DAC.o
 .debug_ranges  0x0000000000000348       0x90 ./source/GPIO.o
 .debug_ranges  0x00000000000003d8       0x28 ./source/Keypad4x4.o
 .debug_ranges  0x0000000000000400       0x28 ./source/NVIC.o
 .debug_ranges  0x0000000000000428       0x68 ./source/PIT.o
 .debug_ranges  0x0000000000000490       0x40 ./source/RGB_set.o
 .debug_ranges  0x00000000000004d0       0x40 ./source/Wave_gen.o
 .debug_ranges  0x0000000000000510       0x10 ./source/main.o
 .debug_ranges  0x0000000000000520       0x40 ./source/motor_control.o
 .debug_ranges  0x0000000000000560       0x28 ./source/password.o
 .debug_ranges  0x0000000000000588       0x10 ./source/semihost_hardfault.o
 .debug_ranges  0x0000000000000598      0x170 ./drivers/fsl_i2c.o
 .debug_ranges  0x0000000000000708      0x198 ./drivers/fsl_uart.o
 .debug_ranges  0x00000000000008a0       0x20 ./device/system_MK64F12.o

.debug_macro    0x0000000000000000     0x11f9
 .debug_macro   0x0000000000000000       0x29 ./startup/startup_mk64f12.o
 .debug_macro   0x0000000000000029       0x99 ./source/DAC.o
 .debug_macro   0x00000000000000c2       0x10 ./source/DAC.o
 .debug_macro   0x00000000000000d2       0xac ./source/GPIO.o
 .debug_macro   0x000000000000017e       0xa6 ./source/GPIO.o
 .debug_macro   0x0000000000000224       0xd8 ./source/GPIO.o
 .debug_macro   0x00000000000002fc       0xcd ./source/Keypad4x4.o
 .debug_macro   0x00000000000003c9       0x1c ./source/Keypad4x4.o
 .debug_macro   0x00000000000003e5       0x16 ./source/Keypad4x4.o
 .debug_macro   0x00000000000003fb       0x10 ./source/Keypad4x4.o
 .debug_macro   0x000000000000040b       0x95 ./source/NVIC.o
 .debug_macro   0x00000000000004a0       0x10 ./source/NVIC.o
 .debug_macro   0x00000000000004b0       0xbe ./source/PIT.o
 .debug_macro   0x000000000000056e       0x34 ./source/PIT.o
 .debug_macro   0x00000000000005a2       0xa3 ./source/RGB_set.o
 .debug_macro   0x0000000000000645       0xc4 ./source/Wave_gen.o
 .debug_macro   0x0000000000000709       0x16 ./source/Wave_gen.o
 .debug_macro   0x000000000000071f      0x1e7 ./source/main.o
 .debug_macro   0x0000000000000906       0x22 ./source/main.o
 .debug_macro   0x0000000000000928       0x16 ./source/main.o
 .debug_macro   0x000000000000093e       0x16 ./source/main.o
 .debug_macro   0x0000000000000954       0x16 ./source/main.o
 .debug_macro   0x000000000000096a      0x1ab ./source/main.o
 .debug_macro   0x0000000000000b15      0x1ce ./source/main.o
 .debug_macro   0x0000000000000ce3       0x2e ./source/main.o
 .debug_macro   0x0000000000000d11       0x22 ./source/main.o
 .debug_macro   0x0000000000000d33       0x1c ./source/main.o
 .debug_macro   0x0000000000000d4f       0x1c ./source/main.o
 .debug_macro   0x0000000000000d6b       0xbe ./source/motor_control.o
 .debug_macro   0x0000000000000e29       0xc7 ./source/password.o
 .debug_macro   0x0000000000000ef0       0x11 ./source/semihost_hardfault.o
 .debug_macro   0x0000000000000f01      0x117 ./drivers/fsl_i2c.o
 .debug_macro   0x0000000000001018       0x1c ./drivers/fsl_i2c.o
 .debug_macro   0x0000000000001034      0x11d ./drivers/fsl_uart.o
 .debug_macro   0x0000000000001151       0x10 ./drivers/fsl_uart.o
 .debug_macro   0x0000000000001161       0x98 ./device/system_MK64F12.o

.debug_line     0x0000000000000000     0x5f11
 .debug_line    0x0000000000000000      0x90e ./startup/startup_mk64f12.o
 .debug_line    0x000000000000090e      0x30a ./source/DAC.o
 .debug_line    0x0000000000000c18      0x7bf ./source/GPIO.o
 .debug_line    0x00000000000013d7      0x37c ./source/Keypad4x4.o
 .debug_line    0x0000000000001753      0x2fe ./source/NVIC.o
 .debug_line    0x0000000000001a51      0x44b ./source/PIT.o
 .debug_line    0x0000000000001e9c      0x321 ./source/RGB_set.o
 .debug_line    0x00000000000021bd      0x3b0 ./source/Wave_gen.o
 .debug_line    0x000000000000256d      0x635 ./source/main.o
 .debug_line    0x0000000000002ba2      0x3b6 ./source/motor_control.o
 .debug_line    0x0000000000002f58      0x3bd ./source/password.o
 .debug_line    0x0000000000003315       0x59 ./source/semihost_hardfault.o
 .debug_line    0x000000000000336e     0x13e6 ./drivers/fsl_i2c.o
 .debug_line    0x0000000000004754     0x13d6 ./drivers/fsl_uart.o
 .debug_line    0x0000000000005b2a      0x3e7 ./device/system_MK64F12.o

.debug_str      0x0000000000000000    0x807e6
 .debug_str     0x0000000000000000     0x3670 ./startup/startup_mk64f12.o
                                       0x371c (size before relaxing)
 .debug_str     0x0000000000003670    0x6e6e7 ./source/DAC.o
                                      0x715f7 (size before relaxing)
 .debug_str     0x0000000000071d57      0x895 ./source/GPIO.o
                                      0x71d85 (size before relaxing)
 .debug_str     0x00000000000725ec      0x24f ./source/Keypad4x4.o
                                      0x71d20 (size before relaxing)
 .debug_str     0x000000000007283b      0xa7a ./source/NVIC.o
                                      0x71efb (size before relaxing)
 .debug_str     0x00000000000732b5      0x213 ./source/PIT.o
                                      0x71d2e (size before relaxing)
 .debug_str     0x00000000000734c8       0x7f ./source/RGB_set.o
                                      0x717b1 (size before relaxing)
 .debug_str     0x0000000000073547      0x129 ./source/Wave_gen.o
                                      0x71912 (size before relaxing)
 .debug_str     0x0000000000073670     0xb0a9 ./source/main.o
                                      0x7d22b (size before relaxing)
 .debug_str     0x000000000007e719      0x100 ./source/motor_control.o
                                      0x71ce9 (size before relaxing)
 .debug_str     0x000000000007e819       0xae ./source/password.o
                                      0x71c84 (size before relaxing)
 .debug_str     0x000000000007e8c7       0x1f ./source/semihost_hardfault.o
                                       0x2ead (size before relaxing)
 .debug_str     0x000000000007e8e6      0xfbc ./drivers/fsl_i2c.o
                                      0x7b901 (size before relaxing)
 .debug_str     0x000000000007f8a2      0xe6c ./drivers/fsl_uart.o
                                      0x7bac7 (size before relaxing)
 .debug_str     0x000000000008070e       0xd8 ./device/system_MK64F12.o
                                      0x78468 (size before relaxing)

.comment        0x0000000000000000       0x4c
 .comment       0x0000000000000000       0x4c ./startup/startup_mk64f12.o
                                         0x4d (size before relaxing)
 .comment       0x000000000000004c       0x4d ./source/DAC.o
 .comment       0x000000000000004c       0x4d ./source/GPIO.o
 .comment       0x000000000000004c       0x4d ./source/Keypad4x4.o
 .comment       0x000000000000004c       0x4d ./source/NVIC.o
 .comment       0x000000000000004c       0x4d ./source/PIT.o
 .comment       0x000000000000004c       0x4d ./source/RGB_set.o
 .comment       0x000000000000004c       0x4d ./source/Wave_gen.o
 .comment       0x000000000000004c       0x4d ./source/main.o
 .comment       0x000000000000004c       0x4d ./source/motor_control.o
 .comment       0x000000000000004c       0x4d ./source/password.o
 .comment       0x000000000000004c       0x4d ./source/semihost_hardfault.o
 .comment       0x000000000000004c       0x4d ./drivers/fsl_i2c.o
 .comment       0x000000000000004c       0x4d ./drivers/fsl_uart.o
 .comment       0x000000000000004c       0x4d ./device/system_MK64F12.o
 .comment       0x000000000000004c       0x4d /Applications/MCUXpressoIDE_11.3.0_5222/ide/plugins/com.nxp.mcuxpresso.tools.macosx_11.3.0.202011031536/tools/bin/../lib/gcc/arm-none-eabi/9.3.1/../../../../arm-none-eabi/lib/thumb/v7e-m+fp/hard/libcr_semihost_nf.a(_cr__main.o)
 .comment       0x000000000000004c       0x4d /Applications/MCUXpressoIDE_11.3.0_5222/ide/plugins/com.nxp.mcuxpresso.tools.macosx_11.3.0.202011031536/tools/bin/../lib/gcc/arm-none-eabi/9.3.1/../../../../arm-none-eabi/lib/thumb/v7e-m+fp/hard/libcr_semihost_nf.a(__ciob.o)
 .comment       0x000000000000004c       0x4d /Applications/MCUXpressoIDE_11.3.0_5222/ide/plugins/com.nxp.mcuxpresso.tools.macosx_11.3.0.202011031536/tools/bin/../lib/gcc/arm-none-eabi/9.3.1/../../../../arm-none-eabi/lib/thumb/v7e-m+fp/hard/libcr_c.a(memset.o)
 .comment       0x000000000000004c       0x4d /Applications/MCUXpressoIDE_11.3.0_5222/ide/plugins/com.nxp.mcuxpresso.tools.macosx_11.3.0.202011031536/tools/bin/../lib/gcc/arm-none-eabi/9.3.1/../../../../arm-none-eabi/lib/thumb/v7e-m+fp/hard/libcr_c.a(_deferredlazyseek.o)
 .comment       0x000000000000004c       0x4d /Applications/MCUXpressoIDE_11.3.0_5222/ide/plugins/com.nxp.mcuxpresso.tools.macosx_11.3.0.202011031536/tools/bin/../lib/gcc/arm-none-eabi/9.3.1/../../../../arm-none-eabi/lib/thumb/v7e-m+fp/hard/libcr_c.a(_fflush.o)
 .comment       0x000000000000004c       0x4d /Applications/MCUXpressoIDE_11.3.0_5222/ide/plugins/com.nxp.mcuxpresso.tools.macosx_11.3.0.202011031536/tools/bin/../lib/gcc/arm-none-eabi/9.3.1/../../../../arm-none-eabi/lib/thumb/v7e-m+fp/hard/libcr_c.a(_writebuf.o)
 .comment       0x000000000000004c       0x4d /Applications/MCUXpressoIDE_11.3.0_5222/ide/plugins/com.nxp.mcuxpresso.tools.macosx_11.3.0.202011031536/tools/bin/../lib/gcc/arm-none-eabi/9.3.1/../../../../arm-none-eabi/lib/thumb/v7e-m+fp/hard/libcr_c.a(alloc.o)
 .comment       0x000000000000004c       0x4d /Applications/MCUXpressoIDE_11.3.0_5222/ide/plugins/com.nxp.mcuxpresso.tools.macosx_11.3.0.202011031536/tools/bin/../lib/gcc/arm-none-eabi/9.3.1/../../../../arm-none-eabi/lib/thumb/v7e-m+fp/hard/libcr_c.a(errno.o)
 .comment       0x000000000000004c       0x4d /Applications/MCUXpressoIDE_11.3.0_5222/ide/plugins/com.nxp.mcuxpresso.tools.macosx_11.3.0.202011031536/tools/bin/../lib/gcc/arm-none-eabi/9.3.1/../../../../arm-none-eabi/lib/thumb/v7e-m+fp/hard/libcr_c.a(fseek.o)
 .comment       0x000000000000004c       0x4d /Applications/MCUXpressoIDE_11.3.0_5222/ide/plugins/com.nxp.mcuxpresso.tools.macosx_11.3.0.202011031536/tools/bin/../lib/gcc/arm-none-eabi/9.3.1/../../../../arm-none-eabi/lib/thumb/v7e-m+fp/hard/libcr_c.a(ftell.o)
 .comment       0x000000000000004c       0x4d /Applications/MCUXpressoIDE_11.3.0_5222/ide/plugins/com.nxp.mcuxpresso.tools.macosx_11.3.0.202011031536/tools/bin/../lib/gcc/arm-none-eabi/9.3.1/../../../../arm-none-eabi/lib/thumb/v7e-m+fp/hard/libcr_c.a(initio.o)
 .comment       0x000000000000004c       0x4d /Applications/MCUXpressoIDE_11.3.0_5222/ide/plugins/com.nxp.mcuxpresso.tools.macosx_11.3.0.202011031536/tools/bin/../lib/gcc/arm-none-eabi/9.3.1/../../../../arm-none-eabi/lib/thumb/v7e-m+fp/hard/libcr_c.a(printf.o)
 .comment       0x000000000000004c       0x4d /Applications/MCUXpressoIDE_11.3.0_5222/ide/plugins/com.nxp.mcuxpresso.tools.macosx_11.3.0.202011031536/tools/bin/../lib/gcc/arm-none-eabi/9.3.1/../../../../arm-none-eabi/lib/thumb/v7e-m+fp/hard/libcr_c.a(setvbuf.o)
 .comment       0x000000000000004c       0x4d /Applications/MCUXpressoIDE_11.3.0_5222/ide/plugins/com.nxp.mcuxpresso.tools.macosx_11.3.0.202011031536/tools/bin/../lib/gcc/arm-none-eabi/9.3.1/../../../../arm-none-eabi/lib/thumb/v7e-m+fp/hard/libcr_c.a(strlen.o)
 .comment       0x000000000000004c       0x4d /Applications/MCUXpressoIDE_11.3.0_5222/ide/plugins/com.nxp.mcuxpresso.tools.macosx_11.3.0.202011031536/tools/bin/../lib/gcc/arm-none-eabi/9.3.1/../../../../arm-none-eabi/lib/thumb/v7e-m+fp/hard/libcr_c.a(__init_alloc.o)
 .comment       0x000000000000004c       0x4d /Applications/MCUXpressoIDE_11.3.0_5222/ide/plugins/com.nxp.mcuxpresso.tools.macosx_11.3.0.202011031536/tools/bin/../lib/gcc/arm-none-eabi/9.3.1/../../../../arm-none-eabi/lib/thumb/v7e-m+fp/hard/libcr_c.a(_cr_sbrk.o)
 .comment       0x000000000000004c       0x4d /Applications/MCUXpressoIDE_11.3.0_5222/ide/plugins/com.nxp.mcuxpresso.tools.macosx_11.3.0.202011031536/tools/bin/../lib/gcc/arm-none-eabi/9.3.1/../../../../arm-none-eabi/lib/thumb/v7e-m+fp/hard/libcr_c.a(_fdopen.o)
 .comment       0x000000000000004c       0x4d /Applications/MCUXpressoIDE_11.3.0_5222/ide/plugins/com.nxp.mcuxpresso.tools.macosx_11.3.0.202011031536/tools/bin/../lib/gcc/arm-none-eabi/9.3.1/../../../../arm-none-eabi/lib/thumb/v7e-m+fp/hard/libcr_c.a(fclose.o)
 .comment       0x000000000000004c       0x4d /Applications/MCUXpressoIDE_11.3.0_5222/ide/plugins/com.nxp.mcuxpresso.tools.macosx_11.3.0.202011031536/tools/bin/../lib/gcc/arm-none-eabi/9.3.1/../../../../arm-none-eabi/lib/thumb/v7e-m+fp/hard/libcr_c.a(fflush.o)
 .comment       0x000000000000004c       0x4d /Applications/MCUXpressoIDE_11.3.0_5222/ide/plugins/com.nxp.mcuxpresso.tools.macosx_11.3.0.202011031536/tools/bin/../lib/gcc/arm-none-eabi/9.3.1/../../../../arm-none-eabi/lib/thumb/v7e-m+fp/hard/libcr_c.a(remove.o)
 .comment       0x000000000000004c       0x4d /Applications/MCUXpressoIDE_11.3.0_5222/ide/plugins/com.nxp.mcuxpresso.tools.macosx_11.3.0.202011031536/tools/bin/../lib/gcc/arm-none-eabi/9.3.1/../../../../arm-none-eabi/lib/thumb/v7e-m+fp/hard/libcr_c.a(_cr_check_heap.o)
 .comment       0x000000000000004c       0x4d /Applications/MCUXpressoIDE_11.3.0_5222/ide/plugins/com.nxp.mcuxpresso.tools.macosx_11.3.0.202011031536/tools/bin/../lib/gcc/arm-none-eabi/9.3.1/../../../../arm-none-eabi/lib/thumb/v7e-m+fp/hard/libcr_c.a(_do_fflush.o)

.ARM.attributes
                0x0000000000000000       0x32
 .ARM.attributes
                0x0000000000000000       0x34 ./startup/startup_mk64f12.o
 .ARM.attributes
                0x0000000000000034       0x34 ./source/DAC.o
 .ARM.attributes
                0x0000000000000068       0x34 ./source/GPIO.o
 .ARM.attributes
                0x000000000000009c       0x34 ./source/Keypad4x4.o
 .ARM.attributes
                0x00000000000000d0       0x34 ./source/NVIC.o
 .ARM.attributes
                0x0000000000000104       0x34 ./source/PIT.o
 .ARM.attributes
                0x0000000000000138       0x34 ./source/RGB_set.o
 .ARM.attributes
                0x000000000000016c       0x34 ./source/Wave_gen.o
 .ARM.attributes
                0x00000000000001a0       0x34 ./source/main.o
 .ARM.attributes
                0x00000000000001d4       0x34 ./source/motor_control.o
 .ARM.attributes
                0x0000000000000208       0x34 ./source/password.o
 .ARM.attributes
                0x000000000000023c       0x34 ./source/semihost_hardfault.o
 .ARM.attributes
                0x0000000000000270       0x34 ./drivers/fsl_i2c.o
 .ARM.attributes
                0x00000000000002a4       0x34 ./drivers/fsl_uart.o
 .ARM.attributes
                0x00000000000002d8       0x34 ./device/system_MK64F12.o
 .ARM.attributes
                0x000000000000030c       0x34 /Applications/MCUXpressoIDE_11.3.0_5222/ide/plugins/com.nxp.mcuxpresso.tools.macosx_11.3.0.202011031536/tools/bin/../lib/gcc/arm-none-eabi/9.3.1/../../../../arm-none-eabi/lib/thumb/v7e-m+fp/hard/libcr_semihost_nf.a(_cr__main.o)
 .ARM.attributes
                0x0000000000000340       0x39 /Applications/MCUXpressoIDE_11.3.0_5222/ide/plugins/com.nxp.mcuxpresso.tools.macosx_11.3.0.202011031536/tools/bin/../lib/gcc/arm-none-eabi/9.3.1/../../../../arm-none-eabi/lib/thumb/v7e-m+fp/hard/libcr_semihost_nf.a(__ciob.o)
 .ARM.attributes
                0x0000000000000379       0x20 /Applications/MCUXpressoIDE_11.3.0_5222/ide/plugins/com.nxp.mcuxpresso.tools.macosx_11.3.0.202011031536/tools/bin/../lib/gcc/arm-none-eabi/9.3.1/../../../../arm-none-eabi/lib/thumb/v7e-m+fp/hard/libcr_semihost_nf.a(__sys_appexit.o)
 .ARM.attributes
                0x0000000000000399       0x34 /Applications/MCUXpressoIDE_11.3.0_5222/ide/plugins/com.nxp.mcuxpresso.tools.macosx_11.3.0.202011031536/tools/bin/../lib/gcc/arm-none-eabi/9.3.1/../../../../arm-none-eabi/lib/thumb/v7e-m+fp/hard/libcr_c.a(memset.o)
 .ARM.attributes
                0x00000000000003cd       0x34 /Applications/MCUXpressoIDE_11.3.0_5222/ide/plugins/com.nxp.mcuxpresso.tools.macosx_11.3.0.202011031536/tools/bin/../lib/gcc/arm-none-eabi/9.3.1/../../../../arm-none-eabi/lib/thumb/v7e-m+fp/hard/libcr_c.a(_deferredlazyseek.o)
 .ARM.attributes
                0x0000000000000401       0x34 /Applications/MCUXpressoIDE_11.3.0_5222/ide/plugins/com.nxp.mcuxpresso.tools.macosx_11.3.0.202011031536/tools/bin/../lib/gcc/arm-none-eabi/9.3.1/../../../../arm-none-eabi/lib/thumb/v7e-m+fp/hard/libcr_c.a(_fflush.o)
 .ARM.attributes
                0x0000000000000435       0x34 /Applications/MCUXpressoIDE_11.3.0_5222/ide/plugins/com.nxp.mcuxpresso.tools.macosx_11.3.0.202011031536/tools/bin/../lib/gcc/arm-none-eabi/9.3.1/../../../../arm-none-eabi/lib/thumb/v7e-m+fp/hard/libcr_c.a(_writebuf.o)
 .ARM.attributes
                0x0000000000000469       0x34 /Applications/MCUXpressoIDE_11.3.0_5222/ide/plugins/com.nxp.mcuxpresso.tools.macosx_11.3.0.202011031536/tools/bin/../lib/gcc/arm-none-eabi/9.3.1/../../../../arm-none-eabi/lib/thumb/v7e-m+fp/hard/libcr_c.a(alloc.o)
 .ARM.attributes
                0x000000000000049d       0x39 /Applications/MCUXpressoIDE_11.3.0_5222/ide/plugins/com.nxp.mcuxpresso.tools.macosx_11.3.0.202011031536/tools/bin/../lib/gcc/arm-none-eabi/9.3.1/../../../../arm-none-eabi/lib/thumb/v7e-m+fp/hard/libcr_c.a(errno.o)
 .ARM.attributes
                0x00000000000004d6       0x34 /Applications/MCUXpressoIDE_11.3.0_5222/ide/plugins/com.nxp.mcuxpresso.tools.macosx_11.3.0.202011031536/tools/bin/../lib/gcc/arm-none-eabi/9.3.1/../../../../arm-none-eabi/lib/thumb/v7e-m+fp/hard/libcr_c.a(fseek.o)
 .ARM.attributes
                0x000000000000050a       0x34 /Applications/MCUXpressoIDE_11.3.0_5222/ide/plugins/com.nxp.mcuxpresso.tools.macosx_11.3.0.202011031536/tools/bin/../lib/gcc/arm-none-eabi/9.3.1/../../../../arm-none-eabi/lib/thumb/v7e-m+fp/hard/libcr_c.a(ftell.o)
 .ARM.attributes
                0x000000000000053e       0x34 /Applications/MCUXpressoIDE_11.3.0_5222/ide/plugins/com.nxp.mcuxpresso.tools.macosx_11.3.0.202011031536/tools/bin/../lib/gcc/arm-none-eabi/9.3.1/../../../../arm-none-eabi/lib/thumb/v7e-m+fp/hard/libcr_c.a(initio.o)
 .ARM.attributes
                0x0000000000000572       0x34 /Applications/MCUXpressoIDE_11.3.0_5222/ide/plugins/com.nxp.mcuxpresso.tools.macosx_11.3.0.202011031536/tools/bin/../lib/gcc/arm-none-eabi/9.3.1/../../../../arm-none-eabi/lib/thumb/v7e-m+fp/hard/libcr_c.a(printf.o)
 .ARM.attributes
                0x00000000000005a6       0x34 /Applications/MCUXpressoIDE_11.3.0_5222/ide/plugins/com.nxp.mcuxpresso.tools.macosx_11.3.0.202011031536/tools/bin/../lib/gcc/arm-none-eabi/9.3.1/../../../../arm-none-eabi/lib/thumb/v7e-m+fp/hard/libcr_c.a(setvbuf.o)
 .ARM.attributes
                0x00000000000005da       0x34 /Applications/MCUXpressoIDE_11.3.0_5222/ide/plugins/com.nxp.mcuxpresso.tools.macosx_11.3.0.202011031536/tools/bin/../lib/gcc/arm-none-eabi/9.3.1/../../../../arm-none-eabi/lib/thumb/v7e-m+fp/hard/libcr_c.a(strlen.o)
 .ARM.attributes
                0x000000000000060e       0x34 /Applications/MCUXpressoIDE_11.3.0_5222/ide/plugins/com.nxp.mcuxpresso.tools.macosx_11.3.0.202011031536/tools/bin/../lib/gcc/arm-none-eabi/9.3.1/../../../../arm-none-eabi/lib/thumb/v7e-m+fp/hard/libcr_c.a(__init_alloc.o)
 .ARM.attributes
                0x0000000000000642       0x34 /Applications/MCUXpressoIDE_11.3.0_5222/ide/plugins/com.nxp.mcuxpresso.tools.macosx_11.3.0.202011031536/tools/bin/../lib/gcc/arm-none-eabi/9.3.1/../../../../arm-none-eabi/lib/thumb/v7e-m+fp/hard/libcr_c.a(_cr_sbrk.o)
 .ARM.attributes
                0x0000000000000676       0x34 /Applications/MCUXpressoIDE_11.3.0_5222/ide/plugins/com.nxp.mcuxpresso.tools.macosx_11.3.0.202011031536/tools/bin/../lib/gcc/arm-none-eabi/9.3.1/../../../../arm-none-eabi/lib/thumb/v7e-m+fp/hard/libcr_c.a(_fdopen.o)
 .ARM.attributes
                0x00000000000006aa       0x34 /Applications/MCUXpressoIDE_11.3.0_5222/ide/plugins/com.nxp.mcuxpresso.tools.macosx_11.3.0.202011031536/tools/bin/../lib/gcc/arm-none-eabi/9.3.1/../../../../arm-none-eabi/lib/thumb/v7e-m+fp/hard/libcr_c.a(fclose.o)
 .ARM.attributes
                0x00000000000006de       0x34 /Applications/MCUXpressoIDE_11.3.0_5222/ide/plugins/com.nxp.mcuxpresso.tools.macosx_11.3.0.202011031536/tools/bin/../lib/gcc/arm-none-eabi/9.3.1/../../../../arm-none-eabi/lib/thumb/v7e-m+fp/hard/libcr_c.a(fflush.o)
 .ARM.attributes
                0x0000000000000712       0x34 /Applications/MCUXpressoIDE_11.3.0_5222/ide/plugins/com.nxp.mcuxpresso.tools.macosx_11.3.0.202011031536/tools/bin/../lib/gcc/arm-none-eabi/9.3.1/../../../../arm-none-eabi/lib/thumb/v7e-m+fp/hard/libcr_c.a(remove.o)
 .ARM.attributes
                0x0000000000000746       0x34 /Applications/MCUXpressoIDE_11.3.0_5222/ide/plugins/com.nxp.mcuxpresso.tools.macosx_11.3.0.202011031536/tools/bin/../lib/gcc/arm-none-eabi/9.3.1/../../../../arm-none-eabi/lib/thumb/v7e-m+fp/hard/libcr_c.a(_cr_check_heap.o)
 .ARM.attributes
                0x000000000000077a       0x34 /Applications/MCUXpressoIDE_11.3.0_5222/ide/plugins/com.nxp.mcuxpresso.tools.macosx_11.3.0.202011031536/tools/bin/../lib/gcc/arm-none-eabi/9.3.1/../../../../arm-none-eabi/lib/thumb/v7e-m+fp/hard/libcr_c.a(_do_fflush.o)
 .ARM.attributes
                0x00000000000007ae       0x20 /Applications/MCUXpressoIDE_11.3.0_5222/ide/plugins/com.nxp.mcuxpresso.tools.macosx_11.3.0.202011031536/tools/bin/../lib/gcc/arm-none-eabi/9.3.1/thumb/v7e-m+fp/hard/libcr_eabihelpers.a(memcpy.o)
 .ARM.attributes
                0x00000000000007ce       0x20 /Applications/MCUXpressoIDE_11.3.0_5222/ide/plugins/com.nxp.mcuxpresso.tools.macosx_11.3.0.202011031536/tools/bin/../lib/gcc/arm-none-eabi/9.3.1/../../../../arm-none-eabi/lib/thumb/v7e-m+fp/hard/libcr_semihost_nf.a(__sys_close.o)
 .ARM.attributes
                0x00000000000007ee       0x20 /Applications/MCUXpressoIDE_11.3.0_5222/ide/plugins/com.nxp.mcuxpresso.tools.macosx_11.3.0.202011031536/tools/bin/../lib/gcc/arm-none-eabi/9.3.1/../../../../arm-none-eabi/lib/thumb/v7e-m+fp/hard/libcr_semihost_nf.a(__sys_flen.o)
 .ARM.attributes
                0x000000000000080e       0x20 /Applications/MCUXpressoIDE_11.3.0_5222/ide/plugins/com.nxp.mcuxpresso.tools.macosx_11.3.0.202011031536/tools/bin/../lib/gcc/arm-none-eabi/9.3.1/../../../../arm-none-eabi/lib/thumb/v7e-m+fp/hard/libcr_semihost_nf.a(__sys_istty.o)
 .ARM.attributes
                0x000000000000082e       0x20 /Applications/MCUXpressoIDE_11.3.0_5222/ide/plugins/com.nxp.mcuxpresso.tools.macosx_11.3.0.202011031536/tools/bin/../lib/gcc/arm-none-eabi/9.3.1/../../../../arm-none-eabi/lib/thumb/v7e-m+fp/hard/libcr_semihost_nf.a(__sys_remove.o)
 .ARM.attributes
                0x000000000000084e       0x20 /Applications/MCUXpressoIDE_11.3.0_5222/ide/plugins/com.nxp.mcuxpresso.tools.macosx_11.3.0.202011031536/tools/bin/../lib/gcc/arm-none-eabi/9.3.1/../../../../arm-none-eabi/lib/thumb/v7e-m+fp/hard/libcr_semihost_nf.a(__sys_seek.o)
 .ARM.attributes
                0x000000000000086e       0x20 /Applications/MCUXpressoIDE_11.3.0_5222/ide/plugins/com.nxp.mcuxpresso.tools.macosx_11.3.0.202011031536/tools/bin/../lib/gcc/arm-none-eabi/9.3.1/../../../../arm-none-eabi/lib/thumb/v7e-m+fp/hard/libcr_semihost_nf.a(__sys_tmpnam.o)
 .ARM.attributes