GPIO.c:30:6:GPIO_callback_init	16	static
GPIO.c:54:6:PORTA_IRQHandler	8	static
GPIO.c:67:6:PORTB_IRQHandler	8	static
GPIO.c:79:6:PORTC_IRQHandler	8	static
GPIO.c:92:6:PORTD_IRQHandler	8	static
GPIO.c:107:6:GPIO_clear_irq_status	16	static
GPIO.c:130:9:GPIO_get_irq_status	24	static
GPIO.c:157:6:GPIO_clear_interrupt	16	static
GPIO.c:180:9:GPIO_clock_gating	16	static
GPIO.c:207:9:GPIO_pin_control_register	16	static
GPIO.c:235:6:GPIO_write_port	16	static
GPIO.c:262:10:GPIO_read_port	24	static
GPIO.c:290:9:GPIO_read_pin	32	static
GPIO.c:330:6:GPIO_set_pin	24	static
GPIO.c:361:6:GPIO_clear_pin	24	static
GPIO.c:390:6:GPIO_toogle_pin	24	static
GPIO.c:420:6:GPIO_data_direction_port	16	static
GPIO.c:448:6:GPIO_data_direction_pin	24	static
