Archive member included to satisfy reference by file (symbol)

/Applications/MCUXpressoIDE_11.3.0_5222/ide/plugins/com.nxp.mcuxpresso.tools.macosx_11.3.0.202011031536/tools/bin/../lib/gcc/arm-none-eabi/9.3.1/../../../../arm-none-eabi/lib/thumb/v7e-m+fp/hard/libcr_nohost_nf.a(_cr__main.o)
                              ./startup/startup_mk66f18.o (__main)
/Applications/MCUXpressoIDE_11.3.0_5222/ide/plugins/com.nxp.mcuxpresso.tools.macosx_11.3.0.202011031536/tools/bin/../lib/gcc/arm-none-eabi/9.3.1/../../../../arm-none-eabi/lib/thumb/v7e-m+fp/hard/libcr_c.a(memcpy.o)
                              ./utilities/fsl_str.o (memcpy)
/Applications/MCUXpressoIDE_11.3.0_5222/ide/plugins/com.nxp.mcuxpresso.tools.macosx_11.3.0.202011031536/tools/bin/../lib/gcc/arm-none-eabi/9.3.1/../../../../arm-none-eabi/lib/thumb/v7e-m+fp/hard/libcr_c.a(memset.o)
                              ./utilities/fsl_debug_console.o (memset)
/Applications/MCUXpressoIDE_11.3.0_5222/ide/plugins/com.nxp.mcuxpresso.tools.macosx_11.3.0.202011031536/tools/bin/../lib/gcc/arm-none-eabi/9.3.1/../../../../arm-none-eabi/lib/thumb/v7e-m+fp/hard/libcr_c.a(alloc.o)
                              ./drivers/fsl_common.o (malloc)
/Applications/MCUXpressoIDE_11.3.0_5222/ide/plugins/com.nxp.mcuxpresso.tools.macosx_11.3.0.202011031536/tools/bin/../lib/gcc/arm-none-eabi/9.3.1/../../../../arm-none-eabi/lib/thumb/v7e-m+fp/hard/libcr_c.a(errno.o)
                              ./utilities/fsl_str.o (errno)
/Applications/MCUXpressoIDE_11.3.0_5222/ide/plugins/com.nxp.mcuxpresso.tools.macosx_11.3.0.202011031536/tools/bin/../lib/gcc/arm-none-eabi/9.3.1/../../../../arm-none-eabi/lib/thumb/v7e-m+fp/hard/libcr_c.a(initio.o)
                              /Applications/MCUXpressoIDE_11.3.0_5222/ide/plugins/com.nxp.mcuxpresso.tools.macosx_11.3.0.202011031536/tools/bin/../lib/gcc/arm-none-eabi/9.3.1/../../../../arm-none-eabi/lib/thumb/v7e-m+fp/hard/libcr_nohost_nf.a(_cr__main.o) (_initio)
/Applications/MCUXpressoIDE_11.3.0_5222/ide/plugins/com.nxp.mcuxpresso.tools.macosx_11.3.0.202011031536/tools/bin/../lib/gcc/arm-none-eabi/9.3.1/../../../../arm-none-eabi/lib/thumb/v7e-m+fp/hard/libcr_c.a(printf.o)
                              ./freertos/freertos_kernel/tasks.o (_sprintf)
/Applications/MCUXpressoIDE_11.3.0_5222/ide/plugins/com.nxp.mcuxpresso.tools.macosx_11.3.0.202011031536/tools/bin/../lib/gcc/arm-none-eabi/9.3.1/../../../../arm-none-eabi/lib/thumb/v7e-m+fp/hard/libcr_c.a(scanf.o)
                              ./utilities/fsl_str.o (strtoul)
/Applications/MCUXpressoIDE_11.3.0_5222/ide/plugins/com.nxp.mcuxpresso.tools.macosx_11.3.0.202011031536/tools/bin/../lib/gcc/arm-none-eabi/9.3.1/../../../../arm-none-eabi/lib/thumb/v7e-m+fp/hard/libcr_c.a(setvbuf.o)
                              /Applications/MCUXpressoIDE_11.3.0_5222/ide/plugins/com.nxp.mcuxpresso.tools.macosx_11.3.0.202011031536/tools/bin/../lib/gcc/arm-none-eabi/9.3.1/../../../../arm-none-eabi/lib/thumb/v7e-m+fp/hard/libcr_c.a(initio.o) (setvbuf)
/Applications/MCUXpressoIDE_11.3.0_5222/ide/plugins/com.nxp.mcuxpresso.tools.macosx_11.3.0.202011031536/tools/bin/../lib/gcc/arm-none-eabi/9.3.1/../../../../arm-none-eabi/lib/thumb/v7e-m+fp/hard/libcr_c.a(strcpy.o)
                              ./freertos/freertos_kernel/tasks.o (strcpy)
/Applications/MCUXpressoIDE_11.3.0_5222/ide/plugins/com.nxp.mcuxpresso.tools.macosx_11.3.0.202011031536/tools/bin/../lib/gcc/arm-none-eabi/9.3.1/../../../../arm-none-eabi/lib/thumb/v7e-m+fp/hard/libcr_c.a(strlen.o)
                              ./utilities/fsl_str.o (strlen)
/Applications/MCUXpressoIDE_11.3.0_5222/ide/plugins/com.nxp.mcuxpresso.tools.macosx_11.3.0.202011031536/tools/bin/../lib/gcc/arm-none-eabi/9.3.1/../../../../arm-none-eabi/lib/thumb/v7e-m+fp/hard/libcr_c.a(ungetc.o)
                              /Applications/MCUXpressoIDE_11.3.0_5222/ide/plugins/com.nxp.mcuxpresso.tools.macosx_11.3.0.202011031536/tools/bin/../lib/gcc/arm-none-eabi/9.3.1/../../../../arm-none-eabi/lib/thumb/v7e-m+fp/hard/libcr_c.a(scanf.o) (ungetc)
/Applications/MCUXpressoIDE_11.3.0_5222/ide/plugins/com.nxp.mcuxpresso.tools.macosx_11.3.0.202011031536/tools/bin/../lib/gcc/arm-none-eabi/9.3.1/../../../../arm-none-eabi/lib/thumb/v7e-m+fp/hard/libcr_c.a(__fillbuf.o)
                              /Applications/MCUXpressoIDE_11.3.0_5222/ide/plugins/com.nxp.mcuxpresso.tools.macosx_11.3.0.202011031536/tools/bin/../lib/gcc/arm-none-eabi/9.3.1/../../../../arm-none-eabi/lib/thumb/v7e-m+fp/hard/libcr_c.a(scanf.o) (__filbuf)
/Applications/MCUXpressoIDE_11.3.0_5222/ide/plugins/com.nxp.mcuxpresso.tools.macosx_11.3.0.202011031536/tools/bin/../lib/gcc/arm-none-eabi/9.3.1/../../../../arm-none-eabi/lib/thumb/v7e-m+fp/hard/libcr_c.a(__init_alloc.o)
                              /Applications/MCUXpressoIDE_11.3.0_5222/ide/plugins/com.nxp.mcuxpresso.tools.macosx_11.3.0.202011031536/tools/bin/../lib/gcc/arm-none-eabi/9.3.1/../../../../arm-none-eabi/lib/thumb/v7e-m+fp/hard/libcr_c.a(alloc.o) (__heaps)
[...]
Memory Configuration

Name             Origin             Length             Attributes
PROGRAM_FLASH    0x0000000000000000 0x0000000000200000 xr
SRAM_UPPER       0x0000000020000000 0x0000000000030000 xrw
SRAM_LOWER       0x000000001fff0000 0x0000000000010000 xrw
FLEX_RAM         0x0000000014000000 0x0000000000001000 xrw
*default*        0x0000000000000000 0xffffffffffffffff

Linker script and memory map

LOAD ./utilities/fsl_assert.o
LOAD ./utilities/fsl_debug_console.o
LOAD ./utilities/fsl_str.o
LOAD ./usb/phy/usb_phy.o
LOAD ./usb/device/source/khci/usb_device_khci.o
LOAD ./usb/device/source/ehci/usb_device_ehci.o
LOAD ./usb/device/source/usb_device_ch9.o
LOAD ./usb/device/source/usb_device_dci.o
LOAD ./usb/device/class/cdc/usb_device_cdc_acm.o
LOAD ./usb/device/class/usb_device_class.o
LOAD ./startup/startup_mk66f18.o
LOAD ./source/semihost_hardfault.o
LOAD ./source/usb_device_descriptor.o
LOAD ./source/virtual_com.o
LOAD ./freertos/freertos_kernel/portable/MemMang/heap_4.o
LOAD ./freertos/freertos_kernel/portable/GCC/ARM_CM4F/port.o
LOAD ./freertos/freertos_kernel/croutine.o
LOAD ./freertos/freertos_kernel/event_groups.o
LOAD ./freertos/freertos_kernel/list.o
LOAD ./freertos/freertos_kernel/queue.o
LOAD ./freertos/freertos_kernel/stream_buffer.o
LOAD ./freertos/freertos_kernel/tasks.o
LOAD ./freertos/freertos_kernel/timers.o
LOAD ./drivers/fsl_clock.o
LOAD ./drivers/fsl_common.o
LOAD ./drivers/fsl_common_arm.o
LOAD ./drivers/fsl_gpio.o
LOAD ./drivers/fsl_lpuart.o
LOAD ./drivers/fsl_smc.o
LOAD ./drivers/fsl_sysmpu.o
LOAD ./drivers/fsl_uart.o
LOAD ./device/system_MK66F18.o
LOAD ./component/uart/fsl_adapter_uart.o
LOAD ./component/serial_manager/fsl_component_serial_manager.o
LOAD ./component/serial_manager/fsl_component_serial_port_uart.o
LOAD ./component/osa/fsl_os_abstraction_free_rtos.o
LOAD ./component/lists/fsl_component_generic_list.o
LOAD ./board/board.o
LOAD ./board/clock_config.o
LOAD ./board/pin_mux.o
START GROUP
LOAD /Applications/MCUXpressoIDE_11.3.0_5222/ide/plugins/com.nxp.mcuxpresso.tools.macosx_11.3.0.202011031536/tools/bin/../lib/gcc/arm-none-eabi/9.3.1/../../../../arm-none-eabi/lib/thumb/v7e-m+fp/hard/libcr_nohost_nf.a
LOAD /Applications/MCUXpressoIDE_11.3.0_5222/ide/plugins/com.nxp.mcuxpresso.tools.macosx_11.3.0.202011031536/tools/bin/../lib/gcc/arm-none-eabi/9.3.1/../../../../arm-none-eabi/lib/thumb/v7e-m+fp/hard/libcr_c.a
LOAD /Applications/MCUXpressoIDE_11.3.0_5222/ide/plugins/com.nxp.mcuxpresso.tools.macosx_11.3.0.202011031536/tools/bin/../lib/gcc/arm-none-eabi/9.3.1/thumb/v7e-m+fp/hard/libcr_eabihelpers.a
LOAD /Applications/MCUXpressoIDE_11.3.0_5222/ide/plugins/com.nxp.mcuxpresso.tools.macosx_11.3.0.202011031536/tools/bin/../lib/gcc/arm-none-eabi/9.3.1/thumb/v7e-m+fp/hard/libgcc.a
END GROUP
                0x0000000000000000                __base_PROGRAM_FLASH = 0x0
                0x0000000000000000                __base_Flash = 0x0
                0x0000000000200000                __top_PROGRAM_FLASH = 0x200000
                0x0000000000200000                __top_Flash = 0x200000
                0x0000000020000000                __base_SRAM_UPPER = 0x20000000
                0x0000000020000000                __base_RAM = 0x20000000
                0x0000000020030000                __top_SRAM_UPPER = 0x20030000
                0x0000000020030000                __top_RAM = 0x20030000
                0x000000001fff0000                __base_SRAM_LOWER = 0x1fff0000
                0x000000001fff0000                __base_RAM2 = 0x1fff0000
                0x0000000020000000                __top_SRAM_LOWER = 0x20000000
                0x0000000020000000                __top_RAM2 = 0x20000000
                0x0000000014000000                __base_FLEX_RAM = 0x14000000
                0x0000000014000000                __base_RAM3 = 0x14000000
                0x0000000014001000                __top_FLEX_RAM = 0x14001000
                0x0000000014001000                __top_RAM3 = 0x14001000

.text           0x0000000000000000     0xae50
 FILL mask 0xff
                0x0000000000000000                __vectors_start__ = ABSOLUTE (.)
 *(SORT_BY_ALIGNMENT(.isr_vector))
 .isr_vector    0x0000000000000000      0x1d0 ./startup/startup_mk66f18.o
                0x0000000000000000                __Vectors
                0x0000000000000000                g_pfnVectors
                0x00000000000001d0                . = ALIGN (0x4)
                0x00000000000001d0                __section_table_start = .
                0x00000000000001d0                __data_section_table = .
                0x00000000000001d0        0x4 LONG 0xae50 LOADADDR (.data)
                0x00000000000001d4        0x4 LONG 0x20000000 ADDR (.data)
                0x00000000000001d8        0x4 LONG 0x178 SIZEOF (.data)
                0x00000000000001dc        0x4 LONG 0xae50 LOADADDR (.data_RAM2)
                0x00000000000001e0        0x4 LONG 0x1fff0000 ADDR (.data_RAM2)
                0x00000000000001e4        0x4 LONG 0x0 SIZEOF (.data_RAM2)
                0x00000000000001e8        0x4 LONG 0xae50 LOADADDR (.data_RAM3)
                0x00000000000001ec        0x4 LONG 0x14000000 ADDR (.data_RAM3)
                0x00000000000001f0        0x4 LONG 0x0 SIZEOF (.data_RAM3)
                0x00000000000001f4                __data_section_table_end = .
                0x00000000000001f4                __bss_section_table = .
                0x00000000000001f4        0x4 LONG 0x20000800 ADDR (.bss)
                0x00000000000001f8        0x4 LONG 0x8f30 SIZEOF (.bss)
                0x00000000000001fc        0x4 LONG 0x1fff0000 ADDR (.bss_RAM2)
                0x0000000000000200        0x4 LONG 0x0 SIZEOF (.bss_RAM2)
                0x0000000000000204        0x4 LONG 0x14000000 ADDR (.bss_RAM3)
                0x0000000000000208        0x4 LONG 0x0 SIZEOF (.bss_RAM3)
                0x000000000000020c                __bss_section_table_end = .
                0x000000000000020c                __section_table_end = .
 *(SORT_BY_ALIGNMENT(.after_vectors*))
 .after_vectors.reset
                0x000000000000020c       0x4c ./startup/startup_mk66f18.o
                0x000000000000020c                ResetISR
 .after_vectors.init_data
                0x0000000000000258       0x1e ./startup/startup_mk66f18.o
                0x0000000000000258                data_init
 .after_vectors.init_bss
                0x0000000000000276       0x12 ./startup/startup_mk66f18.o
                0x0000000000000276                bss_init
 .after_vectors
                0x0000000000000288       0x14 ./startup/startup_mk66f18.o
                0x0000000000000288                NMI_Handler
                0x000000000000028c                MemManage_Handler
                0x000000000000028e                BusFault_Handler
                0x0000000000000290                UsageFault_Handler
                0x0000000000000294                DebugMon_Handler
                0x000000000000029a                DMA_Error_DriverIRQHandler
                0x000000000000029a                FTM1_DriverIRQHandler
                0x000000000000029a                FTM2_DriverIRQHandler
                0x000000000000029a                PIT2_DriverIRQHandler
                0x000000000000029a                TPM2_DriverIRQHandler
                0x000000000000029a                SDHC_DriverIRQHandler
                0x000000000000029a                DMA7_DMA23_DriverIRQHandler
                0x000000000000029a                I2C3_DriverIRQHandler
                0x000000000000029a                I2S0_Tx_DriverIRQHandler
                0x000000000000029a                TSI0_DriverIRQHandler
                0x000000000000029a                RTC_Seconds_DriverIRQHandler
                0x000000000000029a                CMP3_DriverIRQHandler
                0x000000000000029a                LLWU_DriverIRQHandler
                0x000000000000029a                MCM_DriverIRQHandler
                0x000000000000029a                DMA14_DMA30_DriverIRQHandler
                0x000000000000029a                MCG_DriverIRQHandler
                0x000000000000029a                ENET_1588_Timer_DriverIRQHandler
                0x000000000000029a                I2C2_DriverIRQHandler
                0x000000000000029a                DAC1_DriverIRQHandler
                0x000000000000029a                CMP1_DriverIRQHandler
                0x000000000000029a                USBHSDCD_DriverIRQHandler
                0x000000000000029a                DMA0_DMA16_DriverIRQHandler
                0x000000000000029a                FTM0_DriverIRQHandler
                0x000000000000029a                IntDefaultHandler
                0x000000000000029a                USB0_DriverIRQHandler
                0x000000000000029a                PORTC_DriverIRQHandler
                0x000000000000029a                DMA2_DMA18_DriverIRQHandler
                0x000000000000029a                DAC0_DriverIRQHandler
                0x000000000000029a                CMP2_DriverIRQHandler
                0x000000000000029a                UART2_ERR_DriverIRQHandler
                0x000000000000029a                SPI2_DriverIRQHandler
                0x000000000000029a                LVD_LVW_DriverIRQHandler
                0x000000000000029a                Reserved84_DriverIRQHandler
                0x000000000000029a                PIT0_DriverIRQHandler
                0x000000000000029a                RNG_DriverIRQHandler
                0x000000000000029a                USBDCD_DriverIRQHandler
                0x000000000000029a                UART3_ERR_DriverIRQHandler
                0x000000000000029a                DMA12_DMA28_DriverIRQHandler
                0x000000000000029a                DMA10_DMA26_DriverIRQHandler
                0x000000000000029a                UART0_ERR_DriverIRQHandler
                0x000000000000029a                CMT_DriverIRQHandler
                0x000000000000029a                Reserved71_DriverIRQHandler
                0x000000000000029a                ADC1_DriverIRQHandler
                0x000000000000029a                PORTA_DriverIRQHandler
                0x000000000000029a                DMA1_DMA17_DriverIRQHandler
                0x000000000000029a                PIT3_DriverIRQHandler
                0x000000000000029a                PIT1_DriverIRQHandler
                0x000000000000029a                TPM1_DriverIRQHandler
                0x000000000000029a                WDOG_EWM_DriverIRQHandler
                0x000000000000029a                PDB0_DriverIRQHandler
                0x000000000000029a                DMA8_DMA24_DriverIRQHandler
                0x000000000000029a                DMA6_DMA22_DriverIRQHandler
                0x000000000000029a                RTC_DriverIRQHandler
                0x000000000000029a                I2S0_Rx_DriverIRQHandler
                0x000000000000029a                Read_Collision_DriverIRQHandler
                0x000000000000029a                SWI_DriverIRQHandler
                0x000000000000029a                UART4_ERR_DriverIRQHandler
                0x000000000000029a                DMA11_DMA27_DriverIRQHandler
                0x000000000000029a                DMA4_DMA20_DriverIRQHandler
                0x000000000000029a                DMA9_DMA25_DriverIRQHandler
                0x000000000000029a                I2C1_DriverIRQHandler
                0x000000000000029a                ENET_Receive_DriverIRQHandler
                0x000000000000029a                DMA3_DMA19_DriverIRQHandler
                0x000000000000029a                ENET_Error_DriverIRQHandler
                0x000000000000029a                Reserved85_DriverIRQHandler
                0x000000000000029a                SPI0_DriverIRQHandler
                0x000000000000029a                ADC0_DriverIRQHandler
                0x000000000000029a                USBHS_DriverIRQHandler
                0x000000000000029a                CMP0_DriverIRQHandler
                0x000000000000029a                CAN0_DriverIRQHandler
                0x000000000000029a                FTM3_DriverIRQHandler
                0x000000000000029a                DMA5_DMA21_DriverIRQHandler
                0x000000000000029a                DMA15_DMA31_DriverIRQHandler
                0x000000000000029a                UART1_ERR_DriverIRQHandler
                0x000000000000029a                ENET_Transmit_DriverIRQHandler
                0x000000000000029a                PORTD_DriverIRQHandler
                0x000000000000029a                Reserved46_DriverIRQHandler
                0x000000000000029a                PORTE_DriverIRQHandler
                0x000000000000029a                FTFE_DriverIRQHandler
                0x000000000000029a                I2C0_DriverIRQHandler
                0x000000000000029a                CAN1_DriverIRQHandler
                0x000000000000029a                DMA13_DMA29_DriverIRQHandler
                0x000000000000029a                PORTB_DriverIRQHandler
                0x000000000000029a                SPI1_DriverIRQHandler
                0x000000000000029a                LPTMR0_DriverIRQHandler
                0x0000000000000400                . = 0x400
 *fill*         0x000000000000029c      0x164 ff
                0x0000000000000400                PROVIDE (__FLASH_CONFIG_START__ = .)
 *(SORT_BY_ALIGNMENT(.FlashConfig))
 .FlashConfig   0x0000000000000400       0x10 ./startup/startup_mk66f18.o
                0x0000000000000400                Flash_Config
                0x0000000000000410                PROVIDE (__FLASH_CONFIG_END__ = .)
                0x0000000000000001                ASSERT (! ((__FLASH_CONFIG_START__ == __FLASH_CONFIG_END__)), Linker Flash Config Support Enabled, but no .FlashConfig section provided within application)
 *(SORT_BY_ALIGNMENT(.text*))
 .text.SVC_Handler
                0x0000000000000410       0x28 ./freertos/freertos_kernel/portable/GCC/ARM_CM4F/port.o
                0x0000000000000410                SVC_Handler
 *fill*         0x0000000000000438        0x8 ff
 .text.PendSV_Handler
                0x0000000000000440       0x68 ./freertos/freertos_kernel/portable/GCC/ARM_CM4F/port.o
                0x0000000000000440                PendSV_Handler
 .text.__assertion_failed
                0x00000000000004a8       0x18 ./utilities/fsl_assert.o
                0x00000000000004a8                __assertion_failed
 .text.DbgConsole_SendDataReliable
                0x00000000000004c0       0x54 ./utilities/fsl_debug_console.o
                0x00000000000004c0                DbgConsole_SendDataReliable
 .text.DbgConsole_Init
                0x0000000000000514      0x118 ./utilities/fsl_debug_console.o
                0x0000000000000514                DbgConsole_Init
 .text.DbgConsole_Printf
                0x000000000000062c       0x78 ./utilities/fsl_debug_console.o
                0x000000000000062c                DbgConsole_Printf
 .text.USB_EhciPhyGetBase
                0x00000000000006a4       0xd4 ./usb/phy/usb_phy.o
                0x00000000000006a4                USB_EhciPhyGetBase
 .text.USB_DeviceEhciTransfer
                0x0000000000000778      0x3b8 ./usb/device/source/ehci/usb_device_ehci.o
 .text.USB_EhciGetValidEhciState
                0x0000000000000b30       0x58 ./usb/device/source/ehci/usb_device_ehci.o
 .text.USB_DeviceEhciInit
                0x0000000000000b88      0x110 ./usb/device/source/ehci/usb_device_ehci.o
                0x0000000000000b88                USB_DeviceEhciInit
 .text.USB_DeviceEhciDeinit
                0x0000000000000c98       0x8c ./usb/device/source/ehci/usb_device_ehci.o
                0x0000000000000c98                USB_DeviceEhciDeinit
 .text.USB_DeviceEhciControl
                0x0000000000000d24      0x298 ./usb/device/source/ehci/usb_device_ehci.o
                0x0000000000000d24                USB_DeviceEhciControl
 .text.USB_DeviceControlCallback
                0x0000000000000fbc      0x3e4 ./usb/device/source/usb_device_ch9.o
 .text.USB_DeviceControlPipeInit
                0x00000000000013a0       0x7c ./usb/device/source/usb_device_ch9.o
                0x00000000000013a0                USB_DeviceControlPipeInit
 .text.USB_DeviceAllocateHandle
                0x000000000000141c       0xd0 ./usb/device/source/usb_device_dci.o
 .text.USB_DeviceGetControllerInterface
                0x00000000000014ec       0x3c ./usb/device/source/usb_device_dci.o
 .text.USB_DeviceGetStatus
                0x0000000000001528       0xcc ./usb/device/source/usb_device_dci.o
                0x0000000000001528                USB_DeviceGetStatus
 .text.USB_DeviceSetStatus
                0x00000000000015f4      0x118 ./usb/device/source/usb_device_dci.o
                0x00000000000015f4                USB_DeviceSetStatus
 .text.USB_DeviceCdcAcmAllocateHandle
                0x000000000000170c       0x58 ./usb/device/class/cdc/usb_device_cdc_acm.o
 .text.USB_DeviceCdcAcmEndpointsInit
                0x0000000000001764      0x3c0 ./usb/device/class/cdc/usb_device_cdc_acm.o
 .text.USB_DeviceCdcAcmEvent
                0x0000000000001b24      0x71c ./usb/device/class/cdc/usb_device_cdc_acm.o
                0x0000000000001b24                USB_DeviceCdcAcmEvent
 .text.USB_DeviceClassAllocateHandle
                0x0000000000002240       0xc8 ./usb/device/class/usb_device_class.o
 .text.USB_DeviceClassFreeHandle
                0x0000000000002308       0x90 ./usb/device/class/usb_device_class.o
 .text.USB_DeviceClassGetHandleByControllerId
                0x0000000000002398       0x78 ./usb/device/class/usb_device_class.o
 .text.USB_DeviceClassGetHandleByDeviceHandle
                0x0000000000002410       0x64 ./usb/device/class/usb_device_class.o
 .text.USB_DeviceClassGetDeviceHandle
                0x0000000000002474       0x78 ./usb/device/class/usb_device_class.o
                0x0000000000002474                USB_DeviceClassGetDeviceHandle
 .text.USB_DeviceClassEvent
                0x00000000000024ec       0xdc ./usb/device/class/usb_device_class.o
                0x00000000000024ec                USB_DeviceClassEvent
 .text.USB_DeviceClassInit
                0x00000000000025c8      0x118 ./usb/device/class/usb_device_class.o
                0x00000000000025c8                USB_DeviceClassInit
 .text.USB_DeviceGetDeviceDescriptor
                0x00000000000026e0       0x28 ./source/usb_device_descriptor.o
                0x00000000000026e0                USB_DeviceGetDeviceDescriptor
 .text.USB_DeviceGetConfigurationDescriptor
                0x0000000000002708       0x34 ./source/usb_device_descriptor.o
                0x0000000000002708                USB_DeviceGetConfigurationDescriptor
 .text.USB_DeviceGetStringDescriptor
                0x000000000000273c       0xc0 ./source/usb_device_descriptor.o
                0x000000000000273c                USB_DeviceGetStringDescriptor
 .text.USB_DeviceSetSpeed
                0x00000000000027fc      0x240 ./source/usb_device_descriptor.o
                0x00000000000027fc                USB_DeviceSetSpeed
 .text.__NVIC_EnableIRQ
                0x0000000000002a3c       0x3c ./source/virtual_com.o
 .text.__NVIC_SetPriority
                0x0000000000002a78       0x54 ./source/virtual_com.o
 .text.USBHS_IRQHandler
                0x0000000000002acc       0x1c ./source/virtual_com.o
                0x0000000000002acc                USBHS_IRQHandler
 .text.USB_DeviceClockInit
                0x0000000000002ae8       0x44 ./source/virtual_com.o
                0x0000000000002ae8                USB_DeviceClockInit
 .text.USB_DeviceCdcVcomCallback
                0x0000000000002b2c      0x37c ./source/virtual_com.o
                0x0000000000002b2c                USB_DeviceCdcVcomCallback
 .text.USB_DeviceCallback
                0x0000000000002ea8      0x20c ./source/virtual_com.o
                0x0000000000002ea8                USB_DeviceCallback
 .text.USB_DeviceApplicationInit
                0x00000000000030b4       0x84 ./source/virtual_com.o
                0x00000000000030b4                USB_DeviceApplicationInit
 .text.APPTask  0x0000000000003138       0xac ./source/virtual_com.o
                0x0000000000003138                APPTask
 .text.SendPeriodicTask
                0x00000000000031e4       0x60 ./source/virtual_com.o
                0x00000000000031e4                SendPeriodicTask
 .text.main     0x0000000000003244       0x78 ./source/virtual_com.o
                0x0000000000003244                main
 .text.pvPortMalloc
                0x00000000000032bc      0x1c0 ./freertos/freertos_kernel/portable/MemMang/heap_4.o
                0x00000000000032bc                pvPortMalloc
 .text.vPortFree
                0x000000000000347c       0xc4 ./freertos/freertos_kernel/portable/MemMang/heap_4.o
                0x000000000000347c                vPortFree
 .text.prvHeapInit
                0x0000000000003540       0xc4 ./freertos/freertos_kernel/portable/MemMang/heap_4.o
 .text.prvInsertBlockIntoFreeList
                0x0000000000003604       0xb4 ./freertos/freertos_kernel/portable/MemMang/heap_4.o
 .text.pxPortInitialiseStack
                0x00000000000036b8       0x68 ./freertos/freertos_kernel/portable/GCC/ARM_CM4F/port.o
                0x00000000000036b8                pxPortInitialiseStack
 .text.prvTaskExitError
                0x0000000000003720       0x58 ./freertos/freertos_kernel/portable/GCC/ARM_CM4F/port.o
 .text.prvPortStartFirstTask
                0x0000000000003778       0x2c ./freertos/freertos_kernel/portable/GCC/ARM_CM4F/port.o
 .text.xPortStartScheduler
                0x00000000000037a4      0x144 ./freertos/freertos_kernel/portable/GCC/ARM_CM4F/port.o
                0x00000000000037a4                xPortStartScheduler
 .text.vPortEnterCritical
                0x00000000000038e8       0x60 ./freertos/freertos_kernel/portable/GCC/ARM_CM4F/port.o
                0x00000000000038e8                vPortEnterCritical
 .text.vPortExitCritical
                0x0000000000003948       0x54 ./freertos/freertos_kernel/portable/GCC/ARM_CM4F/port.o
                0x0000000000003948                vPortExitCritical
 .text.SysTick_Handler
                0x000000000000399c       0x44 ./freertos/freertos_kernel/portable/GCC/ARM_CM4F/port.o
                0x000000000000399c                SysTick_Handler
 .text.vPortSetupTimerInterrupt
                0x00000000000039e0       0x48 ./freertos/freertos_kernel/portable/GCC/ARM_CM4F/port.o
                0x00000000000039e0                vPortSetupTimerInterrupt
 .text.vPortEnableVFP
                0x0000000000003a28       0x18 ./freertos/freertos_kernel/portable/GCC/ARM_CM4F/port.o
 .text.vPortValidateInterruptPriority
                0x0000000000003a40       0x80 ./freertos/freertos_kernel/portable/GCC/ARM_CM4F/port.o
                0x0000000000003a40                vPortValidateInterruptPriority
 .text.xQueueGenericReset
                0x0000000000003ac0       0xd0 ./freertos/freertos_kernel/queue.o
                0x0000000000003ac0                xQueueGenericReset
 .text.xQueueGenericSend
                0x0000000000003b90      0x1fc ./freertos/freertos_kernel/queue.o
                0x0000000000003b90                xQueueGenericSend
 .text.xQueueReceive
                0x0000000000003d8c      0x1c0 ./freertos/freertos_kernel/queue.o
                0x0000000000003d8c                xQueueReceive
 .text.vQueueAddToRegistry
                0x0000000000003f4c       0x54 ./freertos/freertos_kernel/queue.o
                0x0000000000003f4c                vQueueAddToRegistry
 .text.vQueueUnregisterQueue
                0x0000000000003fa0       0x54 ./freertos/freertos_kernel/queue.o
                0x0000000000003fa0                vQueueUnregisterQueue
 .text.prvAddNewTaskToReadyList
                0x0000000000003ff4       0xdc ./freertos/freertos_kernel/tasks.o
 .text.vTaskDelay
                0x00000000000040d0       0x68 ./freertos/freertos_kernel/tasks.o
                0x00000000000040d0                vTaskDelay
 .text.vTaskStartScheduler
                0x0000000000004138       0xa4 ./freertos/freertos_kernel/tasks.o
                0x0000000000004138                vTaskStartScheduler
 .text.vTaskSuspendAll
                0x00000000000041dc       0x1c ./freertos/freertos_kernel/tasks.o
                0x00000000000041dc                vTaskSuspendAll
 .text.xTaskResumeAll
                0x00000000000041f8      0x138 ./freertos/freertos_kernel/tasks.o
                0x00000000000041f8                xTaskResumeAll
 .text.xTaskGetTickCount
                0x0000000000004330       0x20 ./freertos/freertos_kernel/tasks.o
                0x0000000000004330                xTaskGetTickCount
 .text.xTaskIncrementTick
                0x0000000000004350      0x170 ./freertos/freertos_kernel/tasks.o
                0x0000000000004350                xTaskIncrementTick
 .text.vTaskSwitchContext
                0x00000000000044c0       0xb8 ./freertos/freertos_kernel/tasks.o
                0x00000000000044c0                vTaskSwitchContext
 .text.vTaskPlaceOnEventList
                0x0000000000004578       0x48 ./freertos/freertos_kernel/tasks.o
                0x0000000000004578                vTaskPlaceOnEventList
 .text.vTaskPlaceOnEventListRestricted
                0x00000000000045c0       0x58 ./freertos/freertos_kernel/tasks.o
                0x00000000000045c0                vTaskPlaceOnEventListRestricted
 .text.xTaskRemoveFromEventList
                0x0000000000004618       0xc4 ./freertos/freertos_kernel/tasks.o
                0x0000000000004618                xTaskRemoveFromEventList
 .text.vTaskInternalSetTimeOutState
                0x00000000000046dc       0x2c ./freertos/freertos_kernel/tasks.o
                0x00000000000046dc                vTaskInternalSetTimeOutState
 .text.xTaskCheckForTimeOut
                0x0000000000004708       0xcc ./freertos/freertos_kernel/tasks.o
                0x0000000000004708                xTaskCheckForTimeOut
 .text.vTaskMissedYield
                0x00000000000047d4       0x18 ./freertos/freertos_kernel/tasks.o
                0x00000000000047d4                vTaskMissedYield
 .text.prvIdleTask
                0x00000000000047ec       0x30 ./freertos/freertos_kernel/tasks.o
 .text.prvInitialiseTaskLists
                0x000000000000481c       0x80 ./freertos/freertos_kernel/tasks.o
 .text.prvCheckTasksWaitingTermination
                0x000000000000489c       0x5c ./freertos/freertos_kernel/tasks.o
 .text.prvResetNextTaskUnblockTime
                0x00000000000048f8       0x38 ./freertos/freertos_kernel/tasks.o
 .text.xTaskGetSchedulerState
                0x0000000000004930       0x3c ./freertos/freertos_kernel/tasks.o
                0x0000000000004930                xTaskGetSchedulerState
 .text.xTaskPriorityDisinherit
                0x000000000000496c       0xf4 ./freertos/freertos_kernel/tasks.o
                0x000000000000496c                xTaskPriorityDisinherit
 .text.prvAddCurrentTaskToDelayedList
                0x0000000000004a60       0xcc ./freertos/freertos_kernel/tasks.o
 .text.xTimerCreateTimerTask
                0x0000000000004b2c       0x64 ./freertos/freertos_kernel/timers.o
                0x0000000000004b2c                xTimerCreateTimerTask
 .text.xTimerGenericCommand
                0x0000000000004b90       0x9c ./freertos/freertos_kernel/timers.o
                0x0000000000004b90                xTimerGenericCommand
 .text.prvProcessExpiredTimer
                0x0000000000004c2c       0x98 ./freertos/freertos_kernel/timers.o
 .text.prvProcessTimerOrBlockTask
                0x0000000000004cc4       0x9c ./freertos/freertos_kernel/timers.o
 .text.prvGetNextExpireTime
                0x0000000000004d60       0x48 ./freertos/freertos_kernel/timers.o
 .text.prvSampleTimeNow
                0x0000000000004da8       0x40 ./freertos/freertos_kernel/timers.o
 .text.prvInsertTimerInActiveList
                0x0000000000004de8       0x84 ./freertos/freertos_kernel/timers.o
 .text.prvProcessReceivedCommands
                0x0000000000004e6c      0x1c4 ./freertos/freertos_kernel/timers.o
 .text.prvSwitchTimerLists
                0x0000000000005030       0xc8 ./freertos/freertos_kernel/timers.o
 .text.prvCheckForValidListAndQueue
                0x00000000000050f8       0x6c ./freertos/freertos_kernel/timers.o
 .text.CLOCK_SetEr32kClock
                0x0000000000005164       0x30 ./drivers/fsl_clock.o
 .text.CLOCK_SetPllFllSelClock
                0x0000000000005194       0x58 ./drivers/fsl_clock.o
 .text.CLOCK_GetMcgExtClkFreq
                0x00000000000051ec       0x7c ./drivers/fsl_clock.o
 .text.CLOCK_GetFllExtRefClkFreq
                0x0000000000005268       0xb0 ./drivers/fsl_clock.o
 .text.CLOCK_GetInternalRefClkSelectFreq
                0x0000000000005318       0x4c ./drivers/fsl_clock.o
 .text.CLOCK_GetFllRefClkFreq
                0x0000000000005364       0x34 ./drivers/fsl_clock.o
 .text.CLOCK_GetOscRangeFromFreq
                0x0000000000005398       0x3c ./drivers/fsl_clock.o
 .text.CLOCK_GetCoreSysClkFreq
                0x00000000000053d4       0x28 ./drivers/fsl_clock.o
                0x00000000000053d4                CLOCK_GetCoreSysClkFreq
 .text.CLOCK_SetSimConfig
                0x00000000000053fc       0x44 ./drivers/fsl_clock.o
                0x00000000000053fc                CLOCK_SetSimConfig
 .text.CLOCK_EnableUsbhs0Clock
                0x0000000000005440       0x60 ./drivers/fsl_clock.o
                0x0000000000005440                CLOCK_EnableUsbhs0Clock
 .text.CLOCK_EnableUsbhs0PhyPllClock
                0x00000000000054a0      0x150 ./drivers/fsl_clock.o
                0x00000000000054a0                CLOCK_EnableUsbhs0PhyPllClock
 .text.CLOCK_GetOutClkFreq
                0x00000000000055f0       0x90 ./drivers/fsl_clock.o
                0x00000000000055f0                CLOCK_GetOutClkFreq
 .text.CLOCK_GetFllFreq
                0x0000000000005680       0x84 ./drivers/fsl_clock.o
                0x0000000000005680                CLOCK_GetFllFreq
 .text.CLOCK_GetPll0Freq
                0x0000000000005704       0x7c ./drivers/fsl_clock.o
                0x0000000000005704                CLOCK_GetPll0Freq
 .text.CLOCK_GetExtPllFreq
                0x0000000000005780       0x18 ./drivers/fsl_clock.o
                0x0000000000005780                CLOCK_GetExtPllFreq
 .text.CLOCK_SetExternalRefClkConfig
                0x0000000000005798       0x6c ./drivers/fsl_clock.o
                0x0000000000005798                CLOCK_SetExternalRefClkConfig
 .text.CLOCK_SetInternalRefClkConfig
                0x0000000000005804      0x104 ./drivers/fsl_clock.o
                0x0000000000005804                CLOCK_SetInternalRefClkConfig
 .text.CLOCK_EnablePll0
                0x0000000000005908       0x88 ./drivers/fsl_clock.o
                0x0000000000005908                CLOCK_EnablePll0
 .text.CLOCK_InitOsc0
                0x0000000000005990       0x8c ./drivers/fsl_clock.o
                0x0000000000005990                CLOCK_InitOsc0
 .text.CLOCK_SetPbeMode
                0x0000000000005a1c       0xe8 ./drivers/fsl_clock.o
                0x0000000000005a1c                CLOCK_SetPbeMode
 .text.CLOCK_BootToPeeMode
                0x0000000000005b04       0x68 ./drivers/fsl_clock.o
                0x0000000000005b04                CLOCK_BootToPeeMode
 .text.SDK_DelayAtLeastUs
                0x0000000000005b6c       0x88 ./drivers/fsl_common_arm.o
                0x0000000000005b6c                SDK_DelayAtLeastUs
 .text.LPUART0_DriverIRQHandler
                0x0000000000005bf4       0x28 ./drivers/fsl_lpuart.o
                0x0000000000005bf4                LPUART0_DriverIRQHandler
 .text.UART_GetInstance
                0x0000000000005c1c       0x54 ./drivers/fsl_uart.o
                0x0000000000005c1c                UART_GetInstance
 .text.UART_Init
                0x0000000000005c70      0x2f4 ./drivers/fsl_uart.o
                0x0000000000005c70                UART_Init
 .text.UART_GetDefaultConfig
                0x0000000000005f64       0x68 ./drivers/fsl_uart.o
                0x0000000000005f64                UART_GetDefaultConfig
 .text.UART0_DriverIRQHandler
                0x0000000000005fcc       0x28 ./drivers/fsl_uart.o
                0x0000000000005fcc                UART0_DriverIRQHandler
 .text.UART1_DriverIRQHandler
                0x0000000000005ff4       0x28 ./drivers/fsl_uart.o
                0x0000000000005ff4                UART1_DriverIRQHandler
 .text.UART2_DriverIRQHandler
                0x000000000000601c       0x28 ./drivers/fsl_uart.o
                0x000000000000601c                UART2_DriverIRQHandler
 .text.UART3_DriverIRQHandler
                0x0000000000006044       0x28 ./drivers/fsl_uart.o
                0x0000000000006044                UART3_DriverIRQHandler
 .text.UART4_DriverIRQHandler
                0x000000000000606c       0x28 ./drivers/fsl_uart.o
                0x000000000000606c                UART4_DriverIRQHandler
 .text.SystemInit
                0x0000000000006094       0x3c ./device/system_MK66F18.o
                0x0000000000006094                SystemInit
 .text.HAL_UartInit
                0x00000000000060d0      0x128 ./component/uart/fsl_adapter_uart.o
                0x00000000000060d0                HAL_UartInit
 .text.HAL_UartSendBlocking
                0x00000000000061f8       0x64 ./component/uart/fsl_adapter_uart.o
                0x00000000000061f8                HAL_UartSendBlocking
 .text.OSA_MutexCreate
                0x000000000000625c       0x40 ./component/osa/fsl_os_abstraction_free_rtos.o
                0x000000000000625c                OSA_MutexCreate
 .text.OSA_MutexDestroy
                0x000000000000629c       0x30 ./component/osa/fsl_os_abstraction_free_rtos.o
                0x000000000000629c                OSA_MutexDestroy
 .text.CLOCK_SetSimSafeDivs
                0x00000000000062cc       0x24 ./board/clock_config.o
 .text.CLOCK_SetXtal0Freq
                0x00000000000062f0       0x20 ./board/clock_config.o
 .text.CLOCK_CONFIG_SetFllExtRefDiv
                0x0000000000006310       0x3c ./board/clock_config.o
 .text.BOARD_BootClockRUN
                0x000000000000634c       0x60 ./board/clock_config.o
                0x000000000000634c                BOARD_BootClockRUN
 .text.BOARD_InitPins
                0x00000000000063ac       0x48 ./board/pin_mux.o
                0x00000000000063ac                BOARD_InitPins
 .text._initio  0x00000000000063f4       0x78 /Applications/MCUXpressoIDE_11.3.0_5222/ide/plugins/com.nxp.mcuxpresso.tools.macosx_11.3.0.202011031536/tools/bin/../lib/gcc/arm-none-eabi/9.3.1/../../../../arm-none-eabi/lib/thumb/v7e-m+fp/hard/libcr_c.a(initio.o)
                0x00000000000063f4                _initio
 .text._Cwritebuf
                0x000000000000646c       0x6c /Applications/MCUXpressoIDE_11.3.0_5222/ide/plugins/com.nxp.mcuxpresso.tools.macosx_11.3.0.202011031536/tools/bin/../lib/gcc/arm-none-eabi/9.3.1/../../../../arm-none-eabi/lib/thumb/v7e-m+fp/hard/libcr_c.a(_writebuf.o)
                0x000000000000646c                _Cwritebuf
 .text.fflush   0x00000000000064d8       0x44 /Applications/MCUXpressoIDE_11.3.0_5222/ide/plugins/com.nxp.mcuxpresso.tools.macosx_11.3.0.202011031536/tools/bin/../lib/gcc/arm-none-eabi/9.3.1/../../../../arm-none-eabi/lib/thumb/v7e-m+fp/hard/libcr_c.a(fflush.o)
                0x00000000000064d8                fflush
 .text.fseek    0x000000000000651c      0x100 /Applications/MCUXpressoIDE_11.3.0_5222/ide/plugins/com.nxp.mcuxpresso.tools.macosx_11.3.0.202011031536/tools/bin/../lib/gcc/arm-none-eabi/9.3.1/../../../../arm-none-eabi/lib/thumb/v7e-m+fp/hard/libcr_c.a(fseek.o)
                0x000000000000651c                fseek
 .text.ftell    0x000000000000661c       0x44 /Applications/MCUXpressoIDE_11.3.0_5222/ide/plugins/com.nxp.mcuxpresso.tools.macosx_11.3.0.202011031536/tools/bin/../lib/gcc/arm-none-eabi/9.3.1/../../../../arm-none-eabi/lib/thumb/v7e-m+fp/hard/libcr_c.a(ftell.o)
                0x000000000000661c                ftell
 .text.DbgConsole_PrintCallback
                0x0000000000006660       0x66 ./utilities/fsl_debug_console.o
 .text.PrintGetWidth
                0x00000000000066c6       0x6a ./utilities/fsl_str.o
 .text.PrintGetPrecision
                0x0000000000006730       0x8c ./utilities/fsl_str.o
 .text.PrintIsobpu
                0x00000000000067bc       0x38 ./utilities/fsl_str.o
 .text.PrintIsdi
                0x00000000000067f4       0x2c ./utilities/fsl_str.o
 .text.PrintOutputdifFobpu
                0x0000000000006820       0x44 ./utilities/fsl_str.o
 .text.PrintOutputxX
                0x0000000000006864       0x44 ./utilities/fsl_str.o
 .text.PrintIsfF
                0x00000000000068a8       0x2c ./utilities/fsl_str.o
 .text.PrintIsxX
                0x00000000000068d4       0x2c ./utilities/fsl_str.o
 .text.PrintFilterLengthFlag
                0x0000000000006900       0x3e ./utilities/fsl_str.o
 .text.PrintGetRadixFromobpu
                0x000000000000693e       0x40 ./utilities/fsl_str.o
 .text.ConvertRadixNumToString
                0x000000000000697e      0x114 ./utilities/fsl_str.o
 .text.StrFormatPrintf
                0x0000000000006a92      0x290 ./utilities/fsl_str.o
                0x0000000000006a92                StrFormatPrintf
 .text.USB_EhciPhyInit
                0x0000000000006d22       0xb2 ./usb/phy/usb_phy.o
                0x0000000000006d22                USB_EhciPhyInit
 .text.USB_DeviceEhciSetDefaultState
                0x0000000000006dd4      0x132 ./usb/device/source/ehci/usb_device_ehci.o
 .text.USB_DeviceEhciEndpointInit
                0x0000000000006f06      0x204 ./usb/device/source/ehci/usb_device_ehci.o
 .text.USB_DeviceEhciEndpointDeinit
                0x000000000000710a       0xf6 ./usb/device/source/ehci/usb_device_ehci.o
 .text.USB_DeviceEhciEndpointStall
                0x0000000000007200       0x8a ./usb/device/source/ehci/usb_device_ehci.o
 .text.USB_DeviceEhciEndpointUnstall
                0x000000000000728a       0xba ./usb/device/source/ehci/usb_device_ehci.o
 .text.USB_DeviceEhciFillSetupBuffer
                0x0000000000007344       0xa6 ./usb/device/source/ehci/usb_device_ehci.o
 .text.USB_DeviceEhciCancelControlPipe
                0x00000000000073ea      0x192 ./usb/device/source/ehci/usb_device_ehci.o
 .text.USB_DeviceEhciInterruptTokenDone
                0x000000000000757c      0x42e ./usb/device/source/ehci/usb_device_ehci.o
 .text.USB_DeviceEhciInterruptPortChange
                0x00000000000079aa       0x74 ./usb/device/source/ehci/usb_device_ehci.o
 .text.USB_DeviceEhciInterruptReset
                0x0000000000007a1e       0x92 ./usb/device/source/ehci/usb_device_ehci.o
 .text.USB_DeviceEhciInterruptSof
                0x0000000000007ab0       0x14 ./usb/device/source/ehci/usb_device_ehci.o
 .text.USB_DeviceEhciSend
                0x0000000000007ac4       0x32 ./usb/device/source/ehci/usb_device_ehci.o
                0x0000000000007ac4                USB_DeviceEhciSend
 .text.USB_DeviceEhciRecv
                0x0000000000007af6       0x2c ./usb/device/source/ehci/usb_device_ehci.o
                0x0000000000007af6                USB_DeviceEhciRecv
 .text.USB_DeviceEhciCancel
                0x0000000000007b22      0x230 ./usb/device/source/ehci/usb_device_ehci.o
                0x0000000000007b22                USB_DeviceEhciCancel
 .text.USB_DeviceEhciIsrFunction
                0x0000000000007d52       0x84 ./usb/device/source/ehci/usb_device_ehci.o
                0x0000000000007d52                USB_DeviceEhciIsrFunction
 .text.USB_DeviceCh9GetStatus
                0x0000000000007dd6      0x10a ./usb/device/source/usb_device_ch9.o
 .text.USB_DeviceCh9SetClearFeature
                0x0000000000007ee0      0x10c ./usb/device/source/usb_device_ch9.o
 .text.USB_DeviceCh9SetAddress
                0x0000000000007fec       0xca ./usb/device/source/usb_device_ch9.o
 .text.USB_DeviceCh9GetDescriptor
                0x00000000000080b6      0x132 ./usb/device/source/usb_device_ch9.o
 .text.USB_DeviceCh9GetConfiguration
                0x00000000000081e8       0x8e ./usb/device/source/usb_device_ch9.o
 .text.USB_DeviceCh9SetConfiguration
                0x0000000000008276       0xb6 ./usb/device/source/usb_device_ch9.o
 .text.USB_DeviceCh9GetInterface
                0x000000000000832c       0x9c ./usb/device/source/usb_device_ch9.o
 .text.USB_DeviceCh9SetInterface
                0x00000000000083c8       0x90 ./usb/device/source/usb_device_ch9.o
 .text.USB_DeviceCh9SynchFrame
                0x0000000000008458       0x90 ./usb/device/source/usb_device_ch9.o
 .text.USB_DeviceControlCallbackFeedback
                0x00000000000084e8       0x96 ./usb/device/source/usb_device_ch9.o
 .text.USB_DeviceFreeHandle
                0x000000000000857e       0x32 ./usb/device/source/usb_device_dci.o
 .text.USB_DeviceTransfer
                0x00000000000085b0      0x10a ./usb/device/source/usb_device_dci.o
 .text.USB_DeviceControl
                0x00000000000086ba       0x48 ./usb/device/source/usb_device_dci.o
 .text.USB_DeviceResetNotification
                0x0000000000008702       0x98 ./usb/device/source/usb_device_dci.o
 .text.USB_DeviceNotification
                0x000000000000879a      0x102 ./usb/device/source/usb_device_dci.o
 .text.USB_DeviceNotificationTrigger
                0x000000000000889c       0x40 ./usb/device/source/usb_device_dci.o
                0x000000000000889c                USB_DeviceNotificationTrigger
 .text.USB_DeviceInit
                0x00000000000088dc      0x166 ./usb/device/source/usb_device_dci.o
                0x00000000000088dc                USB_DeviceInit
 .text.USB_DeviceRun
                0x0000000000008a42       0x1c ./usb/device/source/usb_device_dci.o
                0x0000000000008a42                USB_DeviceRun
 .text.USB_DeviceDeinit
                0x0000000000008a5e       0x42 ./usb/device/source/usb_device_dci.o
                0x0000000000008a5e                USB_DeviceDeinit
 .text.USB_DeviceSendRequest
                0x0000000000008aa0       0x32 ./usb/device/source/usb_device_dci.o
                0x0000000000008aa0                USB_DeviceSendRequest
 .text.USB_DeviceRecvRequest
                0x0000000000008ad2       0x2c ./usb/device/source/usb_device_dci.o
                0x0000000000008ad2                USB_DeviceRecvRequest
 .text.USB_DeviceInitEndpoint
                0x0000000000008afe       0xbe ./usb/device/source/usb_device_dci.o
                0x0000000000008afe                USB_DeviceInitEndpoint
 .text.USB_DeviceDeinitEndpoint
                0x0000000000008bbc       0xac ./usb/device/source/usb_device_dci.o
                0x0000000000008bbc                USB_DeviceDeinitEndpoint
 .text.USB_DeviceStallEndpoint
                0x0000000000008c68       0x30 ./usb/device/source/usb_device_dci.o
                0x0000000000008c68                USB_DeviceStallEndpoint
 .text.USB_DeviceUnstallEndpoint
                0x0000000000008c98       0x30 ./usb/device/source/usb_device_dci.o
                0x0000000000008c98                USB_DeviceUnstallEndpoint
 .text.USB_DeviceCdcAcmFreeHandle
                0x0000000000008cc8       0x32 ./usb/device/class/cdc/usb_device_cdc_acm.o
 .text.USB_DeviceCdcAcmInterruptIn
                0x0000000000008cfa       0x54 ./usb/device/class/cdc/usb_device_cdc_acm.o
 .text.USB_DeviceCdcAcmBulkIn
                0x0000000000008d4e       0x54 ./usb/device/class/cdc/usb_device_cdc_acm.o
 .text.USB_DeviceCdcAcmBulkOut
                0x0000000000008da2       0x54 ./usb/device/class/cdc/usb_device_cdc_acm.o
 .text.USB_DeviceCdcAcmEndpointsDeinit
                0x0000000000008df6       0xae ./usb/device/class/cdc/usb_device_cdc_acm.o
 .text.USB_DeviceCdcAcmInit
                0x0000000000008ea4       0xaa ./usb/device/class/cdc/usb_device_cdc_acm.o
                0x0000000000008ea4                USB_DeviceCdcAcmInit
 .text.USB_DeviceCdcAcmDeinit
                0x0000000000008f4e       0x4e ./usb/device/class/cdc/usb_device_cdc_acm.o
                0x0000000000008f4e                USB_DeviceCdcAcmDeinit
 .text.USB_DeviceCdcAcmSend
                0x0000000000008f9c       0xa4 ./usb/device/class/cdc/usb_device_cdc_acm.o
                0x0000000000008f9c                USB_DeviceCdcAcmSend
 .text.USB_DeviceCdcAcmRecv
                0x0000000000009040       0x78 ./usb/device/class/cdc/usb_device_cdc_acm.o
                0x0000000000009040                USB_DeviceCdcAcmRecv
 .text.USB_DeviceClassCallback
                0x00000000000090b8       0x5e ./usb/device/class/usb_device_class.o
                0x00000000000090b8                USB_DeviceClassCallback
 .text.USB_DeviceClassGetSpeed
                0x0000000000009116       0x44 ./usb/device/class/usb_device_class.o
                0x0000000000009116                USB_DeviceClassGetSpeed
 .text.DMA0_DMA16_IRQHandler
                0x000000000000915a        0x8 ./startup/startup_mk66f18.o
                0x000000000000915a                DMA0_DMA16_IRQHandler
 .text.DMA1_DMA17_IRQHandler
                0x0000000000009162        0x8 ./startup/startup_mk66f18.o
                0x0000000000009162                DMA1_DMA17_IRQHandler
 .text.DMA2_DMA18_IRQHandler
                0x000000000000916a        0x8 ./startup/startup_mk66f18.o
                0x000000000000916a                DMA2_DMA18_IRQHandler
 .text.DMA3_DMA19_IRQHandler
                0x0000000000009172        0x8 ./startup/startup_mk66f18.o
                0x0000000000009172                DMA3_DMA19_IRQHandler
 .text.DMA4_DMA20_IRQHandler
                0x000000000000917a        0x8 ./startup/startup_mk66f18.o
                0x000000000000917a                DMA4_DMA20_IRQHandler
 .text.DMA5_DMA21_IRQHandler
                0x0000000000009182        0x8 ./startup/startup_mk66f18.o
                0x0000000000009182                DMA5_DMA21_IRQHandler
 .text.DMA6_DMA22_IRQHandler
                0x000000000000918a        0x8 ./startup/startup_mk66f18.o
                0x000000000000918a                DMA6_DMA22_IRQHandler
 .text.DMA7_DMA23_IRQHandler
                0x0000000000009192        0x8 ./startup/startup_mk66f18.o
                0x0000000000009192                DMA7_DMA23_IRQHandler
 .text.DMA8_DMA24_IRQHandler
                0x000000000000919a        0x8 ./startup/startup_mk66f18.o
                0x000000000000919a                DMA8_DMA24_IRQHandler
 .text.DMA9_DMA25_IRQHandler
                0x00000000000091a2        0x8 ./startup/startup_mk66f18.o
                0x00000000000091a2                DMA9_DMA25_IRQHandler
 .text.DMA10_DMA26_IRQHandler
                0x00000000000091aa        0x8 ./startup/startup_mk66f18.o
                0x00000000000091aa                DMA10_DMA26_IRQHandler
 .text.DMA11_DMA27_IRQHandler
                0x00000000000091b2        0x8 ./startup/startup_mk66f18.o
                0x00000000000091b2                DMA11_DMA27_IRQHandler
 .text.DMA12_DMA28_IRQHandler
                0x00000000000091ba        0x8 ./startup/startup_mk66f18.o
                0x00000000000091ba                DMA12_DMA28_IRQHandler
 .text.DMA13_DMA29_IRQHandler
                0x00000000000091c2        0x8 ./startup/startup_mk66f18.o
                0x00000000000091c2                DMA13_DMA29_IRQHandler
 .text.DMA14_DMA30_IRQHandler
                0x00000000000091ca        0x8 ./startup/startup_mk66f18.o
                0x00000000000091ca                DMA14_DMA30_IRQHandler
 .text.DMA15_DMA31_IRQHandler
                0x00000000000091d2        0x8 ./startup/startup_mk66f18.o
                0x00000000000091d2                DMA15_DMA31_IRQHandler
 .text.DMA_Error_IRQHandler
                0x00000000000091da        0x8 ./startup/startup_mk66f18.o
                0x00000000000091da                DMA_Error_IRQHandler
 .text.MCM_IRQHandler
                0x00000000000091e2        0x8 ./startup/startup_mk66f18.o
                0x00000000000091e2                MCM_IRQHandler
 .text.FTFE_IRQHandler
                0x00000000000091ea        0x8 ./startup/startup_mk66f18.o
                0x00000000000091ea                FTFE_IRQHandler
 .text.Read_Collision_IRQHandler
                0x00000000000091f2        0x8 ./startup/startup_mk66f18.o
                0x00000000000091f2                Read_Collision_IRQHandler
 .text.LVD_LVW_IRQHandler
                0x00000000000091fa        0x8 ./startup/startup_mk66f18.o
                0x00000000000091fa                LVD_LVW_IRQHandler
 .text.LLWU_IRQHandler
                0x0000000000009202        0x8 ./startup/startup_mk66f18.o
                0x0000000000009202                LLWU_IRQHandler
 .text.WDOG_EWM_IRQHandler
                0x000000000000920a        0x8 ./startup/startup_mk66f18.o
                0x000000000000920a                WDOG_EWM_IRQHandler
 .text.RNG_IRQHandler
                0x0000000000009212        0x8 ./startup/startup_mk66f18.o
                0x0000000000009212                RNG_IRQHandler
 .text.I2C0_IRQHandler
                0x000000000000921a        0x8 ./startup/startup_mk66f18.o
                0x000000000000921a                I2C0_IRQHandler
 .text.I2C1_IRQHandler
                0x0000000000009222        0x8 ./startup/startup_mk66f18.o
                0x0000000000009222                I2C1_IRQHandler
 .text.SPI0_IRQHandler
                0x000000000000922a        0x8 ./startup/startup_mk66f18.o
                0x000000000000922a                SPI0_IRQHandler
 .text.SPI1_IRQHandler
                0x0000000000009232        0x8 ./startup/startup_mk66f18.o
                0x0000000000009232                SPI1_IRQHandler
 .text.I2S0_Tx_IRQHandler
                0x000000000000923a        0x8 ./startup/startup_mk66f18.o
                0x000000000000923a                I2S0_Tx_IRQHandler
 .text.I2S0_Rx_IRQHandler
                0x0000000000009242        0x8 ./startup/startup_mk66f18.o
                0x0000000000009242                I2S0_Rx_IRQHandler
 .text.Reserved46_IRQHandler
                0x000000000000924a        0x8 ./startup/startup_mk66f18.o
                0x000000000000924a                Reserved46_IRQHandler
 .text.UART0_RX_TX_IRQHandler
                0x0000000000009252        0x8 ./startup/startup_mk66f18.o
                0x0000000000009252                UART0_RX_TX_IRQHandler
 .text.UART0_ERR_IRQHandler
                0x000000000000925a        0x8 ./startup/startup_mk66f18.o
                0x000000000000925a                UART0_ERR_IRQHandler
 .text.UART1_RX_TX_IRQHandler
                0x0000000000009262        0x8 ./startup/startup_mk66f18.o
                0x0000000000009262                UART1_RX_TX_IRQHandler
 .text.UART1_ERR_IRQHandler
                0x000000000000926a        0x8 ./startup/startup_mk66f18.o
                0x000000000000926a                UART1_ERR_IRQHandler
 .text.UART2_RX_TX_IRQHandler
                0x0000000000009272        0x8 ./startup/startup_mk66f18.o
                0x0000000000009272                UART2_RX_TX_IRQHandler
 .text.UART2_ERR_IRQHandler
                0x000000000000927a        0x8 ./startup/startup_mk66f18.o
                0x000000000000927a                UART2_ERR_IRQHandler
 .text.UART3_RX_TX_IRQHandler
                0x0000000000009282        0x8 ./startup/startup_mk66f18.o
                0x0000000000009282                UART3_RX_TX_IRQHandler
 .text.UART3_ERR_IRQHandler
                0x000000000000928a        0x8 ./startup/startup_mk66f18.o
                0x000000000000928a                UART3_ERR_IRQHandler
 .text.ADC0_IRQHandler
                0x0000000000009292        0x8 ./startup/startup_mk66f18.o
                0x0000000000009292                ADC0_IRQHandler
 .text.CMP0_IRQHandler
                0x000000000000929a        0x8 ./startup/startup_mk66f18.o
                0x000000000000929a                CMP0_IRQHandler
 .text.CMP1_IRQHandler
                0x00000000000092a2        0x8 ./startup/startup_mk66f18.o
                0x00000000000092a2                CMP1_IRQHandler
 .text.FTM0_IRQHandler
                0x00000000000092aa        0x8 ./startup/startup_mk66f18.o
                0x00000000000092aa                FTM0_IRQHandler
 .text.FTM1_IRQHandler
                0x00000000000092b2        0x8 ./startup/startup_mk66f18.o
                0x00000000000092b2                FTM1_IRQHandler
 .text.FTM2_IRQHandler
                0x00000000000092ba        0x8 ./startup/startup_mk66f18.o
                0x00000000000092ba                FTM2_IRQHandler
 .text.CMT_IRQHandler
                0x00000000000092c2        0x8 ./startup/startup_mk66f18.o
                0x00000000000092c2                CMT_IRQHandler
 .text.RTC_IRQHandler
                0x00000000000092ca        0x8 ./startup/startup_mk66f18.o
                0x00000000000092ca                RTC_IRQHandler
 .text.RTC_Seconds_IRQHandler
                0x00000000000092d2        0x8 ./startup/startup_mk66f18.o
                0x00000000000092d2                RTC_Seconds_IRQHandler
 .text.PIT0_IRQHandler
                0x00000000000092da        0x8 ./startup/startup_mk66f18.o
                0x00000000000092da                PIT0_IRQHandler
 .text.PIT1_IRQHandler
                0x00000000000092e2        0x8 ./startup/startup_mk66f18.o
                0x00000000000092e2                PIT1_IRQHandler
 .text.PIT2_IRQHandler
                0x00000000000092ea        0x8 ./startup/startup_mk66f18.o
                0x00000000000092ea                PIT2_IRQHandler
 .text.PIT3_IRQHandler
                0x00000000000092f2        0x8 ./startup/startup_mk66f18.o
                0x00000000000092f2                PIT3_IRQHandler
 .text.PDB0_IRQHandler
                0x00000000000092fa        0x8 ./startup/startup_mk66f18.o
                0x00000000000092fa                PDB0_IRQHandler
 .text.USB0_IRQHandler
                0x0000000000009302        0x8 ./startup/startup_mk66f18.o
                0x0000000000009302                USB0_IRQHandler
 .text.USBDCD_IRQHandler
                0x000000000000930a        0x8 ./startup/startup_mk66f18.o
                0x000000000000930a                USBDCD_IRQHandler
 .text.Reserved71_IRQHandler
                0x0000000000009312        0x8 ./startup/startup_mk66f18.o
                0x0000000000009312                Reserved71_IRQHandler
 .text.DAC0_IRQHandler
                0x000000000000931a        0x8 ./startup/startup_mk66f18.o
                0x000000000000931a                DAC0_IRQHandler
 .text.MCG_IRQHandler
                0x0000000000009322        0x8 ./startup/startup_mk66f18.o
                0x0000000000009322                MCG_IRQHandler
 .text.LPTMR0_IRQHandler
                0x000000000000932a        0x8 ./startup/startup_mk66f18.o
                0x000000000000932a                LPTMR0_IRQHandler
 .text.PORTA_IRQHandler
                0x0000000000009332        0x8 ./startup/startup_mk66f18.o
                0x0000000000009332                PORTA_IRQHandler
 .text.PORTB_IRQHandler
                0x000000000000933a        0x8 ./startup/startup_mk66f18.o
                0x000000000000933a                PORTB_IRQHandler
 .text.PORTC_IRQHandler
                0x0000000000009342        0x8 ./startup/startup_mk66f18.o
                0x0000000000009342                PORTC_IRQHandler
 .text.PORTD_IRQHandler
                0x000000000000934a        0x8 ./startup/startup_mk66f18.o
                0x000000000000934a                PORTD_IRQHandler
 .text.PORTE_IRQHandler
                0x0000000000009352        0x8 ./startup/startup_mk66f18.o
                0x0000000000009352                PORTE_IRQHandler
 .text.SWI_IRQHandler
                0x000000000000935a        0x8 ./startup/startup_mk66f18.o
                0x000000000000935a                SWI_IRQHandler
 .text.SPI2_IRQHandler
                0x0000000000009362        0x8 ./startup/startup_mk66f18.o
                0x0000000000009362                SPI2_IRQHandler
 .text.UART4_RX_TX_IRQHandler
                0x000000000000936a        0x8 ./startup/startup_mk66f18.o
                0x000000000000936a                UART4_RX_TX_IRQHandler
 .text.UART4_ERR_IRQHandler
                0x0000000000009372        0x8 ./startup/startup_mk66f18.o
                0x0000000000009372                UART4_ERR_IRQHandler
 .text.Reserved84_IRQHandler
                0x000000000000937a        0x8 ./startup/startup_mk66f18.o
                0x000000000000937a                Reserved84_IRQHandler
 .text.Reserved85_IRQHandler
                0x0000000000009382        0x8 ./startup/startup_mk66f18.o
                0x0000000000009382                Reserved85_IRQHandler
 .text.CMP2_IRQHandler
                0x000000000000938a        0x8 ./startup/startup_mk66f18.o
                0x000000000000938a                CMP2_IRQHandler
 .text.FTM3_IRQHandler
                0x0000000000009392        0x8 ./startup/startup_mk66f18.o
                0x0000000000009392                FTM3_IRQHandler
 .text.DAC1_IRQHandler
                0x000000000000939a        0x8 ./startup/startup_mk66f18.o
                0x000000000000939a                DAC1_IRQHandler
 .text.ADC1_IRQHandler
                0x00000000000093a2        0x8 ./startup/startup_mk66f18.o
                0x00000000000093a2                ADC1_IRQHandler
 .text.I2C2_IRQHandler
                0x00000000000093aa        0x8 ./startup/startup_mk66f18.o
                0x00000000000093aa                I2C2_IRQHandler
 .text.CAN0_ORed_Message_buffer_IRQHandler
                0x00000000000093b2        0x8 ./startup/startup_mk66f18.o
                0x00000000000093b2                CAN0_ORed_Message_buffer_IRQHandler
 .text.CAN0_Bus_Off_IRQHandler
                0x00000000000093ba        0x8 ./startup/startup_mk66f18.o
                0x00000000000093ba                CAN0_Bus_Off_IRQHandler
 .text.CAN0_Error_IRQHandler
                0x00000000000093c2        0x8 ./startup/startup_mk66f18.o
                0x00000000000093c2                CAN0_Error_IRQHandler
 .text.CAN0_Tx_Warning_IRQHandler
                0x00000000000093ca        0x8 ./startup/startup_mk66f18.o
                0x00000000000093ca                CAN0_Tx_Warning_IRQHandler
 .text.CAN0_Rx_Warning_IRQHandler
                0x00000000000093d2        0x8 ./startup/startup_mk66f18.o
                0x00000000000093d2                CAN0_Rx_Warning_IRQHandler
 .text.CAN0_Wake_Up_IRQHandler
                0x00000000000093da        0x8 ./startup/startup_mk66f18.o
                0x00000000000093da                CAN0_Wake_Up_IRQHandler
 .text.SDHC_IRQHandler
                0x00000000000093e2        0x8 ./startup/startup_mk66f18.o
                0x00000000000093e2                SDHC_IRQHandler
 .text.ENET_1588_Timer_IRQHandler
                0x00000000000093ea        0x8 ./startup/startup_mk66f18.o
                0x00000000000093ea                ENET_1588_Timer_IRQHandler
 .text.ENET_Transmit_IRQHandler
                0x00000000000093f2        0x8 ./startup/startup_mk66f18.o
                0x00000000000093f2                ENET_Transmit_IRQHandler
 .text.ENET_Receive_IRQHandler
                0x00000000000093fa        0x8 ./startup/startup_mk66f18.o
                0x00000000000093fa                ENET_Receive_IRQHandler
 .text.ENET_Error_IRQHandler
                0x0000000000009402        0x8 ./startup/startup_mk66f18.o
                0x0000000000009402                ENET_Error_IRQHandler
 .text.LPUART0_IRQHandler
                0x000000000000940a        0x8 ./startup/startup_mk66f18.o
                0x000000000000940a                LPUART0_IRQHandler
 .text.TSI0_IRQHandler
                0x0000000000009412        0x8 ./startup/startup_mk66f18.o
                0x0000000000009412                TSI0_IRQHandler
 .text.TPM1_IRQHandler
                0x000000000000941a        0x8 ./startup/startup_mk66f18.o
                0x000000000000941a                TPM1_IRQHandler
 .text.TPM2_IRQHandler
                0x0000000000009422        0x8 ./startup/startup_mk66f18.o
                0x0000000000009422                TPM2_IRQHandler
 .text.USBHSDCD_IRQHandler
                0x000000000000942a        0x8 ./startup/startup_mk66f18.o
                0x000000000000942a                USBHSDCD_IRQHandler
 .text.I2C3_IRQHandler
                0x0000000000009432        0x8 ./startup/startup_mk66f18.o
                0x0000000000009432                I2C3_IRQHandler
 .text.CMP3_IRQHandler
                0x000000000000943a        0x8 ./startup/startup_mk66f18.o
                0x000000000000943a                CMP3_IRQHandler
 .text.CAN1_ORed_Message_buffer_IRQHandler
                0x0000000000009442        0x8 ./startup/startup_mk66f18.o
                0x0000000000009442                CAN1_ORed_Message_buffer_IRQHandler
 .text.CAN1_Bus_Off_IRQHandler
                0x000000000000944a        0x8 ./startup/startup_mk66f18.o
                0x000000000000944a                CAN1_Bus_Off_IRQHandler
 .text.CAN1_Error_IRQHandler
                0x0000000000009452        0x8 ./startup/startup_mk66f18.o
                0x0000000000009452                CAN1_Error_IRQHandler
 .text.CAN1_Tx_Warning_IRQHandler
                0x000000000000945a        0x8 ./startup/startup_mk66f18.o
                0x000000000000945a                CAN1_Tx_Warning_IRQHandler
 .text.CAN1_Rx_Warning_IRQHandler
                0x0000000000009462        0x8 ./startup/startup_mk66f18.o
                0x0000000000009462                CAN1_Rx_Warning_IRQHandler
 .text.CAN1_Wake_Up_IRQHandler
                0x000000000000946a        0x8 ./startup/startup_mk66f18.o
                0x000000000000946a                CAN1_Wake_Up_IRQHandler
 .text.HardFault_Handler
                0x0000000000009472       0x2c ./source/semihost_hardfault.o
                0x0000000000009472                HardFault_Handler
 .text.EnableIRQ
                0x000000000000949e       0x32 ./source/virtual_com.o
 .text.SYSMPU_Enable
                0x00000000000094d0       0x38 ./source/virtual_com.o
 .text.USB_DeviceIsrEnable
                0x0000000000009508       0x2c ./source/virtual_com.o
                0x0000000000009508                USB_DeviceIsrEnable
 .text.vListInitialise
                0x0000000000009534       0x40 ./freertos/freertos_kernel/list.o
                0x0000000000009534                vListInitialise
 .text.vListInitialiseItem
                0x0000000000009574       0x1a ./freertos/freertos_kernel/list.o
                0x0000000000009574                vListInitialiseItem
 .text.vListInsertEnd
                0x000000000000958e       0x48 ./freertos/freertos_kernel/list.o
                0x000000000000958e                vListInsertEnd
 .text.vListInsert
                0x00000000000095d6       0x72 ./freertos/freertos_kernel/list.o
                0x00000000000095d6                vListInsert
 .text.uxListRemove
                0x0000000000009648       0x54 ./freertos/freertos_kernel/list.o
                0x0000000000009648                uxListRemove
 .text.xQueueGenericCreate
                0x000000000000969c       0xbe ./freertos/freertos_kernel/queue.o
                0x000000000000969c                xQueueGenericCreate
 .text.prvInitialiseNewQueue
                0x000000000000975a       0x46 ./freertos/freertos_kernel/queue.o
 .text.prvInitialiseMutex
                0x00000000000097a0       0x34 ./freertos/freertos_kernel/queue.o
 .text.xQueueCreateMutex
                0x00000000000097d4       0x30 ./freertos/freertos_kernel/queue.o
                0x00000000000097d4                xQueueCreateMutex
 .text.xQueueGenericSendFromISR
                0x0000000000009804      0x154 ./freertos/freertos_kernel/queue.o
                0x0000000000009804                xQueueGenericSendFromISR
 .text.vQueueDelete
                0x0000000000009958       0x3c ./freertos/freertos_kernel/queue.o
                0x0000000000009958                vQueueDelete
 .text.prvCopyDataToQueue
                0x0000000000009994       0xd4 ./freertos/freertos_kernel/queue.o
 .text.prvCopyDataFromQueue
                0x0000000000009a68       0x4c ./freertos/freertos_kernel/queue.o
 .text.prvUnlockQueue
                0x0000000000009ab4       0xa4 ./freertos/freertos_kernel/queue.o
 .text.prvIsQueueEmpty
                0x0000000000009b58       0x2c ./freertos/freertos_kernel/queue.o
 .text.prvIsQueueFull
                0x0000000000009b84       0x30 ./freertos/freertos_kernel/queue.o
 .text.vQueueWaitForMessageRestricted
                0x0000000000009bb4       0x68 ./freertos/freertos_kernel/queue.o
                0x0000000000009bb4                vQueueWaitForMessageRestricted
 .text.xTaskCreate
                0x0000000000009c1c       0x82 ./freertos/freertos_kernel/tasks.o
                0x0000000000009c1c                xTaskCreate
 .text.prvInitialiseNewTask
                0x0000000000009c9e      0x13a ./freertos/freertos_kernel/tasks.o
 .text.prvDeleteTCB
                0x0000000000009dd8       0x20 ./freertos/freertos_kernel/tasks.o
 .text.prvTimerTask
                0x0000000000009df8       0x24 ./freertos/freertos_kernel/timers.o
 .text.OSC_SetExtRefClkConfig
                0x0000000000009e1c       0x40 ./drivers/fsl_clock.o
 .text.OSC_SetCapLoad
                0x0000000000009e5c       0x34 ./drivers/fsl_clock.o
 .text.CLOCK_GetPll0RefFreq
                0x0000000000009e90        0xe ./drivers/fsl_clock.o
 .text.DelayLoop
                0x0000000000009e9e       0x20 ./drivers/fsl_common_arm.o
 .text.CLOCK_EnableClock
                0x0000000000009ebe       0x34 ./drivers/fsl_uart.o
 .text.UART_WriteBlocking
                0x0000000000009ef2       0x50 ./drivers/fsl_uart.o
                0x0000000000009ef2                UART_WriteBlocking
 .text.UART0_RX_TX_DriverIRQHandler
                0x0000000000009f42       0x12 ./drivers/fsl_uart.o
                0x0000000000009f42                UART0_RX_TX_DriverIRQHandler
 .text.UART1_RX_TX_DriverIRQHandler
                0x0000000000009f54       0x12 ./drivers/fsl_uart.o
                0x0000000000009f54                UART1_RX_TX_DriverIRQHandler
 .text.UART2_RX_TX_DriverIRQHandler
                0x0000000000009f66       0x12 ./drivers/fsl_uart.o
                0x0000000000009f66                UART2_RX_TX_DriverIRQHandler
 .text.UART3_RX_TX_DriverIRQHandler
                0x0000000000009f78       0x12 ./drivers/fsl_uart.o
                0x0000000000009f78                UART3_RX_TX_DriverIRQHandler
 .text.UART4_RX_TX_DriverIRQHandler
                0x0000000000009f8a       0x12 ./drivers/fsl_uart.o
                0x0000000000009f8a                UART4_RX_TX_DriverIRQHandler
 .text.SystemInitHook
                0x0000000000009f9c        0xe ./device/system_MK66F18.o
                0x0000000000009f9c                SystemInitHook
 .text.HAL_UartGetStatus
                0x0000000000009faa       0x22 ./component/uart/fsl_adapter_uart.o
 .text.DisableGlobalIRQ
                0x0000000000009fcc       0x22 ./component/serial_manager/fsl_component_serial_manager.o
 .text.EnableGlobalIRQ
                0x0000000000009fee       0x20 ./component/serial_manager/fsl_component_serial_manager.o
 .text.SerialManager_StartWriting
                0x000000000000a00e       0x38 ./component/serial_manager/fsl_component_serial_manager.o
 .text.SerialManager_Write
                0x000000000000a046       0x44 ./component/serial_manager/fsl_component_serial_manager.o
 .text.SerialManager_Init
                0x000000000000a08a       0x60 ./component/serial_manager/fsl_component_serial_manager.o
                0x000000000000a08a                SerialManager_Init
 .text.SerialManager_OpenWriteHandle
                0x000000000000a0ea       0x50 ./component/serial_manager/fsl_component_serial_manager.o
                0x000000000000a0ea                SerialManager_OpenWriteHandle
 .text.SerialManager_OpenReadHandle
                0x000000000000a13a       0x60 ./component/serial_manager/fsl_component_serial_manager.o
                0x000000000000a13a                SerialManager_OpenReadHandle
 .text.SerialManager_WriteBlocking
                0x000000000000a19a       0x20 ./component/serial_manager/fsl_component_serial_manager.o
                0x000000000000a19a                SerialManager_WriteBlocking
 .text.Serial_UartInit
                0x000000000000a1ba       0x3e ./component/serial_manager/fsl_component_serial_port_uart.o
                0x000000000000a1ba                Serial_UartInit
 .text.Serial_UartWrite
                0x000000000000a1f8       0x38 ./component/serial_manager/fsl_component_serial_port_uart.o
                0x000000000000a1f8                Serial_UartWrite
 .text.OSA_EnterCritical
                0x000000000000a230       0x40 ./component/osa/fsl_os_abstraction_free_rtos.o
                0x000000000000a230                OSA_EnterCritical
 .text.OSA_ExitCritical
                0x000000000000a270       0x2e ./component/osa/fsl_os_abstraction_free_rtos.o
                0x000000000000a270                OSA_ExitCritical
 .text.BOARD_InitDebugConsole
                0x000000000000a29e       0x22 ./board/board.o
                0x000000000000a29e                BOARD_InitDebugConsole
 .text.BOARD_InitBootClocks
                0x000000000000a2c0        0xc ./board/clock_config.o
                0x000000000000a2c0                BOARD_InitBootClocks
 .text.CLOCK_EnableClock
                0x000000000000a2cc       0x34 ./board/pin_mux.o
 .text.PORT_SetPinMux
                0x000000000000a300       0x3a ./board/pin_mux.o
 .text.BOARD_InitBootPins
                0x000000000000a33a        0xc ./board/pin_mux.o
                0x000000000000a33a                BOARD_InitBootPins
 .text.__main   0x000000000000a346        0xe /Applications/MCUXpressoIDE_11.3.0_5222/ide/plugins/com.nxp.mcuxpresso.tools.macosx_11.3.0.202011031536/tools/bin/../lib/gcc/arm-none-eabi/9.3.1/../../../../arm-none-eabi/lib/thumb/v7e-m+fp/hard/libcr_nohost_nf.a(_cr__main.o)
                0x000000000000a346                __main
 .text.memcpy   0x000000000000a354        0x4 /Applications/MCUXpressoIDE_11.3.0_5222/ide/plugins/com.nxp.mcuxpresso.tools.macosx_11.3.0.202011031536/tools/bin/../lib/gcc/arm-none-eabi/9.3.1/../../../../arm-none-eabi/lib/thumb/v7e-m+fp/hard/libcr_c.a(memcpy.o)
                0x000000000000a354                memcpy
 .text.memset   0x000000000000a358        0x4 /Applications/MCUXpressoIDE_11.3.0_5222/ide/plugins/com.nxp.mcuxpresso.tools.macosx_11.3.0.202011031536/tools/bin/../lib/gcc/arm-none-eabi/9.3.1/../../../../arm-none-eabi/lib/thumb/v7e-m+fp/hard/libcr_c.a(memset.o)
                0x000000000000a358                memset
 .text.free     0x000000000000a35c       0x30 /Applications/MCUXpressoIDE_11.3.0_5222/ide/plugins/com.nxp.mcuxpresso.tools.macosx_11.3.0.202011031536/tools/bin/../lib/gcc/arm-none-eabi/9.3.1/../../../../arm-none-eabi/lib/thumb/v7e-m+fp/hard/libcr_c.a(alloc.o)
                0x000000000000a35c                free
 .text.setvbuf  0x000000000000a38c       0x3e /Applications/MCUXpressoIDE_11.3.0_5222/ide/plugins/com.nxp.mcuxpresso.tools.macosx_11.3.0.202011031536/tools/bin/../lib/gcc/arm-none-eabi/9.3.1/../../../../arm-none-eabi/lib/thumb/v7e-m+fp/hard/libcr_c.a(setvbuf.o)
                0x000000000000a38c                setvbuf
 .text.strlen   0x000000000000a3ca       0x4c /Applications/MCUXpressoIDE_11.3.0_5222/ide/plugins/com.nxp.mcuxpresso.tools.macosx_11.3.0.202011031536/tools/bin/../lib/gcc/arm-none-eabi/9.3.1/../../../../arm-none-eabi/lib/thumb/v7e-m+fp/hard/libcr_c.a(strlen.o)
                0x000000000000a3ca                strlen
 .text._deferredlazyseek
                0x000000000000a416       0x40 /Applications/MCUXpressoIDE_11.3.0_5222/ide/plugins/com.nxp.mcuxpresso.tools.macosx_11.3.0.202011031536/tools/bin/../lib/gcc/arm-none-eabi/9.3.1/../../../../arm-none-eabi/lib/thumb/v7e-m+fp/hard/libcr_c.a(_deferredlazyseek.o)
                0x000000000000a416                _deferredlazyseek
 .text._fdopen  0x000000000000a456       0x68 /Applications/MCUXpressoIDE_11.3.0_5222/ide/plugins/com.nxp.mcuxpresso.tools.macosx_11.3.0.202011031536/tools/bin/../lib/gcc/arm-none-eabi/9.3.1/../../../../arm-none-eabi/lib/thumb/v7e-m+fp/hard/libcr_c.a(_fdopen.o)
                0x000000000000a456                _fdopen
 .text._fflush  0x000000000000a4be       0x52 /Applications/MCUXpressoIDE_11.3.0_5222/ide/plugins/com.nxp.mcuxpresso.tools.macosx_11.3.0.202011031536/tools/bin/../lib/gcc/arm-none-eabi/9.3.1/../../../../arm-none-eabi/lib/thumb/v7e-m+fp/hard/libcr_c.a(_fflush.o)
                0x000000000000a4be                _fflush
 .text.fclose   0x000000000000a510       0x58 /Applications/MCUXpressoIDE_11.3.0_5222/ide/plugins/com.nxp.mcuxpresso.tools.macosx_11.3.0.202011031536/tools/bin/../lib/gcc/arm-none-eabi/9.3.1/../../../../arm-none-eabi/lib/thumb/v7e-m+fp/hard/libcr_c.a(fclose.o)
                0x000000000000a510                fclose
 .text.remove   0x000000000000a568       0x14 /Applications/MCUXpressoIDE_11.3.0_5222/ide/plugins/com.nxp.mcuxpresso.tools.macosx_11.3.0.202011031536/tools/bin/../lib/gcc/arm-none-eabi/9.3.1/../../../../arm-none-eabi/lib/thumb/v7e-m+fp/hard/libcr_c.a(remove.o)
                0x000000000000a568                remove
 .text._do_fflush
                0x000000000000a57c       0x40 /Applications/MCUXpressoIDE_11.3.0_5222/ide/plugins/com.nxp.mcuxpresso.tools.macosx_11.3.0.202011031536/tools/bin/../lib/gcc/arm-none-eabi/9.3.1/../../../../arm-none-eabi/lib/thumb/v7e-m+fp/hard/libcr_c.a(_do_fflush.o)
                0x000000000000a57c                _do_fflush
 .text.__aeabi_division_uldivmod
                0x000000000000a5bc      0x174 /Applications/MCUXpressoIDE_11.3.0_5222/ide/plugins/com.nxp.mcuxpresso.tools.macosx_11.3.0.202011031536/tools/bin/../lib/gcc/arm-none-eabi/9.3.1/thumb/v7e-m+fp/hard/libcr_eabihelpers.a(division_64.o)
                0x000000000000a5bc                __aeabi_uldivmod
                0x000000000000a5c0                __bhs_ldivmod1
 .text.__aeabi_division_idiv0
                0x000000000000a730        0x2 /Applications/MCUXpressoIDE_11.3.0_5222/ide/plugins/com.nxp.mcuxpresso.tools.macosx_11.3.0.202011031536/tools/bin/../lib/gcc/arm-none-eabi/9.3.1/thumb/v7e-m+fp/hard/libcr_eabihelpers.a(division_idiv0.o)
                0x000000000000a730                __aeabi_idiv0
 .text.__aeabi_memcpy
                0x000000000000a732       0x34 /Applications/MCUXpressoIDE_11.3.0_5222/ide/plugins/com.nxp.mcuxpresso.tools.macosx_11.3.0.202011031536/tools/bin/../lib/gcc/arm-none-eabi/9.3.1/thumb/v7e-m+fp/hard/libcr_eabihelpers.a(memcpy.o)
                0x000000000000a732                __aeabi_memcpy
                0x000000000000a73c                __aeabi_memcpy4
                0x000000000000a73c                __aeabi_memcpy8
 .text.__aeabi_memset_lowlevel
                0x000000000000a766       0x32 /Applications/MCUXpressoIDE_11.3.0_5222/ide/plugins/com.nxp.mcuxpresso.tools.macosx_11.3.0.202011031536/tools/bin/../lib/gcc/arm-none-eabi/9.3.1/thumb/v7e-m+fp/hard/libcr_eabihelpers.a(memcpy.o)
                0x000000000000a766                __aeabi_lowlevel_memset
 .text.__sys_close
                0x000000000000a798        0x6 /Applications/MCUXpressoIDE_11.3.0_5222/ide/plugins/com.nxp.mcuxpresso.tools.macosx_11.3.0.202011031536/tools/bin/../lib/gcc/arm-none-eabi/9.3.1/../../../../arm-none-eabi/lib/thumb/v7e-m+fp/hard/libcr_nohost_nf.a(__sys_close.o)
                0x000000000000a798                __sys_close
 .text.__sys_flen
                0x000000000000a79e        0x6 /Applications/MCUXpressoIDE_11.3.0_5222/ide/plugins/com.nxp.mcuxpresso.tools.macosx_11.3.0.202011031536/tools/bin/../lib/gcc/arm-none-eabi/9.3.1/../../../../arm-none-eabi/lib/thumb/v7e-m+fp/hard/libcr_nohost_nf.a(__sys_flen.o)
                0x000000000000a79e                __sys_flen
 .text.__sys_istty
                0x000000000000a7a4        0x6 /Applications/MCUXpressoIDE_11.3.0_5222/ide/plugins/com.nxp.mcuxpresso.tools.macosx_11.3.0.202011031536/tools/bin/../lib/gcc/arm-none-eabi/9.3.1/../../../../arm-none-eabi/lib/thumb/v7e-m+fp/hard/libcr_nohost_nf.a(__sys_istty.o)
                0x000000000000a7a4                __sys_istty
 .text.__sys_remove
                0x000000000000a7aa        0x6 /Applications/MCUXpressoIDE_11.3.0_5222/ide/plugins/com.nxp.mcuxpresso.tools.macosx_11.3.0.202011031536/tools/bin/../lib/gcc/arm-none-eabi/9.3.1/../../../../arm-none-eabi/lib/thumb/v7e-m+fp/hard/libcr_nohost_nf.a(__sys_remove.o)
                0x000000000000a7aa                __sys_remove
 .text.__sys_seek
                0x000000000000a7b0        0x6 /Applications/MCUXpressoIDE_11.3.0_5222/ide/plugins/com.nxp.mcuxpresso.tools.macosx_11.3.0.202011031536/tools/bin/../lib/gcc/arm-none-eabi/9.3.1/../../../../arm-none-eabi/lib/thumb/v7e-m+fp/hard/libcr_nohost_nf.a(__sys_seek.o)
                0x000000000000a7b0                __sys_seek
 .text.__sys_tmpnam
                0x000000000000a7b6        0x6 /Applications/MCUXpressoIDE_11.3.0_5222/ide/plugins/com.nxp.mcuxpresso.tools.macosx_11.3.0.202011031536/tools/bin/../lib/gcc/arm-none-eabi/9.3.1/../../../../arm-none-eabi/lib/thumb/v7e-m+fp/hard/libcr_nohost_nf.a(__sys_tmpnam.o)
                0x000000000000a7b6                __sys_tmpnam
 .text.__sys_write
                0x000000000000a7bc        0x4 /Applications/MCUXpressoIDE_11.3.0_5222/ide/plugins/com.nxp.mcuxpresso.tools.macosx_11.3.0.202011031536/tools/bin/../lib/gcc/arm-none-eabi/9.3.1/../../../../arm-none-eabi/lib/thumb/v7e-m+fp/hard/libcr_nohost_nf.a(__sys_write.o)
                0x000000000000a7bc                __sys_write
 *freertos*/tasks.o(SORT_BY_ALIGNMENT(.rodata*))
 .rodata.vTaskStartScheduler.str1.4
                0x000000000000a7c0        0x5 ./freertos/freertos_kernel/tasks.o
 *fill*         0x000000000000a7c5        0x3 ff
 .rodata.vTaskList.str1.4
                0x000000000000a7c8        0xf ./freertos/freertos_kernel/tasks.o
 *fill*         0x000000000000a7d7        0x1 ff
 .rodata        0x000000000000a7d8       0x1c ./freertos/freertos_kernel/tasks.o
                0x000000000000a7d8                portArch_Name
                0x000000000000a7dc                FreeRTOSDebugConfig
 *(SORT_BY_ALIGNMENT(.rodata) SORT_BY_ALIGNMENT(.rodata.*) SORT_BY_ALIGNMENT(.constdata) SORT_BY_ALIGNMENT(.constdata.*))
 .rodata.__assertion_failed.str1.4
                0x000000000000a7f4       0x14 ./utilities/fsl_assert.o
 .rodata.s_UsbDeviceStandardRequest
                0x000000000000a808       0x34 ./usb/device/source/usb_device_ch9.o
 .rodata.s_UsbDeviceEhciInterface
                0x000000000000a83c       0x18 ./usb/device/source/usb_device_dci.o
 .rodata.s_UsbDeviceClassInterfaceMap
                0x000000000000a854       0x20 ./usb/device/class/usb_device_class.o
 .rodata.str1.4
                0x000000000000a874        0x9 ./source/virtual_com.o
 *fill*         0x000000000000a87d        0x3 ff
 .rodata        0x000000000000a880        0x3 ./source/virtual_com.o
 *fill*         0x000000000000a883        0x1 ff
 .rodata.USB_DeviceCdcVcomCallback.str1.4
                0x000000000000a884       0x2e ./source/virtual_com.o
 *fill*         0x000000000000a8b2        0x2 ff
 .rodata.USB_DeviceApplicationInit.str1.4
                0x000000000000a8b4       0x3e ./source/virtual_com.o
 *fill*         0x000000000000a8f2        0x2 ff
 .rodata.main.str1.4
                0x000000000000a8f4       0x2a ./source/virtual_com.o
 *fill*         0x000000000000a91e        0x2 ff
 .rodata.xTimerCreateTimerTask.str1.4
                0x000000000000a920        0x8 ./freertos/freertos_kernel/timers.o
 .rodata.prvCheckForValidListAndQueue.str1.4
                0x000000000000a928        0x5 ./freertos/freertos_kernel/timers.o
 *fill*         0x000000000000a92d        0x3 ff
 .rodata.CLOCK_GetMcgExtClkFreq.str1.4
                0x000000000000a930       0x4e ./drivers/fsl_clock.o
 *fill*         0x000000000000a97e        0x2 ff
 .rodata.CLOCK_EnableUsbhs0PhyPllClock.str1.4
                0x000000000000a980       0x9e ./drivers/fsl_clock.o
 *fill*         0x000000000000aa1e        0x2 ff
 .rodata.CLOCK_GetPll0Freq.str1.4
                0x000000000000aa20       0x1e ./drivers/fsl_clock.o
 *fill*         0x000000000000aa3e        0x2 ff
 .rodata.CLOCK_EnablePll0.str1.4
                0x000000000000aa40       0x1b ./drivers/fsl_clock.o
 *fill*         0x000000000000aa5b        0x1 ff
 .rodata.CLOCK_SetPbeMode.str1.4
                0x000000000000aa5c       0x1b ./drivers/fsl_clock.o
 *fill*         0x000000000000aa77        0x1 ff
 .rodata.CLOCK_BootToPeeMode.str1.4
                0x000000000000aa78       0x1b ./drivers/fsl_clock.o
 *fill*         0x000000000000aa93        0x1 ff
 .rodata.fllFactorTable.8491
                0x000000000000aa94       0x10 ./drivers/fsl_clock.o
 .rodata.SDK_DelayAtLeastUs.str1.4
                0x000000000000aaa4       0x2c ./drivers/fsl_common_arm.o
 .rodata.s_uartBases
                0x000000000000aad0       0x14 ./drivers/fsl_uart.o
 .rodata.s_uartClock
                0x000000000000aae4       0x14 ./drivers/fsl_uart.o
 .rodata.UART_GetInstance.str1.4
                0x000000000000aaf8       0x2c ./drivers/fsl_uart.o
 .rodata.UART_Init.str1.4
                0x000000000000ab24      0x104 ./drivers/fsl_uart.o
 .rodata.UART_GetDefaultConfig.str1.4
                0x000000000000ac28       0x21 ./drivers/fsl_uart.o
 *fill*         0x000000000000ac49        0x3 ff
 .rodata.s_UartAdapterBase
                0x000000000000ac4c       0x14 ./component/uart/fsl_adapter_uart.o
 .rodata.HAL_UartInit.str1.4
                0x000000000000ac60       0xe6 ./component/uart/fsl_adapter_uart.o
 *fill*         0x000000000000ad46        0x2 ff
 .rodata.HAL_UartSendBlocking.str1.4
                0x000000000000ad48       0x65 ./component/uart/fsl_adapter_uart.o
 *fill*         0x000000000000adad        0x3 ff
 .rodata.OSA_MutexCreate.str1.4
                0x000000000000adb0       0x3a ./component/osa/fsl_os_abstraction_free_rtos.o
 *fill*         0x000000000000adea        0x2 ff
 .rodata.OSA_MutexDestroy.str1.4
                0x000000000000adec       0x3a ./component/osa/fsl_os_abstraction_free_rtos.o
 *fill*         0x000000000000ae26        0x2 ff
 .rodata.mcgConfig_BOARD_BootClockRUN
                0x000000000000ae28        0xc ./board/clock_config.o
                0x000000000000ae28                mcgConfig_BOARD_BootClockRUN
 .rodata.simConfig_BOARD_BootClockRUN
                0x000000000000ae34        0x8 ./board/clock_config.o
                0x000000000000ae34                simConfig_BOARD_BootClockRUN
 .rodata.oscConfig_BOARD_BootClockRUN
                0x000000000000ae3c        0x8 ./board/clock_config.o
                0x000000000000ae3c                oscConfig_BOARD_BootClockRUN
 .rodata.__num_Ciob_streams
                0x000000000000ae44        0x4 /Applications/MCUXpressoIDE_11.3.0_5222/ide/plugins/com.nxp.mcuxpresso.tools.macosx_11.3.0.202011031536/tools/bin/../lib/gcc/arm-none-eabi/9.3.1/../../../../arm-none-eabi/lib/thumb/v7e-m+fp/hard/libcr_nohost_nf.a(__ciob.o)
                0x000000000000ae44                __num_Ciob_streams
 .rodata._initio.str1.1
                0x000000000000ae48        0x4 /Applications/MCUXpressoIDE_11.3.0_5222/ide/plugins/com.nxp.mcuxpresso.tools.macosx_11.3.0.202011031536/tools/bin/../lib/gcc/arm-none-eabi/9.3.1/../../../../arm-none-eabi/lib/thumb/v7e-m+fp/hard/libcr_c.a(initio.o)
                0x000000000000ae50                . = ALIGN (0x8)
 *fill*         0x000000000000ae4c        0x4 ff

.glue_7         0x000000000000ae50        0x0
 .glue_7        0x000000000000ae50        0x0 linker stubs

.glue_7t        0x000000000000ae50        0x0
 .glue_7t       0x000000000000ae50        0x0 linker stubs

.vfp11_veneer   0x000000000000ae50        0x0
 .vfp11_veneer  0x000000000000ae50        0x0 linker stubs

.v4_bx          0x000000000000ae50        0x0
 .v4_bx         0x000000000000ae50        0x0 linker stubs

.iplt           0x000000000000ae50        0x0
 .iplt          0x000000000000ae50        0x0 ./utilities/fsl_assert.o

.rel.dyn        0x000000000000ae50        0x0
 .rel.iplt      0x000000000000ae50        0x0 ./utilities/fsl_assert.o

.ARM.extab
 *(SORT_BY_ALIGNMENT(.ARM.extab*) SORT_BY_ALIGNMENT(.gnu.linkonce.armextab.*))

.ARM.exidx      0x000000000000ae50        0x0
                0x000000000000ae50                __exidx_start = .
 *(SORT_BY_ALIGNMENT(.ARM.exidx*) SORT_BY_ALIGNMENT(.gnu.linkonce.armexidx.*))
                0x000000000000ae50                __exidx_end = .
                0x000000000000ae50                _etext = .

.m_usb_data
 *(SORT_BY_ALIGNMENT(m_usb_bdt))

.data_RAM2      0x000000001fff0000        0x0 load address 0x000000000000ae50
 FILL mask 0xff
                [!provide]                        PROVIDE (__start_data_RAM2 = .)
                [!provide]                        PROVIDE (__start_data_SRAM_LOWER = .)
 *(SORT_BY_ALIGNMENT(.ramfunc.$RAM2))
 *(SORT_BY_ALIGNMENT(.ramfunc.$SRAM_LOWER))
 *(SORT_BY_ALIGNMENT(.data.$RAM2))
 *(SORT_BY_ALIGNMENT(.data.$SRAM_LOWER))
 *(SORT_BY_ALIGNMENT(.data.$RAM2.*))
 *(SORT_BY_ALIGNMENT(.data.$SRAM_LOWER.*))
                0x000000001fff0000                . = ALIGN (0x8)
                [!provide]                        PROVIDE (__end_data_RAM2 = .)
                [!provide]                        PROVIDE (__end_data_SRAM_LOWER = .)

.data_RAM3      0x0000000014000000        0x0 load address 0x000000000000ae50
 FILL mask 0xff
                [!provide]                        PROVIDE (__start_data_RAM3 = .)
                [!provide]                        PROVIDE (__start_data_FLEX_RAM = .)
 *(SORT_BY_ALIGNMENT(.ramfunc.$RAM3))
 *(SORT_BY_ALIGNMENT(.ramfunc.$FLEX_RAM))
 *(SORT_BY_ALIGNMENT(.data.$RAM3))
 *(SORT_BY_ALIGNMENT(.data.$FLEX_RAM))
 *(SORT_BY_ALIGNMENT(.data.$RAM3.*))
 *(SORT_BY_ALIGNMENT(.data.$FLEX_RAM.*))
                0x0000000014000000                . = ALIGN (0x8)
                [!provide]                        PROVIDE (__end_data_RAM3 = .)
                [!provide]                        PROVIDE (__end_data_FLEX_RAM = .)

.uninit_RESERVED
                0x0000000020000000        0x0
                0x0000000020000000                _start_uninit_RESERVED = .
 *(SORT_BY_ALIGNMENT(.bss.$RESERVED*))
                0x0000000020000000                . = ALIGN (0x8)
                0x0000000020000000                _end_uninit_RESERVED = .

.data           0x0000000020000000      0x178 load address 0x000000000000ae50
 FILL mask 0xff
                0x0000000020000000                _data = .
                [!provide]                        PROVIDE (__start_data_RAM = .)
                [!provide]                        PROVIDE (__start_data_SRAM_UPPER = .)
 *(SORT_BY_ALIGNMENT(vtable))
 *(SORT_BY_ALIGNMENT(.ramfunc*))
 *(SORT_BY_ALIGNMENT(CodeQuickAccess))
 *(SORT_BY_ALIGNMENT(DataQuickAccess))
 *(SORT_BY_ALIGNMENT(RamFunction))
 *(SORT_BY_ALIGNMENT(.data*))
 .data.g_UsbDeviceCdcVcomCicEndpoints
                0x0000000020000000        0x6 ./source/usb_device_descriptor.o
                0x0000000020000000                g_UsbDeviceCdcVcomCicEndpoints
 *fill*         0x0000000020000006        0x2 ff
 .data.g_UsbDeviceCdcVcomDicEndpoints
                0x0000000020000008        0xc ./source/usb_device_descriptor.o
                0x0000000020000008                g_UsbDeviceCdcVcomDicEndpoints
 .data.g_UsbDeviceCdcVcomCommunicationInterface
                0x0000000020000014       0x10 ./source/usb_device_descriptor.o
                0x0000000020000014                g_UsbDeviceCdcVcomCommunicationInterface
 .data.g_UsbDeviceCdcVcomDataInterface
                0x0000000020000024       0x10 ./source/usb_device_descriptor.o
                0x0000000020000024                g_UsbDeviceCdcVcomDataInterface
 .data.g_UsbDeviceCdcVcomInterfaces
                0x0000000020000034       0x18 ./source/usb_device_descriptor.o
                0x0000000020000034                g_UsbDeviceCdcVcomInterfaces
 .data.g_UsbDeviceCdcVcomInterfaceList
                0x000000002000004c        0x8 ./source/usb_device_descriptor.o
                0x000000002000004c                g_UsbDeviceCdcVcomInterfaceList
 .data.g_UsbDeviceCdcVcomConfig
                0x0000000020000054        0x8 ./source/usb_device_descriptor.o
                0x0000000020000054                g_UsbDeviceCdcVcomConfig
 .data.g_UsbDeviceDescriptor
                0x000000002000005c       0x12 ./source/usb_device_descriptor.o
                0x000000002000005c                g_UsbDeviceDescriptor
 *fill*         0x000000002000006e        0x2 ff
 .data.g_UsbDeviceConfigurationDescriptor
                0x0000000020000070       0x43 ./source/usb_device_descriptor.o
                0x0000000020000070                g_UsbDeviceConfigurationDescriptor
 *fill*         0x00000000200000b3        0x1 ff
 .data.g_UsbDeviceString0
                0x00000000200000b4        0x4 ./source/usb_device_descriptor.o
                0x00000000200000b4                g_UsbDeviceString0
 .data.g_UsbDeviceString1
                0x00000000200000b8       0x26 ./source/usb_device_descriptor.o
                0x00000000200000b8                g_UsbDeviceString1
 *fill*         0x00000000200000de        0x2 ff
 .data.g_UsbDeviceString2
                0x00000000200000e0       0x2a ./source/usb_device_descriptor.o
                0x00000000200000e0                g_UsbDeviceString2
 *fill*         0x000000002000010a        0x2 ff
 .data.g_UsbDeviceStringDescriptorArray
                0x000000002000010c        0xc ./source/usb_device_descriptor.o
                0x000000002000010c                g_UsbDeviceStringDescriptorArray
 .data.g_UsbDeviceStringDescriptorLength
                0x0000000020000118        0xc ./source/usb_device_descriptor.o
                0x0000000020000118                g_UsbDeviceStringDescriptorLength
 .data.g_UsbDeviceLanguage
                0x0000000020000124        0xc ./source/usb_device_descriptor.o
                0x0000000020000124                g_UsbDeviceLanguage
 .data.g_UsbDeviceLanguageList
                0x0000000020000130       0x10 ./source/usb_device_descriptor.o
                0x0000000020000130                g_UsbDeviceLanguageList
 .data.s_appName
                0x0000000020000140        0x4 ./source/virtual_com.o
 .data.s_lineCoding
                0x0000000020000144        0x7 ./source/virtual_com.o
 *fill*         0x000000002000014b        0x1 ff
 .data.s_cdcAcmConfig
                0x000000002000014c        0xc ./source/virtual_com.o
 .data.s_cdcAcmConfigList
                0x0000000020000158        0xc ./source/virtual_com.o
 .data.uxCriticalNesting
                0x0000000020000164        0x4 ./freertos/freertos_kernel/portable/GCC/ARM_CM4F/port.o
 .data.uxTopUsedPriority
                0x0000000020000168        0x4 ./freertos/freertos_kernel/tasks.o
                0x0000000020000168                uxTopUsedPriority
 .data.s_slowIrcFreq
                0x000000002000016c        0x4 ./drivers/fsl_clock.o
 .data.s_fastIrcFreq
                0x0000000020000170        0x4 ./drivers/fsl_clock.o
 .data.SystemCoreClock
                0x0000000020000174        0x4 ./device/system_MK66F18.o
                0x0000000020000174                SystemCoreClock
                0x0000000020000178                . = ALIGN (0x8)
                0x0000000020000178                _edata = .
                [!provide]                        PROVIDE (__end_data_RAM = .)
                [!provide]                        PROVIDE (__end_data_SRAM_UPPER = .)

.igot.plt       0x0000000020000178        0x0 load address 0x000000000000afc8
 .igot.plt      0x0000000020000178        0x0 ./utilities/fsl_assert.o

.bss_RAM2       0x000000001fff0000        0x0
                [!provide]                        PROVIDE (__start_bss_RAM2 = .)
                [!provide]                        PROVIDE (__start_bss_SRAM_LOWER = .)
 *(SORT_BY_ALIGNMENT(.bss.$RAM2))
 *(SORT_BY_ALIGNMENT(.bss.$SRAM_LOWER))
 *(SORT_BY_ALIGNMENT(.bss.$RAM2.*))
 *(SORT_BY_ALIGNMENT(.bss.$SRAM_LOWER.*))
                0x000000001fff0000                . = ALIGN ((. != 0x0)?0x8:0x1)
                [!provide]                        PROVIDE (__end_bss_RAM2 = .)
                [!provide]                        PROVIDE (__end_bss_SRAM_LOWER = .)

.bss_RAM3       0x0000000014000000        0x0
                [!provide]                        PROVIDE (__start_bss_RAM3 = .)
                [!provide]                        PROVIDE (__start_bss_FLEX_RAM = .)
 *(SORT_BY_ALIGNMENT(.bss.$RAM3))
 *(SORT_BY_ALIGNMENT(.bss.$FLEX_RAM))
 *(SORT_BY_ALIGNMENT(.bss.$RAM3.*))
 *(SORT_BY_ALIGNMENT(.bss.$FLEX_RAM.*))
                0x0000000014000000                . = ALIGN ((. != 0x0)?0x8:0x1)
                [!provide]                        PROVIDE (__end_bss_RAM3 = .)
                [!provide]                        PROVIDE (__end_bss_FLEX_RAM = .)

.bss            0x0000000020000800     0x8f30
                0x0000000020000800                _bss = .
                [!provide]                        PROVIDE (__start_bss_RAM = .)
                [!provide]                        PROVIDE (__start_bss_SRAM_UPPER = .)
 *(SORT_BY_ALIGNMENT(.bss*))
 .bss.qh_buffer
                0x0000000020000800      0x400 ./usb/device/source/ehci/usb_device_ehci.o
 .bss.s_UsbDeviceEhciDtd
                0x0000000020000c00      0x200 ./usb/device/source/ehci/usb_device_ehci.o
 .bss.s_debugConsoleState
                0x0000000020000e00       0x20 ./utilities/fsl_debug_console.o
 .bss.g_serialHandle
                0x0000000020000e20        0x4 ./utilities/fsl_debug_console.o
                0x0000000020000e20                g_serialHandle
 .bss.g_UsbDeviceEhciState
                0x0000000020000e24       0x5c ./usb/device/source/ehci/usb_device_ehci.o
 .bss.g_UsbDeviceEhciStateStatus
                0x0000000020000e80        0x1 ./usb/device/source/ehci/usb_device_ehci.o
 *fill*         0x0000000020000e81        0x3 
 .bss.s_UsbDevice
                0x0000000020000e84       0x70 ./usb/device/source/usb_device_dci.o
 .bss.g_cdcAcmHandle
                0x0000000020000ef4       0x50 ./usb/device/class/cdc/usb_device_cdc_acm.o
 .bss.s_UsbDeviceCommonClassStruct