core_cm0plus.h:745:22:NVIC_EnableIRQ	16	static
core_cm0plus.h:791:22:NVIC_ClearPendingIRQ	16	static
core_cm0plus.h:804:22:NVIC_SetPriority	24	static
fsl_tpm.h:506:24:TPM_GetStatusFlags	16	static
fsl_tpm.h:518:20:TPM_ClearStatusFlags	16	static
fsl_tpm.h:579:20:TPM_StartTimer	24	static
fsl_tpm.h:593:20:TPM_StopTimer	16	static
TMR_Adapter.c:74:6:StackTimer_Init	32	static
TMR_Adapter.c:113:6:StackTimer_Enable	8	static
TMR_Adapter.c:123:6:StackTimer_Disable	8	static
TMR_Adapter.c:133:10:StackTimer_GetInputFrequency	16	static
TMR_Adapter.c:148:10:StackTimer_GetCounterValue	8	static
TMR_Adapter.c:158:6:StackTimer_SetOffsetTicks	16	static
TMR_Adapter.c:168:6:StackTimer_ClearIntFlag	16	static
TMR_Adapter.c:182:6:PWM_Init	40	static
TMR_Adapter.c:200:6:PWM_SetChnCountVal	24	static
TMR_Adapter.c:210:10:PWM_GetChnCountVal	16	static
TMR_Adapter.c:220:6:PWM_StartEdgeAlignedLowTrue	48	static
