Archive member included to satisfy reference by file (symbol)

/Applications/MCUXpressoIDE_11.3.0_5222/ide/plugins/com.nxp.mcuxpresso.tools.macosx_11.3.0.202011031536/tools/bin/../lib/gcc/arm-none-eabi/9.3.1/../../../../arm-none-eabi/lib/thumb/v7e-m+fp/hard/libcr_semihost_nf.a(_cr__main.o)
                              ./startup/startup_mk64f12.o (__main)
/Applications/MCUXpressoIDE_11.3.0_5222/ide/plugins/com.nxp.mcuxpresso.tools.macosx_11.3.0.202011031536/tools/bin/../lib/gcc/arm-none-eabi/9.3.1/../../../../arm-none-eabi/lib/thumb/v7e-m+fp/hard/libcr_c.a(memcpy.o)
                              ./drivers/fsl_ftfx_cache.o (memcpy)
/Applications/MCUXpressoIDE_11.3.0_5222/ide/plugins/com.nxp.mcuxpresso.tools.macosx_11.3.0.202011031536/tools/bin/../lib/gcc/arm-none-eabi/9.3.1/../../../../arm-none-eabi/lib/thumb/v7e-m+fp/hard/libcr_c.a(memset.o)
                              ./drivers/fsl_ftfx_cache.o (memset)
/Applications/MCUXpressoIDE_11.3.0_5222/ide/plugins/com.nxp.mcuxpresso.tools.macosx_11.3.0.202011031536/tools/bin/../lib/gcc/arm-none-eabi/9.3.1/../../../../arm-none-eabi/lib/thumb/v7e-m+fp/hard/libcr_c.a(alloc.o)
                              ./drivers/fsl_common.o (malloc)
/Applications/MCUXpressoIDE_11.3.0_5222/ide/plugins/com.nxp.mcuxpresso.tools.macosx_11.3.0.202011031536/tools/bin/../lib/gcc/arm-none-eabi/9.3.1/../../../../arm-none-eabi/lib/thumb/v7e-m+fp/hard/libcr_c.a(fpprintf.o)
                              ./utilities/fsl_assert.o (printf)
/Applications/MCUXpressoIDE_11.3.0_5222/ide/plugins/com.nxp.mcuxpresso.tools.macosx_11.3.0.202011031536/tools/bin/../lib/gcc/arm-none-eabi/9.3.1/../../../../arm-none-eabi/lib/thumb/v7e-m+fp/hard/libcr_c.a(initio.o)
                              /Applications/MCUXpressoIDE_11.3.0_5222/ide/plugins/com.nxp.mcuxpresso.tools.macosx_11.3.0.202011031536/tools/bin/../lib/gcc/arm-none-eabi/9.3.1/../../../../arm-none-eabi/lib/thumb/v7e-m+fp/hard/libcr_semihost_nf.a(_cr__main.o) (_initio)
/Applications/MCUXpressoIDE_11.3.0_5222/ide/plugins/com.nxp.mcuxpresso.tools.macosx_11.3.0.202011031536/tools/bin/../lib/gcc/arm-none-eabi/9.3.1/../../../../arm-none-eabi/lib/thumb/v7e-m+fp/hard/libcr_c.a(printf.o)
                              /Applications/MCUXpressoIDE_11.3.0_5222/ide/plugins/com.nxp.mcuxpresso.tools.macosx_11.3.0.202011031536/tools/bin/../lib/gcc/arm-none-eabi/9.3.1/../../../../arm-none-eabi/lib/thumb/v7e-m+fp/hard/libcr_c.a(fpprintf.o) (__vfprintf)
/Applications/MCUXpressoIDE_11.3.0_5222/ide/plugins/com.nxp.mcuxpresso.tools.macosx_11.3.0.202011031536/tools/bin/../lib/gcc/arm-none-eabi/9.3.1/../../../../arm-none-eabi/lib/thumb/v7e-m+fp/hard/libcr_c.a(setvbuf.o)
                              /Applications/MCUXpressoIDE_11.3.0_5222/ide/plugins/com.nxp.mcuxpresso.tools.macosx_11.3.0.202011031536/tools/bin/../lib/gcc/arm-none-eabi/9.3.1/../../../../arm-none-eabi/lib/thumb/v7e-m+fp/hard/libcr_c.a(initio.o) (setvbuf)
/Applications/MCUXpressoIDE_11.3.0_5222/ide/plugins/com.nxp.mcuxpresso.tools.macosx_11.3.0.202011031536/tools/bin/../lib/gcc/arm-none-eabi/9.3.1/../../../../arm-none-eabi/lib/thumb/v7e-m+fp/hard/libcr_c.a(strlen.o)
                              /Applications/MCUXpressoIDE_11.3.0_5222/ide/plugins/com.nxp.mcuxpresso.tools.macosx_11.3.0.202011031536/tools/bin/../lib/gcc/arm-none-eabi/9.3.1/../../../../arm-none-eabi/lib/thumb/v7e-m+fp/hard/libcr_c.a(printf.o) (strlen)
/Applications/MCUXpressoIDE_11.3.0_5222/ide/plugins/com.nxp.mcuxpresso.tools.macosx_11.3.0.202011031536/tools/bin/../lib/gcc/arm-none-eabi/9.3.1/../../../../arm-none-eabi/lib/thumb/v7e-m+fp/hard/libcr_c.a(__init_alloc.o)
                              /Applications/MCUXpressoIDE_11.3.0_5222/ide/plugins/com.nxp.mcuxpresso.tools.macosx_11.3.0.202011031536/tools/bin/../lib/gcc/arm-none-eabi/9.3.1/../../../../arm-none-eabi/lib/thumb/v7e-m+fp/hard/libcr_c.a(alloc.o) (__heaps)
/Applications/MCUXpressoIDE_11.3.0_5222/ide/plugins/com.nxp.mcuxpresso.tools.macosx_11.3.0.202011031536/tools/bin/../lib/gcc/arm-none-eabi/9.3.1/../../../../arm-none-eabi/lib/thumb/v7e-m+fp/hard/libcr_c.a(_cr_sbrk.o)
                              /Applications/MCUXpressoIDE_11.3.0_5222/ide/plugins/com.nxp.mcuxpresso.tools.macosx_11.3.0.202011031536/tools/bin/../lib/gcc/arm-none-eabi/9.3.1/../../../../arm-none-eabi/lib/thumb/v7e-m+fp/hard/libcr_c.a(alloc.o) (_sbrk)
/Applications/MCUXpressoIDE_11.3.0_5222/ide/plugins/com.nxp.mcuxpresso.tools.macosx_11.3.0.202011031536/tools/bin/../lib/gcc/arm-none-eabi/9.3.1/../../../../arm-none-eabi/lib/thumb/v7e-m+fp/hard/libcr_c.a(_deferredlazyseek.o)
                              /Applications/MCUXpressoIDE_11.3.0_5222/ide/plugins/com.nxp.mcuxpresso.tools.macosx_11.3.0.202011031536/tools/bin/../lib/gcc/arm-none-eabi/9.3.1/../../../../arm-none-eabi/lib/thumb/v7e-m+fp/hard/libcr_c.a(fpprintf.o) (__flsbuf)
[...]
Memory Configuration

Name             Origin             Length             Attributes
PROGRAM_FLASH    0x0000000000000000 0x0000000000100000 xr
SRAM_UPPER       0x0000000020000000 0x0000000000030000 xrw
SRAM_LOWER       0x000000001fff0000 0x0000000000010000 xrw
FLEX_RAM         0x0000000014000000 0x0000000000001000 xrw
*default*        0x0000000000000000 0xffffffffffffffff

Linker script and memory map

LOAD ./utilities/fsl_assert.o
LOAD ./utilities/fsl_debug_console.o
LOAD ./startup/startup_mk64f12.o
LOAD ./source/ftm_dual_edge_capture.o
LOAD ./source/semihost_hardfault.o
LOAD ./drivers/fsl_clock.o
LOAD ./drivers/fsl_common.o
LOAD ./drivers/fsl_ftfx_cache.o
LOAD ./drivers/fsl_ftfx_controller.o
LOAD ./drivers/fsl_ftfx_flash.o
LOAD ./drivers/fsl_ftfx_flexnvm.o
LOAD ./drivers/fsl_ftm.o
LOAD ./drivers/fsl_gpio.o
LOAD ./drivers/fsl_smc.o
LOAD ./drivers/fsl_uart.o
LOAD ./device/system_MK64F12.o
LOAD ./component/uart/fsl_adapter_uart.o
LOAD ./component/lists/fsl_component_generic_list.o
LOAD ./board/board.o
LOAD ./board/clock_config.o
LOAD ./board/pin_mux.o
START GROUP
LOAD /Applications/MCUXpressoIDE_11.3.0_5222/ide/plugins/com.nxp.mcuxpresso.tools.macosx_11.3.0.202011031536/tools/bin/../lib/gcc/arm-none-eabi/9.3.1/../../../../arm-none-eabi/lib/thumb/v7e-m+fp/hard/libcr_semihost_nf.a
LOAD /Applications/MCUXpressoIDE_11.3.0_5222/ide/plugins/com.nxp.mcuxpresso.tools.macosx_11.3.0.202011031536/tools/bin/../lib/gcc/arm-none-eabi/9.3.1/../../../../arm-none-eabi/lib/thumb/v7e-m+fp/hard/libcr_c.a
LOAD /Applications/MCUXpressoIDE_11.3.0_5222/ide/plugins/com.nxp.mcuxpresso.tools.macosx_11.3.0.202011031536/tools/bin/../lib/gcc/arm-none-eabi/9.3.1/thumb/v7e-m+fp/hard/libcr_eabihelpers.a
LOAD /Applications/MCUXpressoIDE_11.3.0_5222/ide/plugins/com.nxp.mcuxpresso.tools.macosx_11.3.0.202011031536/tools/bin/../lib/gcc/arm-none-eabi/9.3.1/thumb/v7e-m+fp/hard/libgcc.a
END GROUP
                0x0000000000000000                __base_PROGRAM_FLASH = 0x0
                0x0000000000000000                __base_Flash = 0x0
                0x0000000000100000                __top_PROGRAM_FLASH = 0x100000
                0x0000000000100000                __top_Flash = 0x100000
                0x0000000020000000                __base_SRAM_UPPER = 0x20000000
                0x0000000020000000                __base_RAM = 0x20000000
                0x0000000020030000                __top_SRAM_UPPER = 0x20030000
                0x0000000020030000                __top_RAM = 0x20030000
                0x000000001fff0000                __base_SRAM_LOWER = 0x1fff0000
                0x000000001fff0000                __base_RAM2 = 0x1fff0000
                0x0000000020000000                __top_SRAM_LOWER = 0x20000000
                0x0000000020000000                __top_RAM2 = 0x20000000
                0x0000000014000000                __base_FLEX_RAM = 0x14000000
                0x0000000014000000                __base_RAM3 = 0x14000000
                0x0000000014001000                __top_FLEX_RAM = 0x14001000
                0x0000000014001000                __top_RAM3 = 0x14001000

.text           0x0000000000000000     0x4b40
 FILL mask 0xff
                0x0000000000000000                __vectors_start__ = ABSOLUTE (.)
 *(SORT_BY_ALIGNMENT(.isr_vector))
 .isr_vector    0x0000000000000000      0x198 ./startup/startup_mk64f12.o
                0x0000000000000000                __Vectors
                0x0000000000000000                g_pfnVectors
                0x0000000000000198                . = ALIGN (0x4)
                0x0000000000000198                __section_table_start = .
                0x0000000000000198                __data_section_table = .
                0x0000000000000198        0x4 LONG 0x4b40 LOADADDR (.data)
                0x000000000000019c        0x4 LONG 0x20000000 ADDR (.data)
                0x00000000000001a0        0x4 LONG 0x10 SIZEOF (.data)
                0x00000000000001a4        0x4 LONG 0x4b40 LOADADDR (.data_RAM2)
                0x00000000000001a8        0x4 LONG 0x1fff0000 ADDR (.data_RAM2)
                0x00000000000001ac        0x4 LONG 0x0 SIZEOF (.data_RAM2)
                0x00000000000001b0        0x4 LONG 0x4b40 LOADADDR (.data_RAM3)
                0x00000000000001b4        0x4 LONG 0x14000000 ADDR (.data_RAM3)
                0x00000000000001b8        0x4 LONG 0x0 SIZEOF (.data_RAM3)
                0x00000000000001bc                __data_section_table_end = .
                0x00000000000001bc                __bss_section_table = .
                0x00000000000001bc        0x4 LONG 0x20000010 ADDR (.bss)
                0x00000000000001c0        0x4 LONG 0xf8 SIZEOF (.bss)
                0x00000000000001c4        0x4 LONG 0x1fff0000 ADDR (.bss_RAM2)
                0x00000000000001c8        0x4 LONG 0x0 SIZEOF (.bss_RAM2)
                0x00000000000001cc        0x4 LONG 0x14000000 ADDR (.bss_RAM3)
                0x00000000000001d0        0x4 LONG 0x0 SIZEOF (.bss_RAM3)
                0x00000000000001d4                __bss_section_table_end = .
                0x00000000000001d4                __section_table_end = .
 *(SORT_BY_ALIGNMENT(.after_vectors*))
 .after_vectors.reset
                0x00000000000001d4       0x4c ./startup/startup_mk64f12.o
                0x00000000000001d4                ResetISR
 .after_vectors.init_data
                0x0000000000000220       0x1e ./startup/startup_mk64f12.o
                0x0000000000000220                data_init
 .after_vectors.init_bss
                0x000000000000023e       0x12 ./startup/startup_mk64f12.o
                0x000000000000023e                bss_init
 .after_vectors
                0x0000000000000250       0x14 ./startup/startup_mk64f12.o
                0x0000000000000250                NMI_Handler
                0x0000000000000254                MemManage_Handler
                0x0000000000000256                BusFault_Handler
                0x0000000000000258                UsageFault_Handler
                0x000000000000025a                SVC_Handler
                0x000000000000025c                DebugMon_Handler
                0x000000000000025e                PendSV_Handler
                0x0000000000000260                SysTick_Handler
                0x0000000000000262                FTM2_DriverIRQHandler
                0x0000000000000262                PIT2_DriverIRQHandler
                0x0000000000000262                SDHC_DriverIRQHandler
                0x0000000000000262                I2S0_Tx_DriverIRQHandler
                0x0000000000000262                RTC_Seconds_DriverIRQHandler
                0x0000000000000262                DMA6_DriverIRQHandler
                0x0000000000000262                LLWU_DriverIRQHandler
                0x0000000000000262                MCM_DriverIRQHandler
                0x0000000000000262                MCG_DriverIRQHandler
                0x0000000000000262                ENET_1588_Timer_DriverIRQHandler
                0x0000000000000262                I2C2_DriverIRQHandler
                0x0000000000000262                DAC1_DriverIRQHandler
                0x0000000000000262                CMP1_DriverIRQHandler
                0x0000000000000262                FTM0_DriverIRQHandler
                0x0000000000000262                IntDefaultHandler
                0x0000000000000262                USB0_DriverIRQHandler
                0x0000000000000262                UART5_ERR_DriverIRQHandler
                0x0000000000000262                PORTC_DriverIRQHandler
                0x0000000000000262                DMA11_DriverIRQHandler
                0x0000000000000262                DAC0_DriverIRQHandler
                0x0000000000000262                DMA10_DriverIRQHandler
                0x0000000000000262                CMP2_DriverIRQHandler
                0x0000000000000262                UART2_ERR_DriverIRQHandler
                0x0000000000000262                SPI2_DriverIRQHandler
                0x0000000000000262                LVD_LVW_DriverIRQHandler
                0x0000000000000262                PIT0_DriverIRQHandler
                0x0000000000000262                RNG_DriverIRQHandler
                0x0000000000000262                DMA5_DriverIRQHandler
                0x0000000000000262                DMA4_DriverIRQHandler
                0x0000000000000262                USBDCD_DriverIRQHandler
                0x0000000000000262                UART3_ERR_DriverIRQHandler
                0x0000000000000262                DMA3_DriverIRQHandler
                0x0000000000000262                DMA8_DriverIRQHandler
                0x0000000000000262                DMA9_DriverIRQHandler
                0x0000000000000262                UART0_ERR_DriverIRQHandler
                0x0000000000000262                CMT_DriverIRQHandler
                0x0000000000000262                Reserved71_DriverIRQHandler
                0x0000000000000262                ADC1_DriverIRQHandler
                0x0000000000000262                PORTA_DriverIRQHandler
                0x0000000000000262                DMA14_DriverIRQHandler
                0x0000000000000262                PIT3_DriverIRQHandler
                0x0000000000000262                PIT1_DriverIRQHandler
                0x0000000000000262                WDOG_EWM_DriverIRQHandler
                0x0000000000000262                PDB0_DriverIRQHandler
                0x0000000000000262                RTC_DriverIRQHandler
                0x0000000000000262                I2S0_Rx_DriverIRQHandler
                0x0000000000000262                Read_Collision_DriverIRQHandler
                0x0000000000000262                SWI_DriverIRQHandler
                0x0000000000000262                UART4_ERR_DriverIRQHandler
                0x0000000000000262                UART0_LON_DriverIRQHandler
                0x0000000000000262                DMA1_DriverIRQHandler
                0x0000000000000262                I2C1_DriverIRQHandler
                0x0000000000000262                ENET_Receive_DriverIRQHandler
                0x0000000000000262                DMA13_DriverIRQHandler
                0x0000000000000262                ENET_Error_DriverIRQHandler
                0x0000000000000262                DMA15_DriverIRQHandler
                0x0000000000000262                SPI0_DriverIRQHandler
                0x0000000000000262                ADC0_DriverIRQHandler
                0x0000000000000262                CMP0_DriverIRQHandler
                0x0000000000000262                CAN0_DriverIRQHandler
                0x0000000000000262                FTM3_DriverIRQHandler
                0x0000000000000262                UART1_ERR_DriverIRQHandler
                0x0000000000000262                DMA2_DriverIRQHandler
                0x0000000000000262                ENET_Transmit_DriverIRQHandler
                0x0000000000000262                PORTD_DriverIRQHandler
                0x0000000000000262                PORTE_DriverIRQHandler
                0x0000000000000262                FTFE_DriverIRQHandler
                0x0000000000000262                I2C0_DriverIRQHandler
                0x0000000000000262                DMA7_DriverIRQHandler
                0x0000000000000262                DMA0_DriverIRQHandler
                0x0000000000000262                PORTB_DriverIRQHandler
                0x0000000000000262                DMA12_DriverIRQHandler
                0x0000000000000262                SPI1_DriverIRQHandler
                0x0000000000000262                LPTMR0_DriverIRQHandler
                0x0000000000000262                DMA_Error_DriverIRQHandler
                0x0000000000000262                FTM1_DriverIRQHandler
                0x0000000000000400                . = 0x400
 *fill*         0x0000000000000264      0x19c ff
                0x0000000000000400                PROVIDE (__FLASH_CONFIG_START__ = .)
 *(SORT_BY_ALIGNMENT(.FlashConfig))
 .FlashConfig   0x0000000000000400       0x10 ./startup/startup_mk64f12.o
                0x0000000000000400                Flash_Config
                0x0000000000000410                PROVIDE (__FLASH_CONFIG_END__ = .)
                0x0000000000000001                ASSERT (! ((__FLASH_CONFIG_START__ == __FLASH_CONFIG_END__)), Linker Flash Config Support Enabled, but no .FlashConfig section provided within application)
 *(SORT_BY_ALIGNMENT(.text*))
 .text.fp_display
                0x0000000000000410      0x964 /Applications/MCUXpressoIDE_11.3.0_5222/ide/plugins/com.nxp.mcuxpresso.tools.macosx_11.3.0.202011031536/tools/bin/../lib/gcc/arm-none-eabi/9.3.1/../../../../arm-none-eabi/lib/thumb/v7e-m+fp/hard/libcr_c.a(fpprintf.o)
 *fill*         0x0000000000000d74        0x4 ff
 .text._frexpl  0x0000000000000d78       0x68 /Applications/MCUXpressoIDE_11.3.0_5222/ide/plugins/com.nxp.mcuxpresso.tools.macosx_11.3.0.202011031536/tools/bin/../lib/gcc/arm-none-eabi/9.3.1/../../../../arm-none-eabi/lib/thumb/v7e-m+fp/hard/libcr_c.a(_frexpl.o)
                0x0000000000000d78                _frexpl
 .text._ldexpl  0x0000000000000de0       0x5c /Applications/MCUXpressoIDE_11.3.0_5222/ide/plugins/com.nxp.mcuxpresso.tools.macosx_11.3.0.202011031536/tools/bin/../lib/gcc/arm-none-eabi/9.3.1/../../../../arm-none-eabi/lib/thumb/v7e-m+fp/hard/libcr_c.a(_ldexpl.o)
                0x0000000000000de0                _ldexpl
 .text.__assertion_failed
                0x0000000000000e3c       0x18 ./utilities/fsl_assert.o
                0x0000000000000e3c                __assertion_failed
 .text.__NVIC_EnableIRQ
                0x0000000000000e54       0x3c ./source/ftm_dual_edge_capture.o
 .text.FTM0_IRQHandler
                0x0000000000000e90       0xb4 ./source/ftm_dual_edge_capture.o
                0x0000000000000e90                FTM0_IRQHandler
 .text.main     0x0000000000000f44      0x160 ./source/ftm_dual_edge_capture.o
                0x0000000000000f44                main
 .text.CLOCK_SetEr32kClock
                0x00000000000010a4       0x30 ./drivers/fsl_clock.o
 .text.CLOCK_SetPllFllSelClock
                0x00000000000010d4       0x3c ./drivers/fsl_clock.o
 .text.CLOCK_GetMcgExtClkFreq
                0x0000000000001110       0x7c ./drivers/fsl_clock.o
 .text.CLOCK_GetFllExtRefClkFreq
                0x000000000000118c       0xb0 ./drivers/fsl_clock.o
 .text.CLOCK_GetInternalRefClkSelectFreq
                0x000000000000123c       0x4c ./drivers/fsl_clock.o
 .text.CLOCK_GetFllRefClkFreq
                0x0000000000001288       0x34 ./drivers/fsl_clock.o
 .text.CLOCK_GetOscRangeFromFreq
                0x00000000000012bc       0x3c ./drivers/fsl_clock.o
 .text.CLOCK_GetOsc0ErClkFreq
                0x00000000000012f8       0x44 ./drivers/fsl_clock.o
                0x00000000000012f8                CLOCK_GetOsc0ErClkFreq
 .text.CLOCK_GetEr32kClkFreq
                0x000000000000133c       0x74 ./drivers/fsl_clock.o
                0x000000000000133c                CLOCK_GetEr32kClkFreq
 .text.CLOCK_GetPllFllSelClkFreq
                0x00000000000013b0       0x58 ./drivers/fsl_clock.o
                0x00000000000013b0                CLOCK_GetPllFllSelClkFreq
 .text.CLOCK_GetCoreSysClkFreq
                0x0000000000001408       0x28 ./drivers/fsl_clock.o
                0x0000000000001408                CLOCK_GetCoreSysClkFreq
 .text.CLOCK_GetFreq
                0x0000000000001430      0x148 ./drivers/fsl_clock.o
                0x0000000000001430                CLOCK_GetFreq
 .text.CLOCK_SetSimConfig
                0x0000000000001578       0x38 ./drivers/fsl_clock.o
                0x0000000000001578                CLOCK_SetSimConfig
 .text.CLOCK_GetOutClkFreq
                0x00000000000015b0       0x64 ./drivers/fsl_clock.o
                0x00000000000015b0                CLOCK_GetOutClkFreq
 .text.CLOCK_GetFllFreq
                0x0000000000001614       0x84 ./drivers/fsl_clock.o
                0x0000000000001614                CLOCK_GetFllFreq
 .text.CLOCK_GetInternalRefClkFreq
                0x0000000000001698       0x30 ./drivers/fsl_clock.o
                0x0000000000001698                CLOCK_GetInternalRefClkFreq
 .text.CLOCK_GetPll0Freq
                0x00000000000016c8       0x78 ./drivers/fsl_clock.o
                0x00000000000016c8                CLOCK_GetPll0Freq
 .text.CLOCK_SetExternalRefClkConfig
                0x0000000000001740       0x6c ./drivers/fsl_clock.o
                0x0000000000001740                CLOCK_SetExternalRefClkConfig
 .text.CLOCK_SetInternalRefClkConfig
                0x00000000000017ac      0x104 ./drivers/fsl_clock.o
                0x00000000000017ac                CLOCK_SetInternalRefClkConfig
 .text.CLOCK_EnablePll0
                0x00000000000018b0       0x88 ./drivers/fsl_clock.o
                0x00000000000018b0                CLOCK_EnablePll0
 .text.CLOCK_InitOsc0
                0x0000000000001938       0x8c ./drivers/fsl_clock.o
                0x0000000000001938                CLOCK_InitOsc0
 .text.CLOCK_SetPbeMode
                0x00000000000019c4       0xa8 ./drivers/fsl_clock.o
                0x00000000000019c4                CLOCK_SetPbeMode
 .text.CLOCK_BootToPeeMode
                0x0000000000001a6c       0x64 ./drivers/fsl_clock.o
                0x0000000000001a6c                CLOCK_BootToPeeMode
 .text.FTM_GetInstance
                0x0000000000001ad0       0x54 ./drivers/fsl_ftm.o
 .text.FTM_SetPwmSync
                0x0000000000001b24      0x140 ./drivers/fsl_ftm.o
 .text.FTM_SetReloadPoints
                0x0000000000001c64      0x138 ./drivers/fsl_ftm.o
 .text.FTM_Init
                0x0000000000001d9c       0xf4 ./drivers/fsl_ftm.o
                0x0000000000001d9c                FTM_Init
 .text.FTM_GetDefaultConfig
                0x0000000000001e90       0x74 ./drivers/fsl_ftm.o
                0x0000000000001e90                FTM_GetDefaultConfig
 .text.FTM_SetupDualEdgeCapture
                0x0000000000001f04      0x11c ./drivers/fsl_ftm.o
                0x0000000000001f04                FTM_SetupDualEdgeCapture
 .text.UART0_DriverIRQHandler
                0x0000000000002020       0x28 ./drivers/fsl_uart.o
                0x0000000000002020                UART0_DriverIRQHandler
 .text.UART1_DriverIRQHandler
                0x0000000000002048       0x28 ./drivers/fsl_uart.o
                0x0000000000002048                UART1_DriverIRQHandler
 .text.UART2_DriverIRQHandler
                0x0000000000002070       0x28 ./drivers/fsl_uart.o
                0x0000000000002070                UART2_DriverIRQHandler
 .text.UART3_DriverIRQHandler
                0x0000000000002098       0x28 ./drivers/fsl_uart.o
                0x0000000000002098                UART3_DriverIRQHandler
 .text.UART4_DriverIRQHandler
                0x00000000000020c0       0x28 ./drivers/fsl_uart.o
                0x00000000000020c0                UART4_DriverIRQHandler
 .text.UART5_DriverIRQHandler
                0x00000000000020e8       0x28 ./drivers/fsl_uart.o
                0x00000000000020e8                UART5_DriverIRQHandler
 .text.SystemInit
                0x0000000000002110       0x3c ./device/system_MK64F12.o
                0x0000000000002110                SystemInit
 .text.CLOCK_SetSimSafeDivs
                0x000000000000214c       0x20 ./board/clock_config.o
 .text.CLOCK_SetXtal0Freq
                0x000000000000216c       0x20 ./board/clock_config.o
 .text.CLOCK_CONFIG_SetFllExtRefDiv
                0x000000000000218c       0x3c ./board/clock_config.o
 .text.BOARD_BootClockRUN
                0x00000000000021c8       0x60 ./board/clock_config.o
                0x00000000000021c8                BOARD_BootClockRUN
 .text.BOARD_InitPins
                0x0000000000002228       0x68 ./board/pin_mux.o
                0x0000000000002228                BOARD_InitPins
 .text.malloc   0x0000000000002290       0xc8 /Applications/MCUXpressoIDE_11.3.0_5222/ide/plugins/com.nxp.mcuxpresso.tools.macosx_11.3.0.202011031536/tools/bin/../lib/gcc/arm-none-eabi/9.3.1/../../../../arm-none-eabi/lib/thumb/v7e-m+fp/hard/libcr_c.a(alloc.o)
                0x0000000000002290                malloc
 .text._Csys_alloc
                0x0000000000002358       0x20 /Applications/MCUXpressoIDE_11.3.0_5222/ide/plugins/com.nxp.mcuxpresso.tools.macosx_11.3.0.202011031536/tools/bin/../lib/gcc/arm-none-eabi/9.3.1/../../../../arm-none-eabi/lib/thumb/v7e-m+fp/hard/libcr_c.a(alloc.o)
                0x0000000000002358                _Csys_alloc
 .text.sprintf  0x0000000000002378       0x6c /Applications/MCUXpressoIDE_11.3.0_5222/ide/plugins/com.nxp.mcuxpresso.tools.macosx_11.3.0.202011031536/tools/bin/../lib/gcc/arm-none-eabi/9.3.1/../../../../arm-none-eabi/lib/thumb/v7e-m+fp/hard/libcr_c.a(fpprintf.o)
                0x0000000000002378                sprintf
 .text.vsnprintf
                0x00000000000023e4       0x68 /Applications/MCUXpressoIDE_11.3.0_5222/ide/plugins/com.nxp.mcuxpresso.tools.macosx_11.3.0.202011031536/tools/bin/../lib/gcc/arm-none-eabi/9.3.1/../../../../arm-none-eabi/lib/thumb/v7e-m+fp/hard/libcr_c.a(fpprintf.o)
                0x00000000000023e4                vsnprintf
 .text.printf   0x000000000000244c       0x54 /Applications/MCUXpressoIDE_11.3.0_5222/ide/plugins/com.nxp.mcuxpresso.tools.macosx_11.3.0.202011031536/tools/bin/../lib/gcc/arm-none-eabi/9.3.1/../../../../arm-none-eabi/lib/thumb/v7e-m+fp/hard/libcr_c.a(fpprintf.o)
                0x000000000000244c                printf
 .text._initio  0x00000000000024a0       0x78 /Applications/MCUXpressoIDE_11.3.0_5222/ide/plugins/com.nxp.mcuxpresso.tools.macosx_11.3.0.202011031536/tools/bin/../lib/gcc/arm-none-eabi/9.3.1/../../../../arm-none-eabi/lib/thumb/v7e-m+fp/hard/libcr_c.a(initio.o)
                0x00000000000024a0                _initio
 .text.__vfprintf
                0x0000000000002518      0xce8 /Applications/MCUXpressoIDE_11.3.0_5222/ide/plugins/com.nxp.mcuxpresso.tools.macosx_11.3.0.202011031536/tools/bin/../lib/gcc/arm-none-eabi/9.3.1/../../../../arm-none-eabi/lib/thumb/v7e-m+fp/hard/libcr_c.a(printf.o)
                0x0000000000002518                __vfprintf
 .text._sbrk    0x0000000000003200       0x3c /Applications/MCUXpressoIDE_11.3.0_5222/ide/plugins/com.nxp.mcuxpresso.tools.macosx_11.3.0.202011031536/tools/bin/../lib/gcc/arm-none-eabi/9.3.1/../../../../arm-none-eabi/lib/thumb/v7e-m+fp/hard/libcr_c.a(_cr_sbrk.o)
                0x0000000000003200                _sbrk
 .text._Cwritebuf
                0x000000000000323c       0x6c /Applications/MCUXpressoIDE_11.3.0_5222/ide/plugins/com.nxp.mcuxpresso.tools.macosx_11.3.0.202011031536/tools/bin/../lib/gcc/arm-none-eabi/9.3.1/../../../../arm-none-eabi/lib/thumb/v7e-m+fp/hard/libcr_c.a(_writebuf.o)
                0x000000000000323c                _Cwritebuf
 .text.fflush   0x00000000000032a8       0x44 /Applications/MCUXpressoIDE_11.3.0_5222/ide/plugins/com.nxp.mcuxpresso.tools.macosx_11.3.0.202011031536/tools/bin/../lib/gcc/arm-none-eabi/9.3.1/../../../../arm-none-eabi/lib/thumb/v7e-m+fp/hard/libcr_c.a(fflush.o)
                0x00000000000032a8                fflush
 .text.fseek    0x00000000000032ec      0x100 /Applications/MCUXpressoIDE_11.3.0_5222/ide/plugins/com.nxp.mcuxpresso.tools.macosx_11.3.0.202011031536/tools/bin/../lib/gcc/arm-none-eabi/9.3.1/../../../../arm-none-eabi/lib/thumb/v7e-m+fp/hard/libcr_c.a(fseek.o)
                0x00000000000032ec                fseek
 .text.ftell    0x00000000000033ec       0x44 /Applications/MCUXpressoIDE_11.3.0_5222/ide/plugins/com.nxp.mcuxpresso.tools.macosx_11.3.0.202011031536/tools/bin/../lib/gcc/arm-none-eabi/9.3.1/../../../../arm-none-eabi/lib/thumb/v7e-m+fp/hard/libcr_c.a(ftell.o)
                0x00000000000033ec                ftell
 .text.__check_heap_overflow
                0x0000000000003430       0x18 /Applications/MCUXpressoIDE_11.3.0_5222/ide/plugins/com.nxp.mcuxpresso.tools.macosx_11.3.0.202011031536/tools/bin/../lib/gcc/arm-none-eabi/9.3.1/../../../../arm-none-eabi/lib/thumb/v7e-m+fp/hard/libcr_c.a(_cr_check_heap.o)
                0x0000000000003430                __check_heap_overflow
 .text.__aeabi_dmul
                0x0000000000003448      0x114 /Applications/MCUXpressoIDE_11.3.0_5222/ide/plugins/com.nxp.mcuxpresso.tools.macosx_11.3.0.202011031536/tools/bin/../lib/gcc/arm-none-eabi/9.3.1/thumb/v7e-m+fp/hard/libcr_eabihelpers.a(double.o)
                0x0000000000003448                __aeabi_dmul
 .text.__aeabi_ddiv
                0x000000000000355c      0x144 /Applications/MCUXpressoIDE_11.3.0_5222/ide/plugins/com.nxp.mcuxpresso.tools.macosx_11.3.0.202011031536/tools/bin/../lib/gcc/arm-none-eabi/9.3.1/thumb/v7e-m+fp/hard/libcr_eabihelpers.a(double.o)
                0x000000000000355c                __aeabi_ddiv
 .text.__aeabi_dsub
                0x00000000000036a0      0x1b0 /Applications/MCUXpressoIDE_11.3.0_5222/ide/plugins/com.nxp.mcuxpresso.tools.macosx_11.3.0.202011031536/tools/bin/../lib/gcc/arm-none-eabi/9.3.1/thumb/v7e-m+fp/hard/libcr_eabihelpers.a(double.o)
                0x00000000000036a0                __aeabi_dsub
 .text.__aeabi_dadd
                0x0000000000003850      0x114 /Applications/MCUXpressoIDE_11.3.0_5222/ide/plugins/com.nxp.mcuxpresso.tools.macosx_11.3.0.202011031536/tools/bin/../lib/gcc/arm-none-eabi/9.3.1/thumb/v7e-m+fp/hard/libcr_eabihelpers.a(double.o)
                0x0000000000003850                __aeabi_dadd
 .text.__aeabi_f2d
                0x0000000000003964       0x38 /Applications/MCUXpressoIDE_11.3.0_5222/ide/plugins/com.nxp.mcuxpresso.tools.macosx_11.3.0.202011031536/tools/bin/../lib/gcc/arm-none-eabi/9.3.1/thumb/v7e-m+fp/hard/libcr_eabihelpers.a(float.o)
                0x0000000000003964                __aeabi_f2d
 .text.__sys_appexit
                0x000000000000399c        0xc /Applications/MCUXpressoIDE_11.3.0_5222/ide/plugins/com.nxp.mcuxpresso.tools.macosx_11.3.0.202011031536/tools/bin/../lib/gcc/arm-none-eabi/9.3.1/../../../../arm-none-eabi/lib/thumb/v7e-m+fp/hard/libcr_semihost_nf.a(__sys_appexit.o)
                0x000000000000399c                __exit
                0x000000000000399c                __sys_appexit
 .text.DMA0_IRQHandler
                0x00000000000039a8        0x8 ./startup/startup_mk64f12.o
                0x00000000000039a8                DMA0_IRQHandler
 .text.DMA1_IRQHandler
                0x00000000000039b0        0x8 ./startup/startup_mk64f12.o
                0x00000000000039b0                DMA1_IRQHandler
 .text.DMA2_IRQHandler
                0x00000000000039b8        0x8 ./startup/startup_mk64f12.o
                0x00000000000039b8                DMA2_IRQHandler
 .text.DMA3_IRQHandler
                0x00000000000039c0        0x8 ./startup/startup_mk64f12.o
                0x00000000000039c0                DMA3_IRQHandler
 .text.DMA4_IRQHandler
                0x00000000000039c8        0x8 ./startup/startup_mk64f12.o
                0x00000000000039c8                DMA4_IRQHandler
 .text.DMA5_IRQHandler
                0x00000000000039d0        0x8 ./startup/startup_mk64f12.o
                0x00000000000039d0                DMA5_IRQHandler
 .text.DMA6_IRQHandler
                0x00000000000039d8        0x8 ./startup/startup_mk64f12.o
                0x00000000000039d8                DMA6_IRQHandler
 .text.DMA7_IRQHandler
                0x00000000000039e0        0x8 ./startup/startup_mk64f12.o
                0x00000000000039e0                DMA7_IRQHandler
 .text.DMA8_IRQHandler
                0x00000000000039e8        0x8 ./startup/startup_mk64f12.o
                0x00000000000039e8                DMA8_IRQHandler
 .text.DMA9_IRQHandler
                0x00000000000039f0        0x8 ./startup/startup_mk64f12.o
                0x00000000000039f0                DMA9_IRQHandler
 .text.DMA10_IRQHandler
                0x00000000000039f8        0x8 ./startup/startup_mk64f12.o
                0x00000000000039f8                DMA10_IRQHandler
 .text.DMA11_IRQHandler
                0x0000000000003a00        0x8 ./startup/startup_mk64f12.o
                0x0000000000003a00                DMA11_IRQHandler
 .text.DMA12_IRQHandler
                0x0000000000003a08        0x8 ./startup/startup_mk64f12.o
                0x0000000000003a08                DMA12_IRQHandler
 .text.DMA13_IRQHandler
                0x0000000000003a10        0x8 ./startup/startup_mk64f12.o
                0x0000000000003a10                DMA13_IRQHandler
 .text.DMA14_IRQHandler
                0x0000000000003a18        0x8 ./startup/startup_mk64f12.o
                0x0000000000003a18                DMA14_IRQHandler
 .text.DMA15_IRQHandler
                0x0000000000003a20        0x8 ./startup/startup_mk64f12.o
                0x0000000000003a20                DMA15_IRQHandler
 .text.DMA_Error_IRQHandler
                0x0000000000003a28        0x8 ./startup/startup_mk64f12.o
                0x0000000000003a28                DMA_Error_IRQHandler
 .text.MCM_IRQHandler
                0x0000000000003a30        0x8 ./startup/startup_mk64f12.o
                0x0000000000003a30                MCM_IRQHandler
 .text.FTFE_IRQHandler
                0x0000000000003a38        0x8 ./startup/startup_mk64f12.o
                0x0000000000003a38                FTFE_IRQHandler
 .text.Read_Collision_IRQHandler
                0x0000000000003a40        0x8 ./startup/startup_mk64f12.o
                0x0000000000003a40                Read_Collision_IRQHandler
 .text.LVD_LVW_IRQHandler
                0x0000000000003a48        0x8 ./startup/startup_mk64f12.o
                0x0000000000003a48                LVD_LVW_IRQHandler
 .text.LLWU_IRQHandler
                0x0000000000003a50        0x8 ./startup/startup_mk64f12.o
                0x0000000000003a50                LLWU_IRQHandler
 .text.WDOG_EWM_IRQHandler
                0x0000000000003a58        0x8 ./startup/startup_mk64f12.o
                0x0000000000003a58                WDOG_EWM_IRQHandler
 .text.RNG_IRQHandler
                0x0000000000003a60        0x8 ./startup/startup_mk64f12.o
                0x0000000000003a60                RNG_IRQHandler
 .text.I2C0_IRQHandler
                0x0000000000003a68        0x8 ./startup/startup_mk64f12.o
                0x0000000000003a68                I2C0_IRQHandler
 .text.I2C1_IRQHandler
                0x0000000000003a70        0x8 ./startup/startup_mk64f12.o
                0x0000000000003a70                I2C1_IRQHandler
 .text.SPI0_IRQHandler
                0x0000000000003a78        0x8 ./startup/startup_mk64f12.o
                0x0000000000003a78                SPI0_IRQHandler
 .text.SPI1_IRQHandler
                0x0000000000003a80        0x8 ./startup/startup_mk64f12.o
                0x0000000000003a80                SPI1_IRQHandler
 .text.I2S0_Tx_IRQHandler
                0x0000000000003a88        0x8 ./startup/startup_mk64f12.o
                0x0000000000003a88                I2S0_Tx_IRQHandler
 .text.I2S0_Rx_IRQHandler
                0x0000000000003a90        0x8 ./startup/startup_mk64f12.o
                0x0000000000003a90                I2S0_Rx_IRQHandler
 .text.UART0_LON_IRQHandler
                0x0000000000003a98        0x8 ./startup/startup_mk64f12.o
                0x0000000000003a98                UART0_LON_IRQHandler
 .text.UART0_RX_TX_IRQHandler
                0x0000000000003aa0        0x8 ./startup/startup_mk64f12.o
                0x0000000000003aa0                UART0_RX_TX_IRQHandler
 .text.UART0_ERR_IRQHandler
                0x0000000000003aa8        0x8 ./startup/startup_mk64f12.o
                0x0000000000003aa8                UART0_ERR_IRQHandler
 .text.UART1_RX_TX_IRQHandler
                0x0000000000003ab0        0x8 ./startup/startup_mk64f12.o
                0x0000000000003ab0                UART1_RX_TX_IRQHandler
 .text.UART1_ERR_IRQHandler
                0x0000000000003ab8        0x8 ./startup/startup_mk64f12.o
                0x0000000000003ab8                UART1_ERR_IRQHandler
 .text.UART2_RX_TX_IRQHandler
                0x0000000000003ac0        0x8 ./startup/startup_mk64f12.o
                0x0000000000003ac0                UART2_RX_TX_IRQHandler
 .text.UART2_ERR_IRQHandler
                0x0000000000003ac8        0x8 ./startup/startup_mk64f12.o
                0x0000000000003ac8                UART2_ERR_IRQHandler
 .text.UART3_RX_TX_IRQHandler
                0x0000000000003ad0        0x8 ./startup/startup_mk64f12.o
                0x0000000000003ad0                UART3_RX_TX_IRQHandler
 .text.UART3_ERR_IRQHandler
                0x0000000000003ad8        0x8 ./startup/startup_mk64f12.o
                0x0000000000003ad8                UART3_ERR_IRQHandler
 .text.ADC0_IRQHandler
                0x0000000000003ae0        0x8 ./startup/startup_mk64f12.o
                0x0000000000003ae0                ADC0_IRQHandler
 .text.CMP0_IRQHandler
                0x0000000000003ae8        0x8 ./startup/startup_mk64f12.o
                0x0000000000003ae8                CMP0_IRQHandler
 .text.CMP1_IRQHandler
                0x0000000000003af0        0x8 ./startup/startup_mk64f12.o
                0x0000000000003af0                CMP1_IRQHandler
 .text.FTM1_IRQHandler
                0x0000000000003af8        0x8 ./startup/startup_mk64f12.o
                0x0000000000003af8                FTM1_IRQHandler
 .text.FTM2_IRQHandler
                0x0000000000003b00        0x8 ./startup/startup_mk64f12.o
                0x0000000000003b00                FTM2_IRQHandler
 .text.CMT_IRQHandler
                0x0000000000003b08        0x8 ./startup/startup_mk64f12.o
                0x0000000000003b08                CMT_IRQHandler
 .text.RTC_IRQHandler
                0x0000000000003b10        0x8 ./startup/startup_mk64f12.o
                0x0000000000003b10                RTC_IRQHandler
 .text.RTC_Seconds_IRQHandler
                0x0000000000003b18        0x8 ./startup/startup_mk64f12.o
                0x0000000000003b18                RTC_Seconds_IRQHandler
 .text.PIT0_IRQHandler
                0x0000000000003b20        0x8 ./startup/startup_mk64f12.o
                0x0000000000003b20                PIT0_IRQHandler
 .text.PIT1_IRQHandler
                0x0000000000003b28        0x8 ./startup/startup_mk64f12.o
                0x0000000000003b28                PIT1_IRQHandler
 .text.PIT2_IRQHandler
                0x0000000000003b30        0x8 ./startup/startup_mk64f12.o
                0x0000000000003b30                PIT2_IRQHandler
 .text.PIT3_IRQHandler
                0x0000000000003b38        0x8 ./startup/startup_mk64f12.o
                0x0000000000003b38                PIT3_IRQHandler
 .text.PDB0_IRQHandler
                0x0000000000003b40        0x8 ./startup/startup_mk64f12.o
                0x0000000000003b40                PDB0_IRQHandler
 .text.USB0_IRQHandler
                0x0000000000003b48        0x8 ./startup/startup_mk64f12.o
                0x0000000000003b48                USB0_IRQHandler
 .text.USBDCD_IRQHandler
                0x0000000000003b50        0x8 ./startup/startup_mk64f12.o
                0x0000000000003b50                USBDCD_IRQHandler
 .text.Reserved71_IRQHandler
                0x0000000000003b58        0x8 ./startup/startup_mk64f12.o
                0x0000000000003b58                Reserved71_IRQHandler
 .text.DAC0_IRQHandler
                0x0000000000003b60        0x8 ./startup/startup_mk64f12.o
                0x0000000000003b60                DAC0_IRQHandler
 .text.MCG_IRQHandler
                0x0000000000003b68        0x8 ./startup/startup_mk64f12.o
                0x0000000000003b68                MCG_IRQHandler
 .text.LPTMR0_IRQHandler
                0x0000000000003b70        0x8 ./startup/startup_mk64f12.o
                0x0000000000003b70                LPTMR0_IRQHandler
 .text.PORTA_IRQHandler
                0x0000000000003b78        0x8 ./startup/startup_mk64f12.o
                0x0000000000003b78                PORTA_IRQHandler
 .text.PORTB_IRQHandler
                0x0000000000003b80        0x8 ./startup/startup_mk64f12.o
                0x0000000000003b80                PORTB_IRQHandler
 .text.PORTC_IRQHandler
                0x0000000000003b88        0x8 ./startup/startup_mk64f12.o
                0x0000000000003b88                PORTC_IRQHandler
 .text.PORTD_IRQHandler
                0x0000000000003b90        0x8 ./startup/startup_mk64f12.o
                0x0000000000003b90                PORTD_IRQHandler
 .text.PORTE_IRQHandler
                0x0000000000003b98        0x8 ./startup/startup_mk64f12.o
                0x0000000000003b98                PORTE_IRQHandler
 .text.SWI_IRQHandler
                0x0000000000003ba0        0x8 ./startup/startup_mk64f12.o
                0x0000000000003ba0                SWI_IRQHandler
 .text.SPI2_IRQHandler
                0x0000000000003ba8        0x8 ./startup/startup_mk64f12.o
                0x0000000000003ba8                SPI2_IRQHandler
 .text.UART4_RX_TX_IRQHandler
                0x0000000000003bb0        0x8 ./startup/startup_mk64f12.o
                0x0000000000003bb0                UART4_RX_TX_IRQHandler
 .text.UART4_ERR_IRQHandler
                0x0000000000003bb8        0x8 ./startup/startup_mk64f12.o
                0x0000000000003bb8                UART4_ERR_IRQHandler
 .text.UART5_RX_TX_IRQHandler
                0x0000000000003bc0        0x8 ./startup/startup_mk64f12.o
                0x0000000000003bc0                UART5_RX_TX_IRQHandler
 .text.UART5_ERR_IRQHandler
                0x0000000000003bc8        0x8 ./startup/startup_mk64f12.o
                0x0000000000003bc8                UART5_ERR_IRQHandler
 .text.CMP2_IRQHandler
                0x0000000000003bd0        0x8 ./startup/startup_mk64f12.o
                0x0000000000003bd0                CMP2_IRQHandler
 .text.FTM3_IRQHandler
                0x0000000000003bd8        0x8 ./startup/startup_mk64f12.o
                0x0000000000003bd8                FTM3_IRQHandler
 .text.DAC1_IRQHandler
                0x0000000000003be0        0x8 ./startup/startup_mk64f12.o
                0x0000000000003be0                DAC1_IRQHandler
 .text.ADC1_IRQHandler
                0x0000000000003be8        0x8 ./startup/startup_mk64f12.o
                0x0000000000003be8                ADC1_IRQHandler
 .text.I2C2_IRQHandler
                0x0000000000003bf0        0x8 ./startup/startup_mk64f12.o
                0x0000000000003bf0                I2C2_IRQHandler
 .text.CAN0_ORed_Message_buffer_IRQHandler
                0x0000000000003bf8        0x8 ./startup/startup_mk64f12.o
                0x0000000000003bf8                CAN0_ORed_Message_buffer_IRQHandler
 .text.CAN0_Bus_Off_IRQHandler
                0x0000000000003c00        0x8 ./startup/startup_mk64f12.o
                0x0000000000003c00                CAN0_Bus_Off_IRQHandler
 .text.CAN0_Error_IRQHandler
                0x0000000000003c08        0x8 ./startup/startup_mk64f12.o
                0x0000000000003c08                CAN0_Error_IRQHandler
 .text.CAN0_Tx_Warning_IRQHandler
                0x0000000000003c10        0x8 ./startup/startup_mk64f12.o
                0x0000000000003c10                CAN0_Tx_Warning_IRQHandler
 .text.CAN0_Rx_Warning_IRQHandler
                0x0000000000003c18        0x8 ./startup/startup_mk64f12.o
                0x0000000000003c18                CAN0_Rx_Warning_IRQHandler
 .text.CAN0_Wake_Up_IRQHandler
                0x0000000000003c20        0x8 ./startup/startup_mk64f12.o
                0x0000000000003c20                CAN0_Wake_Up_IRQHandler
 .text.SDHC_IRQHandler
                0x0000000000003c28        0x8 ./startup/startup_mk64f12.o
                0x0000000000003c28                SDHC_IRQHandler
 .text.ENET_1588_Timer_IRQHandler
                0x0000000000003c30        0x8 ./startup/startup_mk64f12.o
                0x0000000000003c30                ENET_1588_Timer_IRQHandler
 .text.ENET_Transmit_IRQHandler
                0x0000000000003c38        0x8 ./startup/startup_mk64f12.o
                0x0000000000003c38                ENET_Transmit_IRQHandler
 .text.ENET_Receive_IRQHandler
                0x0000000000003c40        0x8 ./startup/startup_mk64f12.o
                0x0000000000003c40                ENET_Receive_IRQHandler
 .text.ENET_Error_IRQHandler
                0x0000000000003c48        0x8 ./startup/startup_mk64f12.o
                0x0000000000003c48                ENET_Error_IRQHandler
 .text.EnableIRQ
                0x0000000000003c50       0x32 ./source/ftm_dual_edge_capture.o
 .text.FTM_StartTimer
                0x0000000000003c82       0x3a ./source/ftm_dual_edge_capture.o
 .text.HardFault_Handler
                0x0000000000003cbc       0x2c ./source/semihost_hardfault.o
                0x0000000000003cbc                HardFault_Handler
 .text.OSC_SetExtRefClkConfig
                0x0000000000003ce8       0x34 ./drivers/fsl_clock.o
 .text.OSC_SetCapLoad
                0x0000000000003d1c       0x34 ./drivers/fsl_clock.o
 .text.CLOCK_GetPll0RefFreq
                0x0000000000003d50        0xe ./drivers/fsl_clock.o
 .text.CLOCK_GetFixedFreqClkFreq
                0x0000000000003d5e       0x34 ./drivers/fsl_clock.o
                0x0000000000003d5e                CLOCK_GetFixedFreqClkFreq
 .text.CLOCK_EnableClock
                0x0000000000003d92       0x34 ./drivers/fsl_ftm.o
 .text.FTM_EnableInterrupts
                0x0000000000003dc6       0x88 ./drivers/fsl_ftm.o
                0x0000000000003dc6                FTM_EnableInterrupts
 .text.FTM_DisableInterrupts
                0x0000000000003e4e       0x88 ./drivers/fsl_ftm.o
                0x0000000000003e4e                FTM_DisableInterrupts
 .text.FTM_GetStatusFlags
                0x0000000000003ed6       0x62 ./drivers/fsl_ftm.o
                0x0000000000003ed6                FTM_GetStatusFlags
 .text.FTM_ClearStatusFlags
                0x0000000000003f38       0x68 ./drivers/fsl_ftm.o
                0x0000000000003f38                FTM_ClearStatusFlags
 .text.UART0_RX_TX_DriverIRQHandler
                0x0000000000003fa0       0x12 ./drivers/fsl_uart.o
                0x0000000000003fa0                UART0_RX_TX_DriverIRQHandler
 .text.UART1_RX_TX_DriverIRQHandler
                0x0000000000003fb2       0x12 ./drivers/fsl_uart.o
                0x0000000000003fb2                UART1_RX_TX_DriverIRQHandler
 .text.UART2_RX_TX_DriverIRQHandler
                0x0000000000003fc4       0x12 ./drivers/fsl_uart.o
                0x0000000000003fc4                UART2_RX_TX_DriverIRQHandler
 .text.UART3_RX_TX_DriverIRQHandler
                0x0000000000003fd6       0x12 ./drivers/fsl_uart.o
                0x0000000000003fd6                UART3_RX_TX_DriverIRQHandler
 .text.UART4_RX_TX_DriverIRQHandler
                0x0000000000003fe8       0x12 ./drivers/fsl_uart.o
                0x0000000000003fe8                UART4_RX_TX_DriverIRQHandler
 .text.UART5_RX_TX_DriverIRQHandler
                0x0000000000003ffa       0x12 ./drivers/fsl_uart.o
                0x0000000000003ffa                UART5_RX_TX_DriverIRQHandler
 .text.SystemInitHook
                0x000000000000400c        0xe ./device/system_MK64F12.o
                0x000000000000400c                SystemInitHook
 .text.DbgConsole_Init
                0x000000000000401a       0x20 ./board/board.o
 .text.BOARD_InitDebugConsole
                0x000000000000403a       0x22 ./board/board.o
                0x000000000000403a                BOARD_InitDebugConsole
 .text.CLOCK_EnableClock
                0x000000000000405c       0x34 ./board/pin_mux.o
 .text.PORT_SetPinMux
                0x0000000000004090       0x3a ./board/pin_mux.o
 .text.__main   0x00000000000040ca        0xe /Applications/MCUXpressoIDE_11.3.0_5222/ide/plugins/com.nxp.mcuxpresso.tools.macosx_11.3.0.202011031536/tools/bin/../lib/gcc/arm-none-eabi/9.3.1/../../../../arm-none-eabi/lib/thumb/v7e-m+fp/hard/libcr_semihost_nf.a(_cr__main.o)
                0x00000000000040ca                __main
                0x00000000000040ca                __CR_SEMIHOST
 .text.memset   0x00000000000040d8        0x4 /Applications/MCUXpressoIDE_11.3.0_5222/ide/plugins/com.nxp.mcuxpresso.tools.macosx_11.3.0.202011031536/tools/bin/../lib/gcc/arm-none-eabi/9.3.1/../../../../arm-none-eabi/lib/thumb/v7e-m+fp/hard/libcr_c.a(memset.o)
                0x00000000000040d8                memset
 .text.free     0x00000000000040dc       0x30 /Applications/MCUXpressoIDE_11.3.0_5222/ide/plugins/com.nxp.mcuxpresso.tools.macosx_11.3.0.202011031536/tools/bin/../lib/gcc/arm-none-eabi/9.3.1/../../../../arm-none-eabi/lib/thumb/v7e-m+fp/hard/libcr_c.a(alloc.o)
                0x00000000000040dc                free
 .text.fp_round
                0x000000000000410c       0x4e /Applications/MCUXpressoIDE_11.3.0_5222/ide/plugins/com.nxp.mcuxpresso.tools.macosx_11.3.0.202011031536/tools/bin/../lib/gcc/arm-none-eabi/9.3.1/../../../../arm-none-eabi/lib/thumb/v7e-m+fp/hard/libcr_c.a(fpprintf.o)
 .text.pr_dec.constprop.0
                0x000000000000415a       0x26 /Applications/MCUXpressoIDE_11.3.0_5222/ide/plugins/com.nxp.mcuxpresso.tools.macosx_11.3.0.202011031536/tools/bin/../lib/gcc/arm-none-eabi/9.3.1/../../../../arm-none-eabi/lib/thumb/v7e-m+fp/hard/libcr_c.a(fpprintf.o)
 .text.setvbuf  0x0000000000004180       0x3e /Applications/MCUXpressoIDE_11.3.0_5222/ide/plugins/com.nxp.mcuxpresso.tools.macosx_11.3.0.202011031536/tools/bin/../lib/gcc/arm-none-eabi/9.3.1/../../../../arm-none-eabi/lib/thumb/v7e-m+fp/hard/libcr_c.a(setvbuf.o)
                0x0000000000004180                setvbuf
 .text.strlen   0x00000000000041be       0x4c /Applications/MCUXpressoIDE_11.3.0_5222/ide/plugins/com.nxp.mcuxpresso.tools.macosx_11.3.0.202011031536/tools/bin/../lib/gcc/arm-none-eabi/9.3.1/../../../../arm-none-eabi/lib/thumb/v7e-m+fp/hard/libcr_c.a(strlen.o)
                0x00000000000041be                strlen
 .text._deferredlazyseek
                0x000000000000420a       0x40 /Applications/MCUXpressoIDE_11.3.0_5222/ide/plugins/com.nxp.mcuxpresso.tools.macosx_11.3.0.202011031536/tools/bin/../lib/gcc/arm-none-eabi/9.3.1/../../../../arm-none-eabi/lib/thumb/v7e-m+fp/hard/libcr_c.a(_deferredlazyseek.o)
                0x000000000000420a                _deferredlazyseek
 .text.__flsbuf
                0x000000000000424a      0x140 /Applications/MCUXpressoIDE_11.3.0_5222/ide/plugins/com.nxp.mcuxpresso.tools.macosx_11.3.0.202011031536/tools/bin/../lib/gcc/arm-none-eabi/9.3.1/../../../../arm-none-eabi/lib/thumb/v7e-m+fp/hard/libcr_c.a(_deferredlazyseek.o)
                0x000000000000424a                __flsbuf
 .text._fdopen  0x000000000000438a       0x68 /Applications/MCUXpressoIDE_11.3.0_5222/ide/plugins/com.nxp.mcuxpresso.tools.macosx_11.3.0.202011031536/tools/bin/../lib/gcc/arm-none-eabi/9.3.1/../../../../arm-none-eabi/lib/thumb/v7e-m+fp/hard/libcr_c.a(_fdopen.o)
                0x000000000000438a                _fdopen
 .text._fflush  0x00000000000043f2       0x52 /Applications/MCUXpressoIDE_11.3.0_5222/ide/plugins/com.nxp.mcuxpresso.tools.macosx_11.3.0.202011031536/tools/bin/../lib/gcc/arm-none-eabi/9.3.1/../../../../arm-none-eabi/lib/thumb/v7e-m+fp/hard/libcr_c.a(_fflush.o)
                0x00000000000043f2                _fflush
 .text.fclose   0x0000000000004444       0x58 /Applications/MCUXpressoIDE_11.3.0_5222/ide/plugins/com.nxp.mcuxpresso.tools.macosx_11.3.0.202011031536/tools/bin/../lib/gcc/arm-none-eabi/9.3.1/../../../../arm-none-eabi/lib/thumb/v7e-m+fp/hard/libcr_c.a(fclose.o)
                0x0000000000004444                fclose
 .text.remove   0x000000000000449c       0x14 /Applications/MCUXpressoIDE_11.3.0_5222/ide/plugins/com.nxp.mcuxpresso.tools.macosx_11.3.0.202011031536/tools/bin/../lib/gcc/arm-none-eabi/9.3.1/../../../../arm-none-eabi/lib/thumb/v7e-m+fp/hard/libcr_c.a(remove.o)
                0x000000000000449c                remove
 .text._do_fflush
                0x00000000000044b0       0x40 /Applications/MCUXpressoIDE_11.3.0_5222/ide/plugins/com.nxp.mcuxpresso.tools.macosx_11.3.0.202011031536/tools/bin/../lib/gcc/arm-none-eabi/9.3.1/../../../../arm-none-eabi/lib/thumb/v7e-m+fp/hard/libcr_c.a(_do_fflush.o)
                0x00000000000044b0                _do_fflush
 .text.__aeabi_d2iz
                0x00000000000044f0       0x40 /Applications/MCUXpressoIDE_11.3.0_5222/ide/plugins/com.nxp.mcuxpresso.tools.macosx_11.3.0.202011031536/tools/bin/../lib/gcc/arm-none-eabi/9.3.1/thumb/v7e-m+fp/hard/libcr_eabihelpers.a(double.o)
                0x00000000000044f0                __aeabi_d2iz
 .text.__bhs_ui2d
                0x0000000000004530       0x46 /Applications/MCUXpressoIDE_11.3.0_5222/ide/plugins/com.nxp.mcuxpresso.tools.macosx_11.3.0.202011031536/tools/bin/../lib/gcc/arm-none-eabi/9.3.1/thumb/v7e-m+fp/hard/libcr_eabihelpers.a(double.o)
                0x0000000000004530                __bhs_ui2d
 .text.__aeabi_i2d
                0x0000000000004576       0x12 /Applications/MCUXpressoIDE_11.3.0_5222/ide/plugins/com.nxp.mcuxpresso.tools.macosx_11.3.0.202011031536/tools/bin/../lib/gcc/arm-none-eabi/9.3.1/thumb/v7e-m+fp/hard/libcr_eabihelpers.a(double.o)
                0x0000000000004576                __aeabi_i2d
 .text.__aeabi_dcmpeq
                0x0000000000004588       0x30 /Applications/MCUXpressoIDE_11.3.0_5222/ide/plugins/com.nxp.mcuxpresso.tools.macosx_11.3.0.202011031536/tools/bin/../lib/gcc/arm-none-eabi/9.3.1/thumb/v7e-m+fp/hard/libcr_eabihelpers.a(double.o)
                0x0000000000004588                __aeabi_dcmpeq
 .text.__aeabi_dcmplt
                0x00000000000045b8       0x56 /Applications/MCUXpressoIDE_11.3.0_5222/ide/plugins/com.nxp.mcuxpresso.tools.macosx_11.3.0.202011031536/tools/bin/../lib/gcc/arm-none-eabi/9.3.1/thumb/v7e-m+fp/hard/libcr_eabihelpers.a(double.o)
                0x00000000000045b8                __aeabi_dcmplt
 .text.__aeabi_dcmple
                0x000000000000460e       0x56 /Applications/MCUXpressoIDE_11.3.0_5222/ide/plugins/com.nxp.mcuxpresso.tools.macosx_11.3.0.202011031536/tools/bin/../lib/gcc/arm-none-eabi/9.3.1/thumb/v7e-m+fp/hard/libcr_eabihelpers.a(double.o)
                0x000000000000460e                __aeabi_dcmple
 .text.__aeabi_dcmpge
                0x0000000000004664       0x5c /Applications/MCUXpressoIDE_11.3.0_5222/ide/plugins/com.nxp.mcuxpresso.tools.macosx_11.3.0.202011031536/tools/bin/../lib/gcc/arm-none-eabi/9.3.1/thumb/v7e-m+fp/hard/libcr_eabihelpers.a(double.o)
                0x0000000000004664                __aeabi_dcmpge
 .text.__aeabi_memset_lowlevel
                0x00000000000046c0       0x32 /Applications/MCUXpressoIDE_11.3.0_5222/ide/plugins/com.nxp.mcuxpresso.tools.macosx_11.3.0.202011031536/tools/bin/../lib/gcc/arm-none-eabi/9.3.1/thumb/v7e-m+fp/hard/libcr_eabihelpers.a(memcpy.o)
                0x00000000000046c0                __aeabi_lowlevel_memset
 .text.__sys_close
                0x00000000000046f2        0xc /Applications/MCUXpressoIDE_11.3.0_5222/ide/plugins/com.nxp.mcuxpresso.tools.macosx_11.3.0.202011031536/tools/bin/../lib/gcc/arm-none-eabi/9.3.1/../../../../arm-none-eabi/lib/thumb/v7e-m+fp/hard/libcr_semihost_nf.a(__sys_close.o)
                0x00000000000046f2                __sys_close
 .text.__sys_flen
                0x00000000000046fe        0xc /Applications/MCUXpressoIDE_11.3.0_5222/ide/plugins/com.nxp.mcuxpresso.tools.macosx_11.3.0.202011031536/tools/bin/../lib/gcc/arm-none-eabi/9.3.1/../../../../arm-none-eabi/lib/thumb/v7e-m+fp/hard/libcr_semihost_nf.a(__sys_flen.o)
                0x00000000000046fe                __sys_flen
 .text.__sys_istty
                0x000000000000470a        0xc /Applications/MCUXpressoIDE_11.3.0_5222/ide/plugins/com.nxp.mcuxpresso.tools.macosx_11.3.0.202011031536/tools/bin/../lib/gcc/arm-none-eabi/9.3.1/../../../../arm-none-eabi/lib/thumb/v7e-m+fp/hard/libcr_semihost_nf.a(__sys_istty.o)
                0x000000000000470a                __sys_istty
 .text.__sys_remove
                0x0000000000004716        0xc /Applications/MCUXpressoIDE_11.3.0_5222/ide/plugins/com.nxp.mcuxpresso.tools.macosx_11.3.0.202011031536/tools/bin/../lib/gcc/arm-none-eabi/9.3.1/../../../../arm-none-eabi/lib/thumb/v7e-m+fp/hard/libcr_semihost_nf.a(__sys_remove.o)
                0x0000000000004716                __sys_remove
 .text.__sys_seek
                0x0000000000004722        0xc /Applications/MCUXpressoIDE_11.3.0_5222/ide/plugins/com.nxp.mcuxpresso.tools.macosx_11.3.0.202011031536/tools/bin/../lib/gcc/arm-none-eabi/9.3.1/../../../../arm-none-eabi/lib/thumb/v7e-m+fp/hard/libcr_semihost_nf.a(__sys_seek.o)
                0x0000000000004722                __sys_seek
 .text.__sys_tmpnam
                0x000000000000472e        0xc /Applications/MCUXpressoIDE_11.3.0_5222/ide/plugins/com.nxp.mcuxpresso.tools.macosx_11.3.0.202011031536/tools/bin/../lib/gcc/arm-none-eabi/9.3.1/../../../../arm-none-eabi/lib/thumb/v7e-m+fp/hard/libcr_semihost_nf.a(__sys_tmpnam.o)
                0x000000000000472e                __sys_tmpnam
 .text.__sys_write
                0x000000000000473a        0xc /Applications/MCUXpressoIDE_11.3.0_5222/ide/plugins/com.nxp.mcuxpresso.tools.macosx_11.3.0.202011031536/tools/bin/../lib/gcc/arm-none-eabi/9.3.1/../../../../arm-none-eabi/lib/thumb/v7e-m+fp/hard/libcr_semihost_nf.a(__sys_write.o)
                0x000000000000473a                __sys_write
 *(SORT_BY_ALIGNMENT(.rodata) SORT_BY_ALIGNMENT(.rodata.*) SORT_BY_ALIGNMENT(.constdata) SORT_BY_ALIGNMENT(.constdata.*))
 *fill*         0x0000000000004746        0x2 ff
 .rodata.__assertion_failed.str1.4
                0x0000000000004748       0x14 ./utilities/fsl_assert.o
 .rodata.main.str1.4
                0x000000000000475c      0x126 ./source/ftm_dual_edge_capture.o
 *fill*         0x0000000000004882        0x2 ff
 .rodata.CLOCK_GetMcgExtClkFreq.str1.4
                0x0000000000004884       0x4e ./drivers/fsl_clock.o
 *fill*         0x00000000000048d2        0x2 ff
 .rodata.CLOCK_GetOsc0ErClkFreq.str1.4
                0x00000000000048d4       0x1f ./drivers/fsl_clock.o
 *fill*         0x00000000000048f3        0x1 ff
 .rodata.CLOCK_GetEr32kClkFreq.str1.4
                0x00000000000048f4       0x20 ./drivers/fsl_clock.o
 .rodata.CLOCK_GetPll0Freq.str1.4
                0x0000000000004914       0x1e ./drivers/fsl_clock.o
 *fill*         0x0000000000004932        0x2 ff
 .rodata.CLOCK_EnablePll0.str1.4
                0x0000000000004934       0x1b ./drivers/fsl_clock.o
 *fill*         0x000000000000494f        0x1 ff
 .rodata.CLOCK_SetPbeMode.str1.4
                0x0000000000004950       0x1b ./drivers/fsl_clock.o
 *fill*         0x000000000000496b        0x1 ff
 .rodata.CLOCK_BootToPeeMode.str1.4
                0x000000000000496c       0x1b ./drivers/fsl_clock.o
 *fill*         0x0000000000004987        0x1 ff
 .rodata.fllFactorTable.8077
                0x0000000000004988       0x10 ./drivers/fsl_clock.o
 .rodata.s_ftmBases
                0x0000000000004998       0x10 ./drivers/fsl_ftm.o
 .rodata.s_ftmClocks
                0x00000000000049a8       0x10 ./drivers/fsl_ftm.o
 .rodata.FTM_GetInstance.str1.4
                0x00000000000049b8       0x29 ./drivers/fsl_ftm.o
 *fill*         0x00000000000049e1        0x3 ff
 .rodata.FTM_SetPwmSync.str1.4
                0x00000000000049e4       0x3b ./drivers/fsl_ftm.o
 *fill*         0x0000000000004a1f        0x1 ff
 .rodata.FTM_SetReloadPoints.str1.4
                0x0000000000004a20       0x21 ./drivers/fsl_ftm.o
 *fill*         0x0000000000004a41        0x3 ff
 .rodata.FTM_Init.str1.4
                0x0000000000004a44       0x18 ./drivers/fsl_ftm.o
 .rodata.FTM_GetDefaultConfig.str1.4
                0x0000000000004a5c       0x20 ./drivers/fsl_ftm.o
 .rodata.FTM_SetupDualEdgeCapture.str1.4
                0x0000000000004a7c       0x1b ./drivers/fsl_ftm.o
 *fill*         0x0000000000004a97        0x1 ff
 .rodata.mcgConfig_BOARD_BootClockRUN
                0x0000000000004a98        0xb ./board/clock_config.o
                0x0000000000004a98                mcgConfig_BOARD_BootClockRUN
 *fill*         0x0000000000004aa3        0x1 ff
 .rodata.simConfig_BOARD_BootClockRUN
                0x0000000000004aa4        0x8 ./board/clock_config.o
                0x0000000000004aa4                simConfig_BOARD_BootClockRUN
 .rodata.oscConfig_BOARD_BootClockRUN
                0x0000000000004aac        0x8 ./board/clock_config.o
                0x0000000000004aac                oscConfig_BOARD_BootClockRUN
 .rodata.__num_Ciob_streams
                0x0000000000004ab4        0x4 /Applications/MCUXpressoIDE_11.3.0_5222/ide/plugins/com.nxp.mcuxpresso.tools.macosx_11.3.0.202011031536/tools/bin/../lib/gcc/arm-none-eabi/9.3.1/../../../../arm-none-eabi/lib/thumb/v7e-m+fp/hard/libcr_semihost_nf.a(__ciob.o)
                0x0000000000004ab4                __num_Ciob_streams
 .rodata._Csys_alloc.str1.1
                0x0000000000004ab8       0x18 /Applications/MCUXpressoIDE_11.3.0_5222/ide/plugins/com.nxp.mcuxpresso.tools.macosx_11.3.0.202011031536/tools/bin/../lib/gcc/arm-none-eabi/9.3.1/../../../../arm-none-eabi/lib/thumb/v7e-m+fp/hard/libcr_c.a(alloc.o)
 .rodata.fp_display.str1.1
                0x0000000000004ad0       0x34 /Applications/MCUXpressoIDE_11.3.0_5222/ide/plugins/com.nxp.mcuxpresso.tools.macosx_11.3.0.202011031536/tools/bin/../lib/gcc/arm-none-eabi/9.3.1/../../../../arm-none-eabi/lib/thumb/v7e-m+fp/hard/libcr_c.a(fpprintf.o)
                                         0x35 (size before relaxing)
 .rodata._initio.str1.1
                0x0000000000004b04        0x4 /Applications/MCUXpressoIDE_11.3.0_5222/ide/plugins/com.nxp.mcuxpresso.tools.macosx_11.3.0.202011031536/tools/bin/../lib/gcc/arm-none-eabi/9.3.1/../../../../arm-none-eabi/lib/thumb/v7e-m+fp/hard/libcr_c.a(initio.o)
 .rodata.__vfprintf.str1.1
                0x0000000000004b08       0x31 /Applications/MCUXpressoIDE_11.3.0_5222/ide/plugins/com.nxp.mcuxpresso.tools.macosx_11.3.0.202011031536/tools/bin/../lib/gcc/arm-none-eabi/9.3.1/../../../../arm-none-eabi/lib/thumb/v7e-m+fp/hard/libcr_c.a(printf.o)
                                         0x38 (size before relaxing)
                0x0000000000004b40                . = ALIGN (0x8)
 *fill*         0x0000000000004b39        0x7 ff

.glue_7         0x0000000000004b40        0x0
 .glue_7        0x0000000000004b40        0x0 linker stubs

.glue_7t        0x0000000000004b40        0x0
 .glue_7t       0x0000000000004b40        0x0 linker stubs

.vfp11_veneer   0x0000000000004b40        0x0
 .vfp11_veneer  0x0000000000004b40        0x0 linker stubs

.v4_bx          0x0000000000004b40        0x0
 .v4_bx         0x0000000000004b40        0x0 linker stubs

.iplt           0x0000000000004b40        0x0
 .iplt          0x0000000000004b40        0x0 ./utilities/fsl_assert.o

.rel.dyn        0x0000000000004b40        0x0
 .rel.iplt      0x0000000000004b40        0x0 ./utilities/fsl_assert.o

.ARM.extab
 *(SORT_BY_ALIGNMENT(.ARM.extab*) SORT_BY_ALIGNMENT(.gnu.linkonce.armextab.*))

.ARM.exidx      0x0000000000004b40        0x0
                0x0000000000004b40                __exidx_start = .
 *(SORT_BY_ALIGNMENT(.ARM.exidx*) SORT_BY_ALIGNMENT(.gnu.linkonce.armexidx.*))
                0x0000000000004b40                __exidx_end = .
                0x0000000000004b40                _etext = .

.m_usb_data
 *(SORT_BY_ALIGNMENT(m_usb_bdt))

.data_RAM2      0x000000001fff0000        0x0 load address 0x0000000000004b40
 FILL mask 0xff
                [!provide]                        PROVIDE (__start_data_RAM2 = .)
                [!provide]                        PROVIDE (__start_data_SRAM_LOWER = .)
 *(SORT_BY_ALIGNMENT(.ramfunc.$RAM2))
 *(SORT_BY_ALIGNMENT(.ramfunc.$SRAM_LOWER))
 *(SORT_BY_ALIGNMENT(.data.$RAM2))
 *(SORT_BY_ALIGNMENT(.data.$SRAM_LOWER))
 *(SORT_BY_ALIGNMENT(.data.$RAM2.*))
 *(SORT_BY_ALIGNMENT(.data.$SRAM_LOWER.*))
                0x000000001fff0000                . = ALIGN (0x8)
                [!provide]                        PROVIDE (__end_data_RAM2 = .)
                [!provide]                        PROVIDE (__end_data_SRAM_LOWER = .)

.data_RAM3      0x0000000014000000        0x0 load address 0x0000000000004b40
 FILL mask 0xff
                [!provide]                        PROVIDE (__start_data_RAM3 = .)
                [!provide]                        PROVIDE (__start_data_FLEX_RAM = .)
 *(SORT_BY_ALIGNMENT(.ramfunc.$RAM3))
 *(SORT_BY_ALIGNMENT(.ramfunc.$FLEX_RAM))
 *(SORT_BY_ALIGNMENT(.data.$RAM3))
 *(SORT_BY_ALIGNMENT(.data.$FLEX_RAM))
 *(SORT_BY_ALIGNMENT(.data.$RAM3.*))
 *(SORT_BY_ALIGNMENT(.data.$FLEX_RAM.*))
                0x0000000014000000                . = ALIGN (0x8)
                [!provide]                        PROVIDE (__end_data_RAM3 = .)
                [!provide]                        PROVIDE (__end_data_FLEX_RAM = .)

.uninit_RESERVED
                0x0000000020000000        0x0
                0x0000000020000000                _start_uninit_RESERVED = .
 *(SORT_BY_ALIGNMENT(.bss.$RESERVED*))
                0x0000000020000000                . = ALIGN (0x8)
                0x0000000020000000                _end_uninit_RESERVED = .

.data           0x0000000020000000       0x10 load address 0x0000000000004b40
 FILL mask 0xff
                0x0000000020000000                _data = .
                [!provide]                        PROVIDE (__start_data_RAM = .)
                [!provide]                        PROVIDE (__start_data_SRAM_UPPER = .)
 *(SORT_BY_ALIGNMENT(vtable))
 *(SORT_BY_ALIGNMENT(.ramfunc*))
 *(SORT_BY_ALIGNMENT(CodeQuickAccess))
 *(SORT_BY_ALIGNMENT(DataQuickAccess))
 *(SORT_BY_ALIGNMENT(RamFunction))
 *(SORT_BY_ALIGNMENT(.data*))
 .data.s_slowIrcFreq
                0x0000000020000000        0x4 ./drivers/fsl_clock.o
 .data.s_fastIrcFreq
                0x0000000020000004        0x4 ./drivers/fsl_clock.o
 .data.SystemCoreClock
                0x0000000020000008        0x4 ./device/system_MK64F12.o
                0x0000000020000008                SystemCoreClock
                0x0000000020000010                . = ALIGN (0x8)
 *fill*         0x000000002000000c        0x4 ff
                0x0000000020000010                _edata = .
                [!provide]                        PROVIDE (__end_data_RAM = .)
                [!provide]                        PROVIDE (__end_data_SRAM_UPPER = .)

.igot.plt       0x0000000020000010        0x0 load address 0x0000000000004b50
 .igot.plt      0x0000000020000010        0x0 ./utilities/fsl_assert.o

.bss_RAM2       0x000000001fff0000        0x0
                [!provide]                        PROVIDE (__start_bss_RAM2 = .)
                [!provide]                        PROVIDE (__start_bss_SRAM_LOWER = .)
 *(SORT_BY_ALIGNMENT(.bss.$RAM2))
 *(SORT_BY_ALIGNMENT(.bss.$SRAM_LOWER))
 *(SORT_BY_ALIGNMENT(.bss.$RAM2.*))
 *(SORT_BY_ALIGNMENT(.bss.$SRAM_LOWER.*))
                0x000000001fff0000                . = ALIGN ((. != 0x0)?0x8:0x1)
                [!provide]                        PROVIDE (__end_bss_RAM2 = .)
                [!provide]                        PROVIDE (__end_bss_SRAM_LOWER = .)

.bss_RAM3       0x0000000014000000        0x0
                [!provide]                        PROVIDE (__start_bss_RAM3 = .)
                [!provide]                        PROVIDE (__start_bss_FLEX_RAM = .)
 *(SORT_BY_ALIGNMENT(.bss.$RAM3))
 *(SORT_BY_ALIGNMENT(.bss.$FLEX_RAM))
 *(SORT_BY_ALIGNMENT(.bss.$RAM3.*))
 *(SORT_BY_ALIGNMENT(.bss.$FLEX_RAM.*))
                0x0000000014000000                . = ALIGN ((. != 0x0)?0x8:0x1)
                [!provide]                        PROVIDE (__end_bss_RAM3 = .)
                [!provide]                        PROVIDE (__end_bss_FLEX_RAM = .)

.bss            0x0000000020000010       0xf8
                0x0000000020000010                _bss = .
                [!provide]                        PROVIDE (__start_bss_RAM = .)
                [!provide]                        PROVIDE (__start_bss_SRAM_UPPER = .)
 *(SORT_BY_ALIGNMENT(.bss*))
 .bss.g_timerOverflowInterruptCount
                0x0000000020000010        0x4 ./source/ftm_dual_edge_capture.o
                0x0000000020000010                g_timerOverflowInterruptCount
 .bss.g_firstChannelOverflowCount
                0x0000000020000014        0x4 ./source/ftm_dual_edge_capture.o
                0x0000000020000014                g_firstChannelOverflowCount
 .bss.g_secondChannelOverflowCount
                0x0000000020000018        0x4 ./source/ftm_dual_edge_capture.o
                0x0000000020000018                g_secondChannelOverflowCount
 .bss.g_xtal0Freq
                0x000000002000001c        0x4 ./drivers/fsl_clock.o
                0x000000002000001c                g_xtal0Freq
 .bss.g_xtal32Freq
                0x0000000020000020        0x4 ./drivers/fsl_clock.o
                0x0000000020000020                g_xtal32Freq
 .bss.s_uartHandle
                0x0000000020000024       0x18 ./drivers/fsl_uart.o
 .bss.s_uartIsr
                0x000000002000003c        0x4 ./drivers/fsl_uart.o
 .bss.__end_of_heap
                0x0000000020000040        0x4 /Applications/MCUXpressoIDE_11.3.0_5222/ide/plugins/com.nxp.mcuxpresso.tools.macosx_11.3.0.202011031536/tools/bin/../lib/gcc/arm-none-eabi/9.3.1/../../../../arm-none-eabi/lib/thumb/v7e-m+fp/hard/libcr_c.a(__init_alloc.o)
                0x0000000020000040                __end_of_heap
 .bss.__heaps   0x0000000020000044        0x4 /Applications/MCUXpressoIDE_11.3.0_5222/ide/plugins/com.nxp.mcuxpresso.tools.macosx_11.3.0.202011031536/tools/bin/../lib/gcc/arm-none-eabi/9.3.1/../../../../arm-none-eabi/lib/thumb/v7e-m+fp/hard/libcr_c.a(__init_alloc.o)
                0x0000000020000044                __heaps
 .bss.errno     0x0000000020000048        0x4 /Applications/MCUXpressoIDE_11.3.0_5222/ide/plugins/com.nxp.mcuxpresso.tools.macosx_11.3.0.202011031536/tools/bin/../lib/gcc/arm-none-eabi/9.3.1/../../../../arm-none-eabi/lib/thumb/v7e-m+fp/hard/libcr_c.a(errno.o)
                0x0000000020000048                errno
 .bss.__Ciob    0x000000002000004c       0xb4 /Applications/MCUXpressoIDE_11.3.0_5222/ide/plugins/com.nxp.mcuxpresso.tools.macosx_11.3.0.202011031536/tools/bin/../lib/gcc/arm-none-eabi/9.3.1/../../../../arm-none-eabi/lib/thumb/v7e-m+fp/hard/libcr_semihost_nf.a(__ciob.o)
                0x000000002000004c                __Ciob
 .bss.ftmFirstChannelInterruptFlag
                0x0000000020000100        0x1 ./source/ftm_dual_edge_capture.o
                0x0000000020000100                ftmFirstChannelInterruptFlag
 .bss.ftmSecondChannelInterruptFlag
                0x0000000020000101        0x1 ./source/ftm_dual_edge_capture.o
                0x0000000020000101                ftmSecondChannelInterruptFlag
 *(SORT_BY_ALIGNMENT(COMMON))
                0x0000000020000108                . = ALIGN (0x8)
 *fill*         0x0000000020000102        0x6 
                0x0000000020000108                _ebss = .
                [!provide]                        PROVIDE (__end_bss_RAM = .)
                [!provide]                        PROVIDE (__end_bss_SRAM_UPPER = .)
                [!provide]                        PROVIDE (end = .)

.noinit_RAM2    0x000000001fff0000        0x0
                [!provide]                        PROVIDE (__start_noinit_RAM2 = .)
                [!provide]                        PROVIDE (__start_noinit_SRAM_LOWER = .)
 *(SORT_BY_ALIGNMENT(.noinit.$RAM2))
 *(SORT_BY_ALIGNMENT(.noinit.$SRAM_LOWER))
 *(SORT_BY_ALIGNMENT(.noinit.$RAM2.*))
 *(SORT_BY_ALIGNMENT(.noinit.$SRAM_LOWER.*))
                0x000000001fff0000                . = ALIGN (0x8)
                [!provide]                        PROVIDE (__end_noinit_RAM2 = .)
                [!provide]                        PROVIDE (__end_noinit_SRAM_LOWER = .)

.noinit_RAM3    0x0000000014000000        0x0
                [!provide]                        PROVIDE (__start_noinit_RAM3 = .)
                [!provide]                        PROVIDE (__start_noinit_FLEX_RAM = .)
 *(SORT_BY_ALIGNMENT(.noinit.$RAM3))
 *(SORT_BY_ALIGNMENT(.noinit.$FLEX_RAM))
 *(SORT_BY_ALIGNMENT(.noinit.$RAM3.*))
 *(SORT_BY_ALIGNMENT(.noinit.$FLEX_RAM.*))
                0x0000000014000000                . = ALIGN (0x8)
                [!provide]                        PROVIDE (__end_noinit_RAM3 = .)
                [!provide]                        PROVIDE (__end_noinit_FLEX_RAM = .)

.noinit         0x0000000020000108        0x0
                0x0000000020000108                _noinit = .
                [!provide]                        PROVIDE (__start_noinit_RAM = .)
                [!provide]                        PROVIDE (__start_noinit_SRAM_UPPER = .)
 *(SORT_BY_ALIGNMENT(.noinit*))
                0x0000000020000108                . = ALIGN (0x8)
                0x0000000020000108                _end_noinit = .
                [!provide]                        PROVIDE (__end_noinit_RAM = .)
                [!provide]                        PROVIDE (__end_noinit_SRAM_UPPER = .)
                0x0000000000001000                _HeapSize = 0x1000

.heap           0x0000000020000108     0x1000
                0x0000000020000108                _pvHeapStart = .
                0x0000000020001108                . = (. + _HeapSize)
 *fill*         0x0000000020000108     0x1000 
                0x0000000020001108                . = ALIGN (0x8)
                0x0000000020001108                _pvHeapLimit = .
                0x0000000000001000                _StackSize = 0x1000

.heap2stackfill
                0x0000000020001108     0x1000
                0x0000000020002108                . = (. + _StackSize)
 *fill*         0x0000000020001108     0x1000 

.stack          0x000000002002f000        0x0
                0x000000002002f000                _vStackBase = .
                0x000000002002f000                . = ALIGN (0x8)
                0x0000000020030000                _vStackTop = (. + _StackSize)
                0x0000000000000000                _image_start = LOADADDR (.text)
                0x0000000000004b50                _image_end = (LOADADDR (.data) + SIZEOF (.data))
                0x0000000000004b50                _image_size = (_image_end - _image_start)
OUTPUT(frdmk64f_ftm_dual_edge_capture.axf elf32-littlearm)
LOAD linker stubs

.debug_info     0x0000000000000000     0x94e1
 .debug_info    0x0000000000000000      0x23f ./utilities/fsl_assert.o
 .debug_info    0x000000000000023f      0x92e ./startup/startup_mk64f12.o
 .debug_info    0x0000000000000b6d     0x1324 ./source/ftm_dual_edge_capture.o
 .debug_info    0x0000000000001e91       0x3c ./source/semihost_hardfault.o
 .debug_info    0x0000000000001ecd     0x21e2 ./drivers/fsl_clock.o
 .debug_info    0x00000000000040af     0x16bb ./drivers/fsl_ftm.o
 .debug_info    0x000000000000576a     0x1de7 ./drivers/fsl_uart.o
 .debug_info    0x0000000000007551      0x69f ./device/system_MK64F12.o
 .debug_info    0x0000000000007bf0      0x64c ./board/board.o
 .debug_info    0x000000000000823c      0xc17 ./board/clock_config.o
 .debug_info    0x0000000000008e53      0x68e ./board/pin_mux.o

.debug_abbrev   0x0000000000000000     0x1594
 .debug_abbrev  0x0000000000000000       0xe2 ./utilities/fsl_assert.o
 .debug_abbrev  0x00000000000000e2      0x17a ./startup/startup_mk64f12.o
 .debug_abbrev  0x000000000000025c      0x285 ./source/ftm_dual_edge_capture.o
 .debug_abbrev  0x00000000000004e1       0x31 ./source/semihost_hardfault.o
 .debug_abbrev  0x0000000000000512      0x371 ./drivers/fsl_clock.o
 .debug_abbrev  0x0000000000000883      0x2c2 ./drivers/fsl_ftm.o
 .debug_abbrev  0x0000000000000b45      0x358 ./drivers/fsl_uart.o
 .debug_abbrev  0x0000000000000e9d      0x170 ./device/system_MK64F12.o
 .debug_abbrev  0x000000000000100d      0x199 ./board/board.o
 .debug_abbrev  0x00000000000011a6      0x233 ./board/clock_config.o
 .debug_abbrev  0x00000000000013d9      0x1bb ./board/pin_mux.o

.debug_aranges  0x0000000000000000      0x908
 .debug_aranges
                0x0000000000000000       0x20 ./utilities/fsl_assert.o
 .debug_aranges
                0x0000000000000020      0x330 ./startup/startup_mk64f12.o
 .debug_aranges
                0x0000000000000350       0x40 ./source/ftm_dual_edge_capture.o
 .debug_aranges
                0x0000000000000390       0x20 ./source/semihost_hardfault.o
 .debug_aranges
                0x00000000000003b0      0x1f8 ./drivers/fsl_clock.o
 .debug_aranges
                0x00000000000005a8       0xd8 ./drivers/fsl_ftm.o
 .debug_aranges
                0x0000000000000680      0x1a8 ./drivers/fsl_uart.o
 .debug_aranges
                0x0000000000000828       0x30 ./device/system_MK64F12.o
 .debug_aranges
                0x0000000000000858       0x28 ./board/board.o
 .debug_aranges
                0x0000000000000880       0x58 ./board/clock_config.o
 .debug_aranges
                0x00000000000008d8       0x30 ./board/pin_mux.o

.debug_ranges   0x0000000000000000      0x858
 .debug_ranges  0x0000000000000000       0x10 ./utilities/fsl_assert.o
 .debug_ranges  0x0000000000000010      0x320 ./startup/startup_mk64f12.o
 .debug_ranges  0x0000000000000330       0x30 ./source/ftm_dual_edge_capture.o
 .debug_ranges  0x0000000000000360       0x10 ./source/semihost_hardfault.o
 .debug_ranges  0x0000000000000370      0x1e8 ./drivers/fsl_clock.o
 .debug_ranges  0x0000000000000558       0xc8 ./drivers/fsl_ftm.o
 .debug_ranges  0x0000000000000620      0x198 ./drivers/fsl_uart.o
 .debug_ranges  0x00000000000007b8       0x20 ./device/system_MK64F12.o
 .debug_ranges  0x00000000000007d8       0x18 ./board/board.o
 .debug_ranges  0x00000000000007f0       0x48 ./board/clock_config.o
 .debug_ranges  0x0000000000000838       0x20 ./board/pin_mux.o

.debug_macro    0x0000000000000000    0x13029
 .debug_macro   0x0000000000000000      0x123 ./utilities/fsl_assert.o
 .debug_macro   0x0000000000000123      0xad8 ./utilities/fsl_assert.o
 .debug_macro   0x0000000000000bfb       0x10 ./utilities/fsl_assert.o
 .debug_macro   0x0000000000000c0b       0x1c ./utilities/fsl_assert.o
 .debug_macro   0x0000000000000c27       0x22 ./utilities/fsl_assert.o
 .debug_macro   0x0000000000000c49      0x12e ./utilities/fsl_assert.o
 .debug_macro   0x0000000000000d77      0x5b3 ./utilities/fsl_assert.o
 .debug_macro   0x000000000000132a       0x22 ./utilities/fsl_assert.o
 .debug_macro   0x000000000000134c       0x10 ./utilities/fsl_assert.o
 .debug_macro   0x000000000000135c       0x57 ./utilities/fsl_assert.o
 .debug_macro   0x00000000000013b3       0x1c ./utilities/fsl_assert.o
 .debug_macro   0x00000000000013cf       0x22 ./utilities/fsl_assert.o
 .debug_macro   0x00000000000013f1      0x101 ./utilities/fsl_assert.o
 .debug_macro   0x00000000000014f2      0xeeb ./utilities/fsl_assert.o
 .debug_macro   0x00000000000023dd       0x40 ./utilities/fsl_assert.o
 .debug_macro   0x000000000000241d     0xe977 ./utilities/fsl_assert.o
 .debug_macro   0x0000000000010d94     0x12c5 ./utilities/fsl_assert.o
 .debug_macro   0x0000000000012059      0x10f ./utilities/fsl_assert.o
 .debug_macro   0x0000000000012168      0x174 ./utilities/fsl_assert.o
 .debug_macro   0x00000000000122dc       0x1c ./utilities/fsl_assert.o
 .debug_macro   0x00000000000122f8       0x9a ./utilities/fsl_assert.o
 .debug_macro   0x0000000000012392       0x2e ./utilities/fsl_assert.o
 .debug_macro   0x00000000000123c0       0x29 ./startup/startup_mk64f12.o
 .debug_macro   0x00000000000123e9      0x19c ./source/ftm_dual_edge_capture.o
 .debug_macro   0x0000000000012585       0x1c ./source/ftm_dual_edge_capture.o
 .debug_macro   0x00000000000125a1       0x16 ./source/ftm_dual_edge_capture.o
 .debug_macro   0x00000000000125b7       0x16 ./source/ftm_dual_edge_capture.o
 .debug_macro   0x00000000000125cd      0x1ab ./source/ftm_dual_edge_capture.o
 .debug_macro   0x0000000000012778       0x10 ./source/ftm_dual_edge_capture.o
 .debug_macro   0x0000000000012788       0x11 ./source/semihost_hardfault.o
 .debug_macro   0x0000000000012799      0x1ce ./drivers/fsl_clock.o
 .debug_macro   0x0000000000012967      0x118 ./drivers/fsl_ftm.o
 .debug_macro   0x0000000000012a7f      0x11d ./drivers/fsl_uart.o
 .debug_macro   0x0000000000012b9c       0x10 ./drivers/fsl_uart.o
 .debug_macro   0x0000000000012bac       0x98 ./device/system_MK64F12.o
 .debug_macro   0x0000000000012c44      0x153 ./board/board.o
 .debug_macro   0x0000000000012d97       0x16 ./board/board.o
 .debug_macro   0x0000000000012dad      0x149 ./board/clock_config.o
 .debug_macro   0x0000000000012ef6      0x133 ./board/pin_mux.o

.debug_line     0x0000000000000000     0x5ae7
 .debug_line    0x0000000000000000      0x383 ./utilities/fsl_assert.o
 .debug_line    0x0000000000000383      0x90e ./startup/startup_mk64f12.o
 .debug_line    0x0000000000000c91      0x5c9 ./source/ftm_dual_edge_capture.o
 .debug_line    0x000000000000125a       0x59 ./source/semihost_hardfault.o
 .debug_line    0x00000000000012b3     0x14d0 ./drivers/fsl_clock.o
 .debug_line    0x0000000000002783      0xf2c ./drivers/fsl_ftm.o
 .debug_line    0x00000000000036af     0x13f6 ./drivers/fsl_uart.o
 .debug_line    0x0000000000004aa5      0x3f7 ./device/system_MK64F12.o
 .debug_line    0x0000000000004e9c      0x418 ./board/board.o
 .debug_line    0x00000000000052b4      0x462 ./board/clock_config.o
 .debug_line    0x0000000000005716      0x3d1 ./board/pin_mux.o

.debug_str      0x0000000000000000    0x80692
 .debug_str     0x0000000000000000    0x79da1 ./utilities/fsl_assert.o
                                      0x79e4b (size before relaxing)
 .debug_str     0x0000000000079da1      0x7e4 ./startup/startup_mk64f12.o
                                       0x3700 (size before relaxing)
 .debug_str     0x000000000007a585     0x2979 ./source/ftm_dual_edge_capture.o
                                      0x7c8e0 (size before relaxing)
 .debug_str     0x000000000007cefe       0x1f ./source/semihost_hardfault.o
                                       0x2e91 (size before relaxing)
 .debug_str     0x000000000007cf1d     0x19e4 ./drivers/fsl_clock.o
                                      0x7c1d7 (size before relaxing)
 .debug_str     0x000000000007e901      0x869 ./drivers/fsl_ftm.o
                                      0x7b5f7 (size before relaxing)
 .debug_str     0x000000000007f16a      0xebc ./drivers/fsl_uart.o
                                      0x7baab (size before relaxing)
 .debug_str     0x0000000000080026      0x117 ./device/system_MK64F12.o
                                      0x7844c (size before relaxing)
 .debug_str     0x000000000008013d       0x98 ./board/board.o
                                      0x7afc8 (size before relaxing)
 .debug_str     0x00000000000801d5      0x306 ./board/clock_config.o
                                      0x7ab50 (size before relaxing)
 .debug_str     0x00000000000804db      0x1b7 ./board/pin_mux.o
                                      0x79ff0 (size before relaxing)

.comment        0x0000000000000000       0x4c
 .comment       0x0000000000000000       0x4c ./utilities/fsl_assert.o
                                         0x4d (size before relaxing)
 .comment       0x000000000000004c       0x4d ./startup/startup_mk64f12.o
 .comment       0x000000000000004c       0x4d ./source/ftm_dual_edge_capture.o
 .comment       0x000000000000004c       0x4d ./source/semihost_hardfault.o
 .comment       0x000000000000004c       0x4d ./drivers/fsl_clock.o
 .comment       0x000000000000004c       0x4d ./drivers/fsl_ftm.o
 .comment       0x000000000000004c       0x4d ./drivers/fsl_uart.o
 .comment       0x000000000000004c       0x4d ./device/system_MK64F12.o
 .comment       0x000000000000004c       0x4d ./board/board.o
 .comment       0x000000000000004c       0x4d ./board/clock_config.o
 .comment       0x000000000000004c       0x4d ./board/pin_mux.o
 .comment       0x000000000000004c       0x4d /Applications/MCUXpressoIDE_11.3.0_5222/ide/plugins/com.nxp.mcuxpresso.tools.macosx_11.3.0.202011031536/tools/bin/../lib/gcc/arm-none-eabi/9.3.1/../../../../arm-none-eabi/lib/thumb/v7e-m+fp/hard/libcr_semihost_nf.a(_cr__main.o)
 .comment       0x000000000000004c       0x4d /Applications/MCUXpressoIDE_11.3.0_5222/ide/plugins/com.nxp.mcuxpresso.tools.macosx_11.3.0.202011031536/tools/bin/../lib/gcc/arm-none-eabi/9.3.1/../../../../arm-none-eabi/lib/thumb/v7e-m+fp/hard/libcr_c.a(memset.o)
 .comment       0x000000000000004c       0x4d /Applications/MCUXpressoIDE_11.3.0_5222/ide/plugins/com.nxp.mcuxpresso.tools.macosx_11.3.0.202011031536/tools/bin/../lib/gcc/arm-none-eabi/9.3.1/../../../../arm-none-eabi/lib/thumb/v7e-m+fp/hard/libcr_c.a(alloc.o)
 .comment       0x000000000000004c       0x4d /Applications/MCUXpressoIDE_11.3.0_5222/ide/plugins/com.nxp.mcuxpresso.tools.macosx_11.3.0.202011031536/tools/bin/../lib/gcc/arm-none-eabi/9.3.1/../../../../arm-none-eabi/lib/thumb/v7e-m+fp/hard/libcr_c.a(fpprintf.o)
 .comment       0x000000000000004c       0x4d /Applications/MCUXpressoIDE_11.3.0_5222/ide/plugins/com.nxp.mcuxpresso.tools.macosx_11.3.0.202011031536/tools/bin/../lib/gcc/arm-none-eabi/9.3.1/../../../../arm-none-eabi/lib/thumb/v7e-m+fp/hard/libcr_c.a(initio.o)
 .comment       0x000000000000004c       0x4d /Applications/MCUXpressoIDE_11.3.0_5222/ide/plugins/com.nxp.mcuxpresso.tools.macosx_11.3.0.202011031536/tools/bin/../lib/gcc/arm-none-eabi/9.3.1/../../../../arm-none-eabi/lib/thumb/v7e-m+fp/hard/libcr_c.a(printf.o)
 .comment       0x000000000000004c       0x4d /Applications/MCUXpressoIDE_11.3.0_5222/ide/plugins/com.nxp.mcuxpresso.tools.macosx_11.3.0.202011031536/tools/bin/../lib/gcc/arm-none-eabi/9.3.1/../../../../arm-none-eabi/lib/thumb/v7e-m+fp/hard/libcr_c.a(setvbuf.o)
 .comment       0x000000000000004c       0x4d /Applications/MCUXpressoIDE_11.3.0_5222/ide/plugins/com.nxp.mcuxpresso.tools.macosx_11.3.0.202011031536/tools/bin/../lib/gcc/arm-none-eabi/9.3.1/../../../../arm-none-eabi/lib/thumb/v7e-m+fp/hard/libcr_c.a(strlen.o)
 .comment       0x000000000000004c       0x4d /Applications/MCUXpressoIDE_11.3.0_5222/ide/plugins/com.nxp.mcuxpresso.tools.macosx_11.3.0.202011031536/tools/bin/../lib/gcc/arm-none-eabi/9.3.1/../../../../arm-none-eabi/lib/thumb/v7e-m+fp/hard/libcr_c.a(__init_alloc.o)
 .comment       0x000000000000004c       0x4d /Applications/MCUXpressoIDE_11.3.0_5222/ide/plugins/com.nxp.mcuxpresso.tools.macosx_11.3.0.202011031536/tools/bin/../lib/gcc/arm-none-eabi/9.3.1/../../../../arm-none-eabi/lib/thumb/v7e-m+fp/hard/libcr_c.a(_cr_sbrk.o)
 .comment       0x000000000000004c       0x4d /Applications/MCUXpressoIDE_11.3.0_5222/ide/plugins/com.nxp.mcuxpresso.tools.macosx_11.3.0.202011031536/tools/bin/../lib/gcc/arm-none-eabi/9.3.1/../../../../arm-none-eabi/lib/thumb/v7e-m+fp/hard/libcr_c.a(_deferredlazyseek.o)
 .comment       0x000000000000004c       0x4d /Applications/MCUXpressoIDE_11.3.0_5222/ide/plugins/com.nxp.mcuxpresso.tools.macosx_11.3.0.202011031536/tools/bin/../lib/gcc/arm-none-eabi/9.3.1/../../../../arm-none-eabi/lib/thumb/v7e-m+fp/hard/libcr_c.a(_fdopen.o)
 .comment       0x000000000000004c       0x4d /Applications/MCUXpressoIDE_11.3.0_5222/ide/plugins/com.nxp.mcuxpresso.tools.macosx_11.3.0.202011031536/tools/bin/../lib/gcc/arm-none-eabi/9.3.1/../../../../arm-none-eabi/lib/thumb/v7e-m+fp/hard/libcr_c.a(_fflush.o)
 .comment       0x000000000000004c       0x4d /Applications/MCUXpressoIDE_11.3.0_5222/ide/plugins/com.nxp.mcuxpresso.tools.macosx_11.3.0.202011031536/tools/bin/../lib/gcc/arm-none-eabi/9.3.1/../../../../arm-none-eabi/lib/thumb/v7e-m+fp/hard/libcr_c.a(_frexpl.o)
 .comment       0x000000000000004c       0x4d /Applications/MCUXpressoIDE_11.3.0_5222/ide/plugins/com.nxp.mcuxpresso.tools.macosx_11.3.0.202011031536/tools/bin/../lib/gcc/arm-none-eabi/9.3.1/../../../../arm-none-eabi/lib/thumb/v7e-m+fp/hard/libcr_c.a(_ldexpl.o)
 .comment       0x000000000000004c       0x4d /Applications/MCUXpressoIDE_11.3.0_5222/ide/plugins/com.nxp.mcuxpresso.tools.macosx_11.3.0.202011031536/tools/bin/../lib/gcc/arm-none-eabi/9.3.1/../../../../arm-none-eabi/lib/thumb/v7e-m+fp/hard/libcr_c.a(_writebuf.o)
 .comment       0x000000000000004c       0x4d /Applications/MCUXpressoIDE_11.3.0_5222/ide/plugins/com.nxp.mcuxpresso.tools.macosx_11.3.0.202011031536/tools/bin/../lib/gcc/arm-none-eabi/9.3.1/../../../../arm-none-eabi/lib/thumb/v7e-m+fp/hard/libcr_c.a(errno.o)
 .comment       0x000000000000004c       0x4d /Applications/MCUXpressoIDE_11.3.0_5222/ide/plugins/com.nxp.mcuxpresso.tools.macosx_11.3.0.202011031536/tools/bin/../lib/gcc/arm-none-eabi/9.3.1/../../../../arm-none-eabi/lib/thumb/v7e-m+fp/hard/libcr_c.a(fclose.o)
 .comment       0x000000000000004c       0x4d /Applications/MCUXpressoIDE_11.3.0_5222/ide/plugins/com.nxp.mcuxpresso.tools.macosx_11.3.0.202011031536/tools/bin/../lib/gcc/arm-none-eabi/9.3.1/../../../../arm-none-eabi/lib/thumb/v7e-m+fp/hard/libcr_c.a(fflush.o)
 .comment       0x000000000000004c       0x4d /Applications/MCUXpressoIDE_11.3.0_5222/ide/plugins/com.nxp.mcuxpresso.tools.macosx_11.3.0.202011031536/tools/bin/../lib/gcc/arm-none-eabi/9.3.1/../../../../arm-none-eabi/lib/thumb/v7e-m+fp/hard/libcr_c.a(fseek.o)
 .comment       0x000000000000004c       0x4d /Applications/MCUXpressoIDE_11.3.0_5222/ide/plugins/com.nxp.mcuxpresso.tools.macosx_11.3.0.202011031536/tools/bin/../lib/gcc/arm-none-eabi/9.3.1/../../../../arm-none-eabi/lib/thumb/v7e-m+fp/hard/libcr_c.a(ftell.o)
 .comment       0x000000000000004c       0x4d /Applications/MCUXpressoIDE_11.3.0_5222/ide/plugins/com.nxp.mcuxpresso.tools.macosx_11.3.0.202011031536/tools/bin/../lib/gcc/arm-none-eabi/9.3.1/../../../../arm-none-eabi/lib/thumb/v7e-m+fp/hard/libcr_c.a(remove.o)
 .comment       0x000000000000004c       0x4d /Applications/MCUXpressoIDE_11.3.0_5222/ide/plugins/com.nxp.mcuxpresso.tools.macosx_11.3.0.202011031536/tools/bin/../lib/gcc/arm-none-eabi/9.3.1/../../../../arm-none-eabi/lib/thumb/v7e-m+fp/hard/libcr_c.a(_cr_check_heap.o)
 .comment       0x000000000000004c       0x4d /Applications/MCUXpressoIDE_11.3.0_5222/ide/plugins/com.nxp.mcuxpresso.tools.macosx_11.3.0.202011031536/tools/bin/../lib/gcc/arm-none-eabi/9.3.1/../../../../arm-none-eabi/lib/thumb/v7e-m+fp/hard/libcr_c.a(_do_fflush.o)
 .comment       0x000000000000004c       0x4d /Applications/MCUXpressoIDE_11.3.0_5222/ide/plugins/com.nxp.mcuxpresso.tools.macosx_11.3.0.202011031536/tools/bin/../lib/gcc/arm-none-eabi/9.3.1/thumb/v7e-m+fp/hard/libcr_eabihelpers.a(double.o)
 .comment       0x000000000000004c       0x4d /Applications/MCUXpressoIDE_11.3.0_5222/ide/plugins/com.nxp.mcuxpresso.tools.macosx_11.3.0.202011031536/tools/bin/../lib/gcc/arm-none-eabi/9.3.1/thumb/v7e-m+fp/hard/libcr_eabihelpers.a(float.o)
 .comment       0x000000000000004c       0x4d /Applications/MCUXpressoIDE_11.3.0_5222/ide/plugins/com.nxp.mcuxpresso.tools.macosx_11.3.0.202011031536/tools/bin/../lib/gcc/arm-none-eabi/9.3.1/../../../../arm-none-eabi/lib/thumb/v7e-m+fp/hard/libcr_semihost_nf.a(__ciob.o)

.ARM.attributes
                0x0000000000000000       0x32
 .ARM.attributes
                0x0000000000000000       0x34 ./utilities/fsl_assert.o
 .ARM.attributes
                0x0000000000000034       0x34 ./startup/startup_mk64f12.o
 .ARM.attributes
                0x0000000000000068       0x34 ./source/ftm_dual_edge_capture.o
 .ARM.attributes
                0x000000000000009c       0x34 ./source/semihost_hardfault.o
 .ARM.attributes
                0x00000000000000d0       0x34 ./drivers/fsl_clock.o
 .ARM.attributes
                0x0000000000000104       0x34 ./drivers/fsl_ftm.o
 .ARM.attributes
                0x0000000000000138       0x34 ./drivers/fsl_uart.o
 .ARM.attributes
                0x000000000000016c       0x34 ./device/system_MK64F12.o
 .ARM.attributes
                0x00000000000001a0       0x34 ./board/board.o
 .ARM.attributes
                0x00000000000001d4       0x34 ./board/clock_config.o
 .ARM.attributes
                0x0000000000000208       0x34 ./board/pin_mux.o
 .ARM.attributes
                0x000000000000023c       0x34 /Applications/MCUXpressoIDE_11.3.0_5222/ide/plugins/com.nxp.mcuxpresso.tools.macosx_11.3.0.202011031536/tools/bin/../lib/gcc/arm-none-eabi/9.3.1/../../../../arm-none-eabi/lib/thumb/v7e-m+fp/hard/libcr_semihost_nf.a(_cr__main.o)
 .ARM.attributes
                0x0000000000000270       0x34 /Applications/MCUXpressoIDE_11.3.0_5222/ide/plugins/com.nxp.mcuxpresso.tools.macosx_11.3.0.202011031536/tools/bin/../lib/gcc/arm-none-eabi/9.3.1/../../../../arm-none-eabi/lib/thumb/v7e-m+fp/hard/libcr_c.a(memset.o)
 .ARM.attributes
                0x00000000000002a4       0x34 /Applications/MCUXpressoIDE_11.3.0_5222/ide/plugins/com.nxp.mcuxpresso.tools.macosx_11.3.0.202011031536/tools/bin/../lib/gcc/arm-none-eabi/9.3.1/../../../../arm-none-eabi/lib/thumb/v7e-m+fp/hard/libcr_c.a(alloc.o)
 .ARM.attributes
                0x00000000000002d8       0x34 /Applications/MCUXpressoIDE_11.3.0_5222/ide/plugins/com.nxp.mcuxpresso.tools.macosx_11.3.0.202011031536/tools/bin/../lib/gcc/arm-none-eabi/9.3.1/../../../../arm-none-eabi/lib/thumb/v7e-m+fp/hard/libcr_c.a(fpprintf.o)
 .ARM.attributes
                0x000000000000030c       0x34 /Applications/MCUXpressoIDE_11.3.0_5222/ide/plugins/com.nxp.mcuxpresso.tools.macosx_11.3.0.202011031536/tools/bin/../lib/gcc/arm-none-eabi/9.3.1/../../../../arm-none-eabi/lib/thumb/v7e-m+fp/hard/libcr_c.a(initio.o)
 .ARM.attributes
                0x0000000000000340       0x34 /Applications/MCUXpressoIDE_11.3.0_5222/ide/plugins/com.nxp.mcuxpresso.tools.macosx_11.3.0.202011031536/tools/bin/../lib/gcc/arm-none-eabi/9.3.1/../../../../arm-none-eabi/lib/thumb/v7e-m+fp/hard/libcr_c.a(printf.o)
 .ARM.attributes
                0x0000000000000374       0x34 /Applications/MCUXpressoIDE_11.3.0_5222/ide/plugins/com.nxp.mcuxpresso.tools.macosx_11.3.0.202011031536/tools/bin/../lib/gcc/arm-none-eabi/9.3.1/../../../../arm-none-eabi/lib/thumb/v7e-m+fp/hard/libcr_c.a(setvbuf.o)
 .ARM.attributes
                0x00000000000003a8       0x34 /Applications/MCUXpressoIDE_11.3.0_5222/ide/plugins/com.nxp.mcuxpresso.tools.macosx_11.3.0.202011031536/tools/bin/../lib/gcc/arm-none-eabi/9.3.1/../../../../arm-none-eabi/lib/thumb/v7e-m+fp/hard/libcr_c.a(strlen.o)
 .ARM.attributes
                0x00000000000003dc       0x34 /Applications/MCUXpressoIDE_11.3.0_5222/ide/plugins/com.nxp.mcuxpresso.tools.macosx_11.3.0.202011031536/tools/bin/../lib/gcc/arm-none-eabi/9.3.1/../../../../arm-none-eabi/lib/thumb/v7e-m+fp/hard/libcr_c.a(__init_alloc.o)
 .ARM.attributes
                0x0000000000000410       0x34 /Applications/MCUXpressoIDE_11.3.0_5222/ide/plugins/com.nxp.mcuxpresso.tools.macosx_11.3.0.202011031536/tools/bin/../lib/gcc/arm-none-eabi/9.3.1/../../../../arm-none-eabi/lib/thumb/v7e-m+fp/hard/libcr_c.a(_cr_sbrk.o)
 .ARM.attributes
                0x0000000000000444       0x34 /Applications/MCUXpressoIDE_11.3.0_5222/ide/plugins/com.nxp.mcuxpresso.tools.macosx_11.3.0.202011031536/tools/bin/../lib/gcc/arm-none-eabi/9.3.1/../../../../arm-none-eabi/lib/thumb/v7e-m+fp/hard/libcr_c.a(_deferredlazyseek.o)
 .ARM.attributes
                0x0000000000000478       0x34 /Applications/MCUXpressoIDE_11.3.0_5222/ide/plugins/com.nxp.mcuxpresso.tools.macosx_11.3.0.202011031536/tools/bin/../lib/gcc/arm-none-eabi/9.3.1/../../../../arm-none-eabi/lib/thumb/v7e-m+fp/hard/libcr_c.a(_fdopen.o)
 .ARM.attributes
                0x00000000000004ac       0x34 /Applications/MCUXpressoIDE_11.3.0_5222/ide/plugins/com.nxp.mcuxpresso.tools.macosx_11.3.0.202011031536/tools/bin/../lib/gcc/arm-none-eabi/9.3.1/../../../../arm-none-eabi/lib/thumb/v7e-m+fp/hard/libcr_c.a(_fflush.o)
 .ARM.attributes
                0x00000000000004e0       0x34 /Applications/MCUXpressoIDE_11.3.0_5222/ide/plugins/com.nxp.mcuxpresso.tools.macosx_11.3.0.202011031536/tools/bin/../lib/gcc/arm-none-eabi/9.3.1/../../../../arm-none-eabi/lib/thumb/v7e-m+fp/hard/libcr_c.a(_frexpl.o)
 .ARM.attributes
                0x0000000000000514       0x34 /Applications/MCUXpressoIDE_11.3.0_5222/ide/plugins/com.nxp.mcuxpresso.tools.macosx_11.3.0.202011031536/tools/bin/../lib/gcc/arm-none-eabi/9.3.1/../../../../arm-none-eabi/lib/thumb/v7e-m+fp/hard/libcr_c.a(_ldexpl.o)
 .ARM.attributes
                0x0000000000000548       0x34 /Applications/MCUXpressoIDE_11.3.0_5222/ide/plugins/com.nxp.mcuxpresso.tools.macosx_11.3.0.202011031536/tools/bin/../lib/gcc/arm-none-eabi/9.3.1/../../../../arm-none-eabi/lib/thumb/v7e-m+fp/hard/libcr_c.a(_writebuf.o)
 .ARM.attributes
                0x000000000000057c       0x39 /Applications/MCUXpressoIDE_11.3.0_5222/ide/plugins/com.nxp.mcuxpresso.tools.macosx_11.3.0.202011031536/tools/bin/../lib/gcc/arm-none-eabi/9.3.1/../../../../arm-none-eabi/lib/thumb/v7e-m+fp/hard/libcr_c.a(errno.o)
 .ARM.attributes
                0x00000000000005b5       0x34 /Applications/MCUXpressoIDE_11.3.0_5222/ide/plugins/com.nxp.mcuxpresso.tools.macosx_11.3.0.202011031536/tools/bin/../lib/gcc/arm-none-eabi/9.3.1/../../../../arm-none-eabi/lib/thumb/v7e-m+fp/hard/libcr_c.a(fclose.o)
 .ARM.attributes
                0x00000000000005e9       0x34 /Applications/MCUXpressoIDE_11.3.0_5222/ide/plugins/com.nxp.mcuxpresso.tools.macosx_11.3.0.202011031536/tools/bin/../lib/gcc/arm-none-eabi/9.3.1/../../../../arm-none-eabi/lib/thumb/v7e-m+fp/hard/libcr_c.a(fflush.o)
 .ARM.attributes
                0x000000000000061d       0x34 /Applications/MCUXpressoIDE_11.3.0_5222/ide/plugins/com.nxp.mcuxpresso.tools.macosx_11.3.0.202011031536/tools/bin/../lib/gcc/arm-none-eabi/9.3.1/../../../../arm-none-eabi/lib/thumb/v7e-m+fp/hard/libcr_c.a(fseek.o)
 .ARM.attributes
                0x0000000000000651       0x34 /Applications/MCUXpressoIDE_11.3.0_5222/ide/plugins/com.nxp.mcuxpresso.tools.macosx_11.3.0.202011031536/tools/bin/../lib/gcc/arm-none-eabi/9.3.1/../../../../arm-none-eabi/lib/thumb/v7e-m+fp/hard/libcr_c.a(ftell.o)
 .ARM.attributes
                0x0000000000000685       0x34 /Applications/MCUXpressoIDE_11.3.0_5222/ide/plugins/com.nxp.mcuxpresso.tools.macosx_11.3.0.202011031536/tools/bin/../lib/gcc/arm-none-eabi/9.3.1/../../../../arm-none-eabi/lib/thumb/v7e-m+fp/hard/libcr_c.a(remove.o)
 .ARM.attributes
                0x00000000000006b9       0x34 /Applications/MCUXpressoIDE_11.3.0_5222/ide/plugins/com.nxp.mcuxpresso.tools.macosx_11.3.0.202011031536/tools/bin/../lib/gcc/arm-none-eabi/9.3.1/../../../../arm-none-eabi/lib/thumb/v7e-m+fp/hard/libcr_c.a(_cr_check_heap.o)
 .ARM.attributes
                0x00000000000006ed       0x34 /Applications/MCUXpressoIDE_11.3.0_5222/ide/plugins/com.nxp.mcuxpresso.tools.macosx_11.3.0.202011031536/tools/bin/../lib/gcc/arm-none-eabi/9.3.1/../../../../arm-none-eabi/lib/thumb/v7e-m+fp/hard/libcr_c.a(_do_fflush.o)
 .ARM.attributes