fsl_clock.h:725:20:CLOCK_EnableClock	24	static
fsl_gpio.h:162:20:GPIO_PinWrite	24	static
fsl_port.h:271:20:PORT_SetPinConfig	32	static
rtos.c:99:6:rtos_start_scheduler	8	static
rtos.c:115:20:rtos_create_task	16	static
rtos.c:150:13:rtos_get_clock	4	static
rtos.c:156:6:rtos_delay	16	static
rtos.c:163:6:rtos_suspend_task	8	static
rtos.c:169:6:rtos_activate_task	16	static
rtos.c:179:13:reload_systick	16	static
rtos.c:186:13:dispatcher	24	static
rtos.c:241:13:activate_waiting_tasks	16	static
rtos.c:262:13:idle_task	4	static
rtos.c:274:6:SysTick_Handler	16	static
rtos.c:286:6:PendSV_Handler	4	static
rtos.c:300:13:init_is_alive	16	static
rtos.c:316:13:refresh_is_alive	16	static
