LED.c:212:6:LED_Init	8	static
LED.c:242:6:LED_UnInit	16	static
LED.c:271:6:LED_Operate	16	static
LED.c:333:6:LED_TurnOnLed	16	static
LED.c:347:6:LED_TurnOffLed	16	static
LED.c:361:6:LED_ToggleLed	16	static
LED.c:375:6:LED_TurnOffAllLeds	8	static
LED.c:389:6:LED_TurnOnAllLeds	8	static
LED.c:403:6:LED_StopFlashingAllLeds	8	static
LED.c:415:6:LED_StartBlip	24	static
LED.c:442:6:LED_StopFlash	16	static
LED.c:468:6:LED_SetHex	16	static
LED.c:484:6:LED_SetLed	16	static
LED.c:550:6:LED_SetRgbLed	24	static
LED.c:595:8:LED_RgbDimOut	8	static
LED.c:611:8:LED_RgbDimIn	8	static
LED.c:626:6:LED_RgbSetDimInterval	16	static
LED.c:646:6:LED_StartFlashWithPeriod	16	static
LED.c:672:6:LED_StartSerialFlashWithPeriod	16	static
LED.c:709:6:LED_StopSerialFlash	8	static
LED.c:736:6:LED_StartColorWheel	16	static
LED.c:764:13:LED_GpioSet	16	static
LED.c:875:13:LED_DecrementBlip	16	static
LED.c:907:13:LED_FlashTimeout	16	static
