GPIO.c:29:6:GPIO_callback_init	16	static
GPIO.c:53:6:PORTA_IRQHandler	8	static
GPIO.c:66:6:PORTC_IRQHandler	8	static
GPIO.c:81:6:GPIO_clear_irq_status	16	static
GPIO.c:104:9:GPIO_get_irq_status	24	static
GPIO.c:131:6:GPIO_clear_interrupt	16	static
GPIO.c:154:9:GPIO_clock_gating	16	static
GPIO.c:181:9:GPIO_pin_control_register	16	static
GPIO.c:209:6:GPIO_write_port	16	static
GPIO.c:236:10:GPIO_read_port	24	static
GPIO.c:264:9:GPIO_read_pin	32	static
GPIO.c:304:6:GPIO_set_pin	24	static
GPIO.c:335:6:GPIO_clear_pin	24	static
GPIO.c:364:6:GPIO_toogle_pin	24	static
GPIO.c:394:6:GPIO_data_direction_port	16	static
GPIO.c:422:6:GPIO_data_direction_pin	24	static
