RGB_set.c:25:6:RGB_set_GREEN	8	static
RGB_set.c:33:6:RGB_set_BLUE	8	static
RGB_set.c:41:6:RGB_set_PURPLE	8	static
RGB_set.c:49:6:RGB_set_RED	8	static
RGB_set.c:57:6:RGB_set_YELLOW	8	static
RGB_set.c:64:6:RGB_set_CIAN	8	static
RGB_set.c:72:6:RGB_set_WHITE	8	static
RGB_set.c:80:6:RGB_set_OFF	8	static
RGB_set.c:89:6:start_sequence	8	static
RGB_set.c:114:6:color_sequence	8	static
RGB_set.c:147:6:disable_color_count	4	static
RGB_set.c:151:6:color_count	8	static
RGB_set.c:160:6:RGB_blink	8	static
RGB_set.c:187:6:blink_delay	8	static
