GPIO.c:29:6:GPIO_callback_init	16	static
GPIO.c:53:6:PORTA_IRQHandler	8	static
GPIO.c:66:6:PORTB_IRQHandler	8	static
GPIO.c:78:6:PORTC_IRQHandler	8	static
GPIO.c:93:6:GPIO_clear_irq_status	16	static
GPIO.c:116:9:GPIO_get_irq_status	24	static
GPIO.c:143:6:GPIO_clear_interrupt	16	static
GPIO.c:166:9:GPIO_clock_gating	16	static
GPIO.c:193:9:GPIO_pin_control_register	16	static
GPIO.c:221:6:GPIO_write_port	16	static
GPIO.c:248:10:GPIO_read_port	24	static
GPIO.c:276:9:GPIO_read_pin	32	static
GPIO.c:316:6:GPIO_set_pin	24	static
GPIO.c:347:6:GPIO_clear_pin	24	static
GPIO.c:376:6:GPIO_toogle_pin	24	static
GPIO.c:406:6:GPIO_data_direction_port	16	static
GPIO.c:434:6:GPIO_data_direction_pin	24	static
