core_cm4.h:1679:22:__NVIC_EnableIRQ	16	static
core_cm4.h:1809:22:__NVIC_SetPriority	16	static
fsl_common_arm.h:488:24:EnableIRQ	24	static
fsl_sysmpu.h:268:20:SYSMPU_Enable	16	static
virtual_com.c:121:6:USBHS_IRQHandler	8	static
virtual_com.c:138:6:USB_DeviceClockInit	16	static
virtual_com.c:170:6:USB_DeviceIsrEnable	16	static
virtual_com.c:207:14:USB_DeviceCdcVcomCallback	48	static
virtual_com.c:470:14:USB_DeviceCallback	40	static
virtual_com.c:596:6:USB_DeviceApplicationInit	8	static
virtual_com.c:649:6:APPTask	32	static
virtual_com.c:744:5:main	16	static
