core_cm4.h:1679:22:__NVIC_EnableIRQ	16	static
core_cm4.h:1809:22:__NVIC_SetPriority	16	static
fsl_common_arm.h:488:24:EnableIRQ	24	static
fsl_sysmpu.h:268:20:SYSMPU_Enable	16	static
virtual_com.c:159:6:USBHS_IRQHandler	8	static
virtual_com.c:176:6:USB_DeviceClockInit	16	static
virtual_com.c:208:6:USB_DeviceIsrEnable	16	static
virtual_com.c:245:14:USB_DeviceCdcVcomCallback	48	static
virtual_com.c:508:14:USB_DeviceCallback	40	static
virtual_com.c:634:6:USB_DeviceApplicationInit	8	static
virtual_com.c:687:6:APPTask	32	static
virtual_com.c:785:5:main	16	static
virtual_com.c:813:6:task_init	24	static
virtual_com.c:826:6:data_receive	136	static
virtual_com.c:892:6:task_send	64	static
virtual_com.c:933:6:task_calibrate	160	static
