GPIO.c:25:6:GPIO_callback_init	16	static
GPIO.c:33:6:PORTC_IRQHandler	8	static
GPIO.c:60:6:GPIO_clear_irq_status	16	static
GPIO.c:83:9:GPIO_get_irq_status	24	static
GPIO.c:110:6:GPIO_clear_interrupt	16	static
GPIO.c:133:9:GPIO_clock_gating	16	static
GPIO.c:160:9:GPIO_pin_control_register	16	static
GPIO.c:188:6:GPIO_write_port	16	static
GPIO.c:215:10:GPIO_read_port	24	static
GPIO.c:243:9:GPIO_read_pin	32	static
GPIO.c:283:6:GPIO_set_pin	24	static
GPIO.c:314:6:GPIO_clear_pin	24	static
GPIO.c:343:6:GPIO_toogle_pin	24	static
GPIO.c:373:6:GPIO_data_direction_port	16	static
GPIO.c:401:6:GPIO_data_direction_pin	24	static
