fsl_clock.h:725:20:CLOCK_EnableClock	24	static
fsl_gpio.h:162:20:GPIO_PinWrite	24	static
fsl_port.h:271:20:PORT_SetPinConfig	32	static
rtos.c:96:6:rtos_start_scheduler	8	static
rtos.c:114:20:rtos_create_task	16	static
rtos.c:128:13:rtos_get_clock	4	static
rtos.c:133:6:rtos_delay	16	static
rtos.c:140:6:rtos_suspend_task	8	static
rtos.c:146:6:rtos_activate_task	16	static
rtos.c:156:13:reload_systick	16	static
rtos.c:163:13:dispatcher	24	static
rtos.c:216:13:activate_waiting_tasks	16	static
rtos.c:237:13:idle_task	4	static
rtos.c:249:6:SysTick_Handler	16	static
rtos.c:261:6:PendSV_Handler	4	static
rtos.c:275:13:init_is_alive	16	static
rtos.c:291:13:refresh_is_alive	16	static
