fsl_clock.h:580:20:CLOCK_EnableClock	24	static
fsl_clock.h:591:20:CLOCK_DisableClock	24	static
fsl_clock.h:612:20:CLOCK_SetLpuartClock	16	static
fsl_clock.h:622:20:CLOCK_SetTpmClock	16	static
fsl_clock.h:725:20:CLOCK_SetSimSafeDivs	8	static
fsl_clock.h:946:20:CLOCK_SetXtal0Freq	16	static
fsl_clock.h:957:20:CLOCK_SetXtal32Freq	16	static
fsl_smc.h:283:20:SMC_SetPowerModeProtection	16	static
fsl_smc.h:302:33:SMC_GetPowerModeState	16	static
fsl_rtc.h:336:20:RTC_SetOscCapLoad	24	static
clock_config.c:74:13:CLOCK_CONFIG_FllStableDelay	16	static
clock_config.c:89:13:CLOCK_CONFIG_SetRtcClock	8	static
clock_config.c:112:13:CLOCK_CONFIG_EnableRtcOsc	16	static
clock_config.c:132:6:BOARD_RfOscInit	16	static
clock_config.c:175:6:BOARD_InitOsc0	16	static
clock_config.c:191:6:BOARD_InitBootClocks	8	static
clock_config.c:256:6:BOARD_BootClockRUN	24	static
clock_config.c:334:6:BOARD_BootClockVLPR	8	static
