fsl_gpio.h:162:20:GPIO_PinWrite	24	static
fsl_gpio.h:191:20:GPIO_PortSet	16	static
fsl_gpio.h:206:20:GPIO_PortClear	16	static
lwip_mqtt_freertos.c:167:13:mqtt_topic_subscribed_cb	24	static
lwip_mqtt_freertos.c:184:13:mqtt_incoming_publish_cb	24	static
lwip_mqtt_freertos.c:194:13:mqtt_incoming_data_cb	24	static
lwip_mqtt_freertos.c:347:13:mqtt_subscribe_topics	40	static
lwip_mqtt_freertos.c:375:13:mqtt_connection_cb	32	static
lwip_mqtt_freertos.c:421:13:connect_to_mqtt	24	static
lwip_mqtt_freertos.c:434:13:mqtt_message_published_cb	24	static
lwip_mqtt_freertos.c:451:13:publish_message	48	static
lwip_mqtt_freertos.c:469:13:publish_message_KA	48	static
lwip_mqtt_freertos.c:483:13:publish_message_KA_OFF	48	static
lwip_mqtt_freertos.c:498:13:app_thread	32	static
lwip_mqtt_freertos.c:578:13:generate_client_id	48	static
lwip_mqtt_freertos.c:601:13:stack_init	56	static
lwip_mqtt_freertos.c:653:8:flexcan_callback	24	static
lwip_mqtt_freertos.c:681:5:main	40	static
lwip_mqtt_freertos.c:737:6:CAN_Rx_KA	24	static
lwip_mqtt_freertos.c:783:6:Delay_Task	24	static
