core_cm4.h:1809:22:__NVIC_SetPriority	16	static
fsl_clock.h:725:20:CLOCK_EnableClock	24	static
fsl_gpio.h:191:20:GPIO_PortSet	16	static
fsl_gpio.h:206:20:GPIO_PortClear	16	static
fsl_port.h:374:20:PORT_SetPinMux	24	static
main.c:70:5:main	16	static
main.c:144:6:rtosReloadSysTick	16	static
main.c:150:6:PendSV_Handler	4	static
main.c:159:6:SysTick_Handler	8	static
main.c:173:6:delay_check	16	static
main.c:190:6:task0	8	static
main.c:202:6:task1	8	static
main.c:214:6:task2	8	static
main.c:226:6:idletask	4	static
main.c:231:6:rtosStart	8	static
main.c:242:6:delay_set	16	static
main.c:250:6:scheduler	24	static
