fsl_os_abstraction_free_rtos.c:122:6:startup_task	16	static
fsl_os_abstraction_free_rtos.c:134:13:OSA_TaskGetId	8	static
fsl_os_abstraction_free_rtos.c:146:13:OSA_TaskYield	8	static
fsl_os_abstraction_free_rtos.c:158:19:OSA_TaskGetPriority	16	static
fsl_os_abstraction_free_rtos.c:169:13:OSA_TaskSetPriority	16	static
fsl_os_abstraction_free_rtos.c:184:13:OSA_TaskCreate	40	static
fsl_os_abstraction_free_rtos.c:211:13:OSA_TaskDestroy	32	static
fsl_os_abstraction_free_rtos.c:235:6:OSA_TimeDelay	16	static
fsl_os_abstraction_free_rtos.c:245:10:OSA_TimeGetMsec	16	static
fsl_os_abstraction_free_rtos.c:267:18:OSA_SemaphoreCreate	24	static
fsl_os_abstraction_free_rtos.c:287:13:OSA_SemaphoreDestroy	24	static
fsl_os_abstraction_free_rtos.c:316:13:OSA_SemaphoreWait	24	static
fsl_os_abstraction_free_rtos.c:360:13:OSA_SemaphorePost	32	static
fsl_os_abstraction_free_rtos.c:411:14:OSA_MutexCreate	16	static
fsl_os_abstraction_free_rtos.c:432:13:OSA_MutexLock	32	static
fsl_os_abstraction_free_rtos.c:478:13:OSA_MutexUnlock	32	static
fsl_os_abstraction_free_rtos.c:513:13:OSA_MutexDestroy	24	static
fsl_os_abstraction_free_rtos.c:536:14:OSA_EventCreate	24	static
fsl_os_abstraction_free_rtos.c:575:13:OSA_EventSet	32	static
fsl_os_abstraction_free_rtos.c:620:13:OSA_EventClear	24	static
fsl_os_abstraction_free_rtos.c:667:13:OSA_EventWait	56	static
fsl_os_abstraction_free_rtos.c:734:13:OSA_EventDestroy	24	static
fsl_os_abstraction_free_rtos.c:766:13:OSA_MsgQCreate	16	static
fsl_os_abstraction_free_rtos.c:788:13:OSA_MsgQPut	16	static
fsl_os_abstraction_free_rtos.c:843:13:OSA_MsgQGet	24	static
fsl_os_abstraction_free_rtos.c:886:13:OSA_MsgQDestroy	16	static
fsl_os_abstraction_free_rtos.c:909:6:OSA_InterruptEnable	16	static
fsl_os_abstraction_free_rtos.c:932:6:OSA_InterruptDisable	24	static
fsl_os_abstraction_free_rtos.c:957:6:OSA_EnableIRQGlobal	8	static
fsl_os_abstraction_free_rtos.c:977:6:OSA_DisableIRQGlobal	8	static
fsl_os_abstraction_free_rtos.c:992:6:OSA_InstallIntHandler	16	static
fsl_os_abstraction_free_rtos.c:1010:5:main	8	static
fsl_os_abstraction_free_rtos.c:1034:14:osObjectAlloc	24	static
fsl_os_abstraction_free_rtos.c:1065:15:osObjectIsAllocated	24	static
fsl_os_abstraction_free_rtos.c:1099:13:osObjectFree	24	static
