GPIO.c:27:9:GPIO_clock_gating	16	static
GPIO.c:73:9:GPIO_pin_control_register	16	static
GPIO.c:118:6:GPIO_write_port	16	static
GPIO.c:164:10:GPIO_read_port	16	static
GPIO.c:210:9:GPIO_read_pin	16	static
GPIO.c:263:6:GPIO_set_pin	16	static
GPIO.c:309:6:GPIO_clear_pin	16	static
GPIO.c:355:6:GPIO_toogle_pin	16	static
GPIO.c:401:6:GPIO_data_direction_port	16	static
GPIO.c:447:6:GPIO_data_direction_pin	16	static
GPIO.c:493:6:SW3_init	16	static
GPIO.c:503:6:SW2_init	16	static
GPIO.c:513:6:external_leds_init	16	static
GPIO.c:528:6:GPIO_callback_init	16	static
GPIO.c:556:6:GPIO_clear_irq_status	16	static
GPIO.c:581:9:GPIO_get_irq_status	24	static
GPIO.c:611:6:GPIO_clear_interrupt	16	static
GPIO.c:637:6:PORTA_IRQHandler	8	static
GPIO.c:647:6:PORTB_IRQHandler	8	static
GPIO.c:657:6:PORTC_IRQHandler	8	static
GPIO.c:668:6:PORTD_IRQHandler	8	static
GPIO.c:678:6:PORTE_IRQHandler	8	static
